/project/3dllms/melgin/conda/envs/lavis/lib/python3.8/site-packages/transformers/utils/generic.py:311: FutureWarning: `torch.utils._pytree._register_pytree_node` is deprecated. Please use `torch.utils._pytree.register_pytree_node` instead.
  torch.utils._pytree._register_pytree_node(
/project/3dllms/melgin/conda/envs/lavis/lib/python3.8/site-packages/fairscale/experimental/nn/offload.py:19: FutureWarning: `torch.cuda.amp.custom_fwd(args...)` is deprecated. Please use `torch.amp.custom_fwd(args..., device_type='cuda')` instead.
  return torch.cuda.amp.custom_fwd(orig_func)  # type: ignore
/project/3dllms/melgin/conda/envs/lavis/lib/python3.8/site-packages/fairscale/experimental/nn/offload.py:30: FutureWarning: `torch.cuda.amp.custom_bwd(args...)` is deprecated. Please use `torch.amp.custom_bwd(args..., device_type='cuda')` instead.
  return torch.cuda.amp.custom_bwd(orig_func)  # type: ignore
/project/3dllms/melgin/conda/envs/lavis/lib/python3.8/site-packages/huggingface_hub/file_download.py:945: FutureWarning: `resume_download` is deprecated and will be removed in version 1.0.0. Downloads always resume when possible. If you want to force a new download, use `force_download=True`.
  warnings.warn(
/cluster/medbow/project/3dllms/melgin/3D-LLM_for_UPD-3D/unified_pipeline/../3DLLM_BLIP2-base/lavis/models/eva_vit.py:498: FutureWarning: You are using `torch.load` with `weights_only=False` (the current default value), which uses the default pickle module implicitly. It is possible to construct malicious pickle data which will execute arbitrary code during unpickling (See https://github.com/pytorch/pytorch/blob/main/SECURITY.md#untrusted-models for more details). In a future release, the default value for `weights_only` will be flipped to `True`. This limits the functions that could be executed during unpickling. Arbitrary objects will no longer be allowed to be loaded via this mode unless they are explicitly allowlisted by the user via `torch.serialization.add_safe_globals`. We recommend you start setting `weights_only=True` for any use case where you don't have full control of the loaded file. Please open an issue on GitHub for any issues related to this experimental feature.
  state_dict = torch.load(cached_file, map_location="cpu")
Loading checkpoint shards:   0%|          | 0/2 [00:00<?, ?it/s]Loading checkpoint shards:  50%|█████     | 1/2 [00:01<00:01,  1.26s/it]Loading checkpoint shards: 100%|██████████| 2/2 [00:01<00:00,  1.34it/s]Loading checkpoint shards: 100%|██████████| 2/2 [00:01<00:00,  1.22it/s]
/cluster/medbow/project/3dllms/melgin/3D-LLM_for_UPD-3D/unified_pipeline/../3DLLM_BLIP2-base/lavis/models/blip2_models/blip2.py:78: FutureWarning: You are using `torch.load` with `weights_only=False` (the current default value), which uses the default pickle module implicitly. It is possible to construct malicious pickle data which will execute arbitrary code during unpickling (See https://github.com/pytorch/pytorch/blob/main/SECURITY.md#untrusted-models for more details). In a future release, the default value for `weights_only` will be flipped to `True`. This limits the functions that could be executed during unpickling. Arbitrary objects will no longer be allowed to be loaded via this mode unless they are explicitly allowlisted by the user via `torch.serialization.add_safe_globals`. We recommend you start setting `weights_only=True` for any use case where you don't have full control of the loaded file. Please open an issue on GitHub for any issues related to this experimental feature.
  checkpoint = torch.load(cached_file, map_location="cpu")
02_run_inference.py:235: FutureWarning: You are using `torch.load` with `weights_only=False` (the current default value), which uses the default pickle module implicitly. It is possible to construct malicious pickle data which will execute arbitrary code during unpickling (See https://github.com/pytorch/pytorch/blob/main/SECURITY.md#untrusted-models for more details). In a future release, the default value for `weights_only` will be flipped to `True`. This limits the functions that could be executed during unpickling. Arbitrary objects will no longer be allowed to be loaded via this mode unless they are explicitly allowlisted by the user via `torch.serialization.add_safe_globals`. We recommend you start setting `weights_only=True` for any use case where you don't have full control of the loaded file. Please open an issue on GitHub for any issues related to this experimental feature.
  checkpoint = torch.load(args.checkpoint, map_location="cpu")
Processing point clouds:   0%|          | 0/150 [00:00<?, ?it/s]02_run_inference.py:77: FutureWarning: You are using `torch.load` with `weights_only=False` (the current default value), which uses the default pickle module implicitly. It is possible to construct malicious pickle data which will execute arbitrary code during unpickling (See https://github.com/pytorch/pytorch/blob/main/SECURITY.md#untrusted-models for more details). In a future release, the default value for `weights_only` will be flipped to `True`. This limits the functions that could be executed during unpickling. Arbitrary objects will no longer be allowed to be loaded via this mode unless they are explicitly allowlisted by the user via `torch.serialization.add_safe_globals`. We recommend you start setting `weights_only=True` for any use case where you don't have full control of the loaded file. Please open an issue on GitHub for any issues related to this experimental feature.
  features = torch.load(feat_path)  # [N, 1408]
/cluster/medbow/project/3dllms/melgin/3D-LLM_for_UPD-3D/unified_pipeline/../3DLLM_BLIP2-base/lavis/models/blip2_models/blip2_t5.py:278: FutureWarning: `torch.cuda.amp.autocast(args...)` is deprecated. Please use `torch.amp.autocast('cuda', args...)` instead.
  with torch.cuda.amp.autocast(enabled=(self.device != torch.device("cpu")), dtype=torch.float32):
/cluster/medbow/project/3dllms/melgin/3D-LLM_for_UPD-3D/unified_pipeline/../3DLLM_BLIP2-base/lavis/models/blip2_models/blip2_t5.py:281: FutureWarning: `torch.cuda.amp.autocast(args...)` is deprecated. Please use `torch.amp.autocast('cuda', args...)` instead.
  with torch.cuda.amp.autocast(dtype=torch.float32):
/cluster/medbow/project/3dllms/melgin/3D-LLM_for_UPD-3D/unified_pipeline/../3DLLM_BLIP2-base/lavis/models/blip2_models/blip2_t5.py:322: FutureWarning: `torch.cuda.amp.autocast(args...)` is deprecated. Please use `torch.amp.autocast('cuda', args...)` instead.
  with torch.cuda.amp.autocast(enabled=(self.device != torch.device("cpu")), dtype=torch.float32):
/project/3dllms/melgin/conda/envs/lavis/lib/python3.8/site-packages/transformers/generation/configuration_utils.py:418: UserWarning: `num_beams` is set to 1. However, `length_penalty` is set to `1.2` -- this flag is only used in beam-based generation modes. You should set `num_beams>1` or unset `length_penalty`.
  warnings.warn(
Processing point clouds:   1%|          | 1/150 [00:01<04:49,  1.95s/it]Processing point clouds:   1%|▏         | 2/150 [00:03<04:27,  1.81s/it]Processing point clouds:   2%|▏         | 3/150 [00:05<04:16,  1.75s/it]Processing point clouds:   3%|▎         | 4/150 [00:07<04:16,  1.75s/it]Processing point clouds:   3%|▎         | 5/150 [00:08<04:10,  1.73s/it]Processing point clouds:   4%|▍         | 6/150 [00:10<04:07,  1.72s/it]Processing point clouds:   5%|▍         | 7/150 [00:12<04:12,  1.77s/it]Processing point clouds:   5%|▌         | 8/150 [00:13<04:03,  1.72s/it][2025-12-06T15:33:32.603] error: *** JOB 48625031 ON mbl40s-001 CANCELLED AT 2025-12-06T15:33:32 DUE to SIGNAL Terminated ***
