==========================================
3D-FRONT Preprocessing - Array Job 20
==========================================
Job ID: 44230859
Array Task ID: 20
Node: mbl40s-003
Start time: Wed Oct  8 16:50:06 MDT 2025

Python: /project/3dllms/melgin/conda/envs/lavis/bin/python
Conda env: lavis

NVIDIA L40S, 46068 MiB, 45469 MiB

Processing point clouds 1980 to 2078
Estimated count: 99

======================================================================
3D-FRONT Preprocessing - Array Job 20
======================================================================
Job ID: 44230859
Array Task ID: 20
Node: mbl40s-003
Start time: Wed Oct  8 16:50:17 MDT 2025

Python: /project/3dllms/melgin/conda/envs/lavis/bin/python3
Conda env: lavis

NVIDIA L40S, 45468 MiB, 45036 MiB

Processing point clouds 1980 to 2078
Estimated count: 99

Loading BLIP2 model...
Model loaded successfully!

  Format: 3D-FRONT (double xyz, double normals, uchar RGB)
  Vertices: 643,425
  Vertex size: 51 bytes

Processing: ea5eb904-675c-4ca8-a2e4-dd042ce31d04@MasterBedroom-217443
  PLY: /cluster/medbow/project/3dllms/melgin/datasets/3d-grand_unzipped/3D-FRONT/ea5eb904-675c-4ca8-a2e4-dd042ce31d04/MasterBedroom-217443/MasterBedroom-217443.ply
  Vertices: 643,425
  Format: 3D-FRONT (double xyz, double normals, uchar RGB)
  Vertices: 643,425
  Vertex size: 51 bytes
  ✓ Success
  Format: 3D-FRONT (double xyz, double normals, uchar RGB)
  Vertices: 782,992
  Vertex size: 51 bytes

Processing: ea5eb904-675c-4ca8-a2e4-dd042ce31d04@SecondBedroom-217418
  PLY: /cluster/medbow/project/3dllms/melgin/datasets/3d-grand_unzipped/3D-FRONT/ea5eb904-675c-4ca8-a2e4-dd042ce31d04/SecondBedroom-217418/SecondBedroom-217418.ply
  Vertices: 782,992
  Format: 3D-FRONT (double xyz, double normals, uchar RGB)
  Vertices: 782,992
  Vertex size: 51 bytes
  ✓ Success
  Format: 3D-FRONT (double xyz, double normals, uchar RGB)
  Vertices: 140,600
  Vertex size: 51 bytes

Processing: ea74c6b6-9d8b-46bb-bea4-b08ecce7e2a7@KidsRoom-895
  PLY: /cluster/medbow/project/3dllms/melgin/datasets/3d-grand_unzipped/3D-FRONT/ea74c6b6-9d8b-46bb-bea4-b08ecce7e2a7/KidsRoom-895/KidsRoom-895.ply
  Vertices: 140,600
  Format: 3D-FRONT (double xyz, double normals, uchar RGB)
  Vertices: 140,600
  Vertex size: 51 bytes
  ✓ Success
  Format: 3D-FRONT (double xyz, double normals, uchar RGB)
  Vertices: 1,340,390
  Vertex size: 51 bytes

Processing: ea74c6b6-9d8b-46bb-bea4-b08ecce7e2a7@LivingDiningRoom-5341
  PLY: /cluster/medbow/project/3dllms/melgin/datasets/3d-grand_unzipped/3D-FRONT/ea74c6b6-9d8b-46bb-bea4-b08ecce7e2a7/LivingDiningRoom-5341/LivingDiningRoom-5341.ply
  Vertices: 1,340,390
  Format: 3D-FRONT (double xyz, double normals, uchar RGB)
  Vertices: 1,340,390
  Vertex size: 51 bytes
  ✓ Success
  Format: 3D-FRONT (double xyz, double normals, uchar RGB)
  Vertices: 457,012
  Vertex size: 51 bytes

Processing: ea74c6b6-9d8b-46bb-bea4-b08ecce7e2a7@MasterBedroom-2243
  PLY: /cluster/medbow/project/3dllms/melgin/datasets/3d-grand_unzipped/3D-FRONT/ea74c6b6-9d8b-46bb-bea4-b08ecce7e2a7/MasterBedroom-2243/MasterBedroom-2243.ply
  Vertices: 457,012
  Format: 3D-FRONT (double xyz, double normals, uchar RGB)
  Vertices: 457,012
  Vertex size: 51 bytes
  ✓ Success
  Format: 3D-FRONT (double xyz, double normals, uchar RGB)
  Vertices: 159,790
  Vertex size: 51 bytes

Processing: ea74c6b6-9d8b-46bb-bea4-b08ecce7e2a7@SecondBedroom-1541
  PLY: /cluster/medbow/project/3dllms/melgin/datasets/3d-grand_unzipped/3D-FRONT/ea74c6b6-9d8b-46bb-bea4-b08ecce7e2a7/SecondBedroom-1541/SecondBedroom-1541.ply
  Vertices: 159,790
  Format: 3D-FRONT (double xyz, double normals, uchar RGB)
  Vertices: 159,790
  Vertex size: 51 bytes
  ✓ Success
  Format: 3D-FRONT (double xyz, double normals, uchar RGB)
  Vertices: 1,598,583
  Vertex size: 51 bytes

Processing: ea8d34f9-317b-418e-b859-48e61ce1429f@LivingDiningRoom-25651
  PLY: /cluster/medbow/project/3dllms/melgin/datasets/3d-grand_unzipped/3D-FRONT/ea8d34f9-317b-418e-b859-48e61ce1429f/LivingDiningRoom-25651/LivingDiningRoom-25651.ply
  Vertices: 1,598,583
  Format: 3D-FRONT (double xyz, double normals, uchar RGB)
  Vertices: 1,598,583
  Vertex size: 51 bytes
  ✓ Success
  Format: 3D-FRONT (double xyz, double normals, uchar RGB)
  Vertices: 11,623
  Vertex size: 51 bytes

Processing: ea8d34f9-317b-418e-b859-48e61ce1429f@MasterBedroom-42813
  PLY: /cluster/medbow/project/3dllms/melgin/datasets/3d-grand_unzipped/3D-FRONT/ea8d34f9-317b-418e-b859-48e61ce1429f/MasterBedroom-42813/MasterBedroom-42813.ply
  Vertices: 11,623
  Format: 3D-FRONT (double xyz, double normals, uchar RGB)
  Vertices: 11,623
  Vertex size: 51 bytes
  ✓ Success
  Format: 3D-FRONT (double xyz, double normals, uchar RGB)
  Vertices: 192,723
  Vertex size: 51 bytes

Processing: ea8d34f9-317b-418e-b859-48e61ce1429f@SecondBedroom-31677
  PLY: /cluster/medbow/project/3dllms/melgin/datasets/3d-grand_unzipped/3D-FRONT/ea8d34f9-317b-418e-b859-48e61ce1429f/SecondBedroom-31677/SecondBedroom-31677.ply
  Vertices: 192,723
  Format: 3D-FRONT (double xyz, double normals, uchar RGB)
  Vertices: 192,723
  Vertex size: 51 bytes
  ✓ Success
  Format: 3D-FRONT (double xyz, double normals, uchar RGB)
  Vertices: 1,358,837
  Vertex size: 51 bytes

Processing: eacc4d8b-cd14-48ac-a8c2-5d8e88c64938@LivingRoom-5831
  PLY: /cluster/medbow/project/3dllms/melgin/datasets/3d-grand_unzipped/3D-FRONT/eacc4d8b-cd14-48ac-a8c2-5d8e88c64938/LivingRoom-5831/LivingRoom-5831.ply
  Vertices: 1,358,837
  Format: 3D-FRONT (double xyz, double normals, uchar RGB)
  Vertices: 1,358,837
  Vertex size: 51 bytes
  ✓ Success
  Format: 3D-FRONT (double xyz, double normals, uchar RGB)
  Vertices: 1,419,837
  Vertex size: 51 bytes

Processing: eadbefb4-5962-4aea-838c-15591fa851c3@LivingDiningRoom-28130
  PLY: /cluster/medbow/project/3dllms/melgin/datasets/3d-grand_unzipped/3D-FRONT/eadbefb4-5962-4aea-838c-15591fa851c3/LivingDiningRoom-28130/LivingDiningRoom-28130.ply
  Vertices: 1,419,837
  Format: 3D-FRONT (double xyz, double normals, uchar RGB)
  Vertices: 1,419,837
  Vertex size: 51 bytes
  ✓ Success
  Format: 3D-FRONT (double xyz, double normals, uchar RGB)
  Vertices: 528,764
  Vertex size: 51 bytes

Processing: eadbefb4-5962-4aea-838c-15591fa851c3@MasterBedroom-26128
  PLY: /cluster/medbow/project/3dllms/melgin/datasets/3d-grand_unzipped/3D-FRONT/eadbefb4-5962-4aea-838c-15591fa851c3/MasterBedroom-26128/MasterBedroom-26128.ply
  Vertices: 528,764
  Format: 3D-FRONT (double xyz, double normals, uchar RGB)
  Vertices: 528,764
  Vertex size: 51 bytes
  ✓ Success
  Format: 3D-FRONT (double xyz, double normals, uchar RGB)
  Vertices: 541,835
  Vertex size: 51 bytes

Processing: eadbefb4-5962-4aea-838c-15591fa851c3@SecondBedroom-26399
  PLY: /cluster/medbow/project/3dllms/melgin/datasets/3d-grand_unzipped/3D-FRONT/eadbefb4-5962-4aea-838c-15591fa851c3/SecondBedroom-26399/SecondBedroom-26399.ply
  Vertices: 541,835
  Format: 3D-FRONT (double xyz, double normals, uchar RGB)
  Vertices: 541,835
  Vertex size: 51 bytes
  ✓ Success
  Format: 3D-FRONT (double xyz, double normals, uchar RGB)
  Vertices: 1,355,792
  Vertex size: 51 bytes

Processing: eafd826b-cd4d-4ecc-ad0e-56b3b2a461b8@LivingDiningRoom-51763
  PLY: /cluster/medbow/project/3dllms/melgin/datasets/3d-grand_unzipped/3D-FRONT/eafd826b-cd4d-4ecc-ad0e-56b3b2a461b8/LivingDiningRoom-51763/LivingDiningRoom-51763.ply
  Vertices: 1,355,792
  Format: 3D-FRONT (double xyz, double normals, uchar RGB)
  Vertices: 1,355,792
  Vertex size: 51 bytes
  ✓ Success
  Format: 3D-FRONT (double xyz, double normals, uchar RGB)
  Vertices: 556,762
  Vertex size: 51 bytes

Processing: eafd826b-cd4d-4ecc-ad0e-56b3b2a461b8@MasterBedroom-51732
  PLY: /cluster/medbow/project/3dllms/melgin/datasets/3d-grand_unzipped/3D-FRONT/eafd826b-cd4d-4ecc-ad0e-56b3b2a461b8/MasterBedroom-51732/MasterBedroom-51732.ply
  Vertices: 556,762
  Format: 3D-FRONT (double xyz, double normals, uchar RGB)
  Vertices: 556,762
  Vertex size: 51 bytes
  ✓ Success
  Format: 3D-FRONT (double xyz, double normals, uchar RGB)
  Vertices: 554,433
  Vertex size: 51 bytes

Processing: eafd826b-cd4d-4ecc-ad0e-56b3b2a461b8@SecondBedroom-51694
  PLY: /cluster/medbow/project/3dllms/melgin/datasets/3d-grand_unzipped/3D-FRONT/eafd826b-cd4d-4ecc-ad0e-56b3b2a461b8/SecondBedroom-51694/SecondBedroom-51694.ply
  Vertices: 554,433
  Format: 3D-FRONT (double xyz, double normals, uchar RGB)
  Vertices: 554,433
  Vertex size: 51 bytes
  ✓ Success
  Format: 3D-FRONT (double xyz, double normals, uchar RGB)
  Vertices: 682,744
  Vertex size: 51 bytes

Processing: eb1f5725-ab22-470d-b345-cca532813d98@MasterBedroom-25667
  PLY: /cluster/medbow/project/3dllms/melgin/datasets/3d-grand_unzipped/3D-FRONT/eb1f5725-ab22-470d-b345-cca532813d98/MasterBedroom-25667/MasterBedroom-25667.ply
  Vertices: 682,744
  Format: 3D-FRONT (double xyz, double normals, uchar RGB)
  Vertices: 682,744
  Vertex size: 51 bytes
  ✓ Success
  Format: 3D-FRONT (double xyz, double normals, uchar RGB)
  Vertices: 581,822
  Vertex size: 51 bytes

Processing: eb1f5725-ab22-470d-b345-cca532813d98@SecondBedroom-25551
  PLY: /cluster/medbow/project/3dllms/melgin/datasets/3d-grand_unzipped/3D-FRONT/eb1f5725-ab22-470d-b345-cca532813d98/SecondBedroom-25551/SecondBedroom-25551.ply
  Vertices: 581,822
  Format: 3D-FRONT (double xyz, double normals, uchar RGB)
  Vertices: 581,822
  Vertex size: 51 bytes
  ✓ Success
  Format: 3D-FRONT (double xyz, double normals, uchar RGB)
  Vertices: 10,772
  Vertex size: 51 bytes

Processing: eb254b92-dba1-4c7a-91d8-dd32bc39d279@Library-4425
  PLY: /cluster/medbow/project/3dllms/melgin/datasets/3d-grand_unzipped/3D-FRONT/eb254b92-dba1-4c7a-91d8-dd32bc39d279/Library-4425/Library-4425.ply
  Vertices: 10,772
  Format: 3D-FRONT (double xyz, double normals, uchar RGB)
  Vertices: 10,772
  Vertex size: 51 bytes
  ✓ Success
  Format: 3D-FRONT (double xyz, double normals, uchar RGB)
  Vertices: 1,204,682
  Vertex size: 51 bytes

Processing: eb254b92-dba1-4c7a-91d8-dd32bc39d279@LivingDiningRoom-15484
  PLY: /cluster/medbow/project/3dllms/melgin/datasets/3d-grand_unzipped/3D-FRONT/eb254b92-dba1-4c7a-91d8-dd32bc39d279/LivingDiningRoom-15484/LivingDiningRoom-15484.ply
  Vertices: 1,204,682
  Format: 3D-FRONT (double xyz, double normals, uchar RGB)
  Vertices: 1,204,682
  Vertex size: 51 bytes
  ✓ Success
  Format: 3D-FRONT (double xyz, double normals, uchar RGB)
  Vertices: 512,930
  Vertex size: 51 bytes

Processing: eb254b92-dba1-4c7a-91d8-dd32bc39d279@MasterBedroom-5863
  PLY: /cluster/medbow/project/3dllms/melgin/datasets/3d-grand_unzipped/3D-FRONT/eb254b92-dba1-4c7a-91d8-dd32bc39d279/MasterBedroom-5863/MasterBedroom-5863.ply
  Vertices: 512,930
  Format: 3D-FRONT (double xyz, double normals, uchar RGB)
  Vertices: 512,930
  Vertex size: 51 bytes
  ✓ Success
  Format: 3D-FRONT (double xyz, double normals, uchar RGB)
  Vertices: 416,411
  Vertex size: 51 bytes

Processing: eb254b92-dba1-4c7a-91d8-dd32bc39d279@SecondBedroom-7177
  PLY: /cluster/medbow/project/3dllms/melgin/datasets/3d-grand_unzipped/3D-FRONT/eb254b92-dba1-4c7a-91d8-dd32bc39d279/SecondBedroom-7177/SecondBedroom-7177.ply
  Vertices: 416,411
  Format: 3D-FRONT (double xyz, double normals, uchar RGB)
  Vertices: 416,411
  Vertex size: 51 bytes
  ✓ Success
  Format: 3D-FRONT (double xyz, double normals, uchar RGB)
  Vertices: 714,593
  Vertex size: 51 bytes

Processing: eb361c37-0d3a-4e23-bd54-8d54a66c8c1f@DiningRoom-1758
  PLY: /cluster/medbow/project/3dllms/melgin/datasets/3d-grand_unzipped/3D-FRONT/eb361c37-0d3a-4e23-bd54-8d54a66c8c1f/DiningRoom-1758/DiningRoom-1758.ply
  Vertices: 714,593
  Format: 3D-FRONT (double xyz, double normals, uchar RGB)
  Vertices: 714,593
  Vertex size: 51 bytes
  ✓ Success
  Format: 3D-FRONT (double xyz, double normals, uchar RGB)
  Vertices: 1,113,600
  Vertex size: 51 bytes

Processing: eb361c37-0d3a-4e23-bd54-8d54a66c8c1f@LivingRoom-1087
  PLY: /cluster/medbow/project/3dllms/melgin/datasets/3d-grand_unzipped/3D-FRONT/eb361c37-0d3a-4e23-bd54-8d54a66c8c1f/LivingRoom-1087/LivingRoom-1087.ply
  Vertices: 1,113,600
  Format: 3D-FRONT (double xyz, double normals, uchar RGB)
  Vertices: 1,113,600
  Vertex size: 51 bytes
  ✓ Success
  Format: 3D-FRONT (double xyz, double normals, uchar RGB)
  Vertices: 763,665
  Vertex size: 51 bytes

Processing: eb361c37-0d3a-4e23-bd54-8d54a66c8c1f@MasterBedroom-2341
  PLY: /cluster/medbow/project/3dllms/melgin/datasets/3d-grand_unzipped/3D-FRONT/eb361c37-0d3a-4e23-bd54-8d54a66c8c1f/MasterBedroom-2341/MasterBedroom-2341.ply
  Vertices: 763,665
  Format: 3D-FRONT (double xyz, double normals, uchar RGB)
  Vertices: 763,665
  Vertex size: 51 bytes
  ✓ Success
  Format: 3D-FRONT (double xyz, double normals, uchar RGB)
  Vertices: 990,530
  Vertex size: 51 bytes

Processing: eb361c37-0d3a-4e23-bd54-8d54a66c8c1f@SecondBedroom-515
  PLY: /cluster/medbow/project/3dllms/melgin/datasets/3d-grand_unzipped/3D-FRONT/eb361c37-0d3a-4e23-bd54-8d54a66c8c1f/SecondBedroom-515/SecondBedroom-515.ply
  Vertices: 990,530
  Format: 3D-FRONT (double xyz, double normals, uchar RGB)
  Vertices: 990,530
  Vertex size: 51 bytes
  ✓ Success
  Format: 3D-FRONT (double xyz, double normals, uchar RGB)
  Vertices: 1,356,250
  Vertex size: 51 bytes

Processing: eb4a0c67-758b-4f7a-b1a8-a339d8545e78@LivingDiningRoom-5549
  PLY: /cluster/medbow/project/3dllms/melgin/datasets/3d-grand_unzipped/3D-FRONT/eb4a0c67-758b-4f7a-b1a8-a339d8545e78/LivingDiningRoom-5549/LivingDiningRoom-5549.ply
  Vertices: 1,356,250
  Format: 3D-FRONT (double xyz, double normals, uchar RGB)
  Vertices: 1,356,250
  Vertex size: 51 bytes
  ✓ Success
  Format: 3D-FRONT (double xyz, double normals, uchar RGB)
  Vertices: 1,114,144
  Vertex size: 51 bytes

Processing: eb628f9a-4c68-490a-97bb-a99e0c838fea@LivingRoom-5831
  PLY: /cluster/medbow/project/3dllms/melgin/datasets/3d-grand_unzipped/3D-FRONT/eb628f9a-4c68-490a-97bb-a99e0c838fea/LivingRoom-5831/LivingRoom-5831.ply
  Vertices: 1,114,144
  Format: 3D-FRONT (double xyz, double normals, uchar RGB)
  Vertices: 1,114,144
  Vertex size: 51 bytes
  ✓ Success
  Format: 3D-FRONT (double xyz, double normals, uchar RGB)
  Vertices: 456,007
  Vertex size: 51 bytes

Processing: eb6337ce-c9e6-4bbb-b3ab-c8fe559962b2@Bedroom-2364
  PLY: /cluster/medbow/project/3dllms/melgin/datasets/3d-grand_unzipped/3D-FRONT/eb6337ce-c9e6-4bbb-b3ab-c8fe559962b2/Bedroom-2364/Bedroom-2364.ply
  Vertices: 456,007
  Format: 3D-FRONT (double xyz, double normals, uchar RGB)
  Vertices: 456,007
  Vertex size: 51 bytes
  ✓ Success
  Format: 3D-FRONT (double xyz, double normals, uchar RGB)
  Vertices: 515,917
  Vertex size: 51 bytes

Processing: eb6337ce-c9e6-4bbb-b3ab-c8fe559962b2@Bedroom-72527
  PLY: /cluster/medbow/project/3dllms/melgin/datasets/3d-grand_unzipped/3D-FRONT/eb6337ce-c9e6-4bbb-b3ab-c8fe559962b2/Bedroom-72527/Bedroom-72527.ply
  Vertices: 515,917
  Format: 3D-FRONT (double xyz, double normals, uchar RGB)
  Vertices: 515,917
  Vertex size: 51 bytes
  ✓ Success
  Format: 3D-FRONT (double xyz, double normals, uchar RGB)
  Vertices: 946,414
  Vertex size: 51 bytes

Processing: eb6337ce-c9e6-4bbb-b3ab-c8fe559962b2@Bedroom-77232
  PLY: /cluster/medbow/project/3dllms/melgin/datasets/3d-grand_unzipped/3D-FRONT/eb6337ce-c9e6-4bbb-b3ab-c8fe559962b2/Bedroom-77232/Bedroom-77232.ply
  Vertices: 946,414
  Format: 3D-FRONT (double xyz, double normals, uchar RGB)
  Vertices: 946,414
  Vertex size: 51 bytes
  ✓ Success
  Format: 3D-FRONT (double xyz, double normals, uchar RGB)
  Vertices: 620,650
  Vertex size: 51 bytes

Processing: eb6337ce-c9e6-4bbb-b3ab-c8fe559962b2@Bedroom-80398
  PLY: /cluster/medbow/project/3dllms/melgin/datasets/3d-grand_unzipped/3D-FRONT/eb6337ce-c9e6-4bbb-b3ab-c8fe559962b2/Bedroom-80398/Bedroom-80398.ply
  Vertices: 620,650
  Format: 3D-FRONT (double xyz, double normals, uchar RGB)
  Vertices: 620,650
  Vertex size: 51 bytes
  ✓ Success
  Format: 3D-FRONT (double xyz, double normals, uchar RGB)
  Vertices: 1,713,194
  Vertex size: 51 bytes

Processing: e6ed3b21-a4dc-4a3c-9115-0040a3ab2082@OtherRoom-65905
  PLY: /cluster/medbow/project/3dllms/melgin/datasets/3d-grand_unzipped/3D-FRONT/e6ed3b21-a4dc-4a3c-9115-0040a3ab2082/OtherRoom-65905/OtherRoom-65905.ply
  Vertices: 1,713,194
  Format: 3D-FRONT (double xyz, double normals, uchar RGB)
  Vertices: 1,713,194
  Vertex size: 51 bytes
  ✓ Success
  Format: 3D-FRONT (double xyz, double normals, uchar RGB)
  Vertices: 155,400
  Vertex size: 51 bytes

Processing: eb8290ae-8836-466e-9e95-faa1ae3958c9@Library-9348
  PLY: /cluster/medbow/project/3dllms/melgin/datasets/3d-grand_unzipped/3D-FRONT/eb8290ae-8836-466e-9e95-faa1ae3958c9/Library-9348/Library-9348.ply
  Vertices: 155,400
  Format: 3D-FRONT (double xyz, double normals, uchar RGB)
  Vertices: 155,400
  Vertex size: 51 bytes
  ✓ Success
  Format: 3D-FRONT (double xyz, double normals, uchar RGB)
  Vertices: 1,158,724
  Vertex size: 51 bytes

Processing: eb8290ae-8836-466e-9e95-faa1ae3958c9@LivingDiningRoom-21484
  PLY: /cluster/medbow/project/3dllms/melgin/datasets/3d-grand_unzipped/3D-FRONT/eb8290ae-8836-466e-9e95-faa1ae3958c9/LivingDiningRoom-21484/LivingDiningRoom-21484.ply
  Vertices: 1,158,724
  Format: 3D-FRONT (double xyz, double normals, uchar RGB)
  Vertices: 1,158,724
  Vertex size: 51 bytes
  ✓ Success
  Format: 3D-FRONT (double xyz, double normals, uchar RGB)
  Vertices: 454,244
  Vertex size: 51 bytes

Processing: eb8290ae-8836-466e-9e95-faa1ae3958c9@MasterBedroom-15985
  PLY: /cluster/medbow/project/3dllms/melgin/datasets/3d-grand_unzipped/3D-FRONT/eb8290ae-8836-466e-9e95-faa1ae3958c9/MasterBedroom-15985/MasterBedroom-15985.ply
  Vertices: 454,244
  Format: 3D-FRONT (double xyz, double normals, uchar RGB)
  Vertices: 454,244
  Vertex size: 51 bytes
  ✓ Success
  Format: 3D-FRONT (double xyz, double normals, uchar RGB)
  Vertices: 309,063
  Vertex size: 51 bytes

Processing: eb8290ae-8836-466e-9e95-faa1ae3958c9@SecondBedroom-8463
  PLY: /cluster/medbow/project/3dllms/melgin/datasets/3d-grand_unzipped/3D-FRONT/eb8290ae-8836-466e-9e95-faa1ae3958c9/SecondBedroom-8463/SecondBedroom-8463.ply
  Vertices: 309,063
  Format: 3D-FRONT (double xyz, double normals, uchar RGB)
  Vertices: 309,063
  Vertex size: 51 bytes
  ✓ Success
  Format: 3D-FRONT (double xyz, double normals, uchar RGB)
  Vertices: 740,490
  Vertex size: 51 bytes

Processing: eb847b30-d554-4486-a819-fe75f207aad3@Bedroom-13201
  PLY: /cluster/medbow/project/3dllms/melgin/datasets/3d-grand_unzipped/3D-FRONT/eb847b30-d554-4486-a819-fe75f207aad3/Bedroom-13201/Bedroom-13201.ply
  Vertices: 740,490
  Format: 3D-FRONT (double xyz, double normals, uchar RGB)
  Vertices: 740,490
  Vertex size: 51 bytes
  ✓ Success
  Format: 3D-FRONT (double xyz, double normals, uchar RGB)
  Vertices: 82,375
  Vertex size: 51 bytes

Processing: 26018cad-b5fe-42cb-9032-9e5a14b45c55@Hallway-22901
  PLY: /cluster/medbow/project/3dllms/melgin/datasets/3d-grand_unzipped/3D-FRONT/26018cad-b5fe-42cb-9032-9e5a14b45c55/Hallway-22901/Hallway-22901.ply
  Vertices: 82,375
  Format: 3D-FRONT (double xyz, double normals, uchar RGB)
  Vertices: 82,375
  Vertex size: 51 bytes
  ✓ Success
  Format: 3D-FRONT (double xyz, double normals, uchar RGB)
  Vertices: 1,285,128
  Vertex size: 51 bytes

Processing: eb847b30-d554-4486-a819-fe75f207aad3@LivingDiningRoom-13173
  PLY: /cluster/medbow/project/3dllms/melgin/datasets/3d-grand_unzipped/3D-FRONT/eb847b30-d554-4486-a819-fe75f207aad3/LivingDiningRoom-13173/LivingDiningRoom-13173.ply
  Vertices: 1,285,128
  Format: 3D-FRONT (double xyz, double normals, uchar RGB)
  Vertices: 1,285,128
  Vertex size: 51 bytes
  ✓ Success
  Format: 3D-FRONT (double xyz, double normals, uchar RGB)
  Vertices: 1,151,163
  Vertex size: 51 bytes

Processing: 20c7cedd-3f8d-455d-b043-ccdabac8f3c7@LivingRoom-5831
  PLY: /cluster/medbow/project/3dllms/melgin/datasets/3d-grand_unzipped/3D-FRONT/20c7cedd-3f8d-455d-b043-ccdabac8f3c7/LivingRoom-5831/LivingRoom-5831.ply
  Vertices: 1,151,163
  Format: 3D-FRONT (double xyz, double normals, uchar RGB)
  Vertices: 1,151,163
  Vertex size: 51 bytes
  ✓ Success
  Format: 3D-FRONT (double xyz, double normals, uchar RGB)
  Vertices: 749,297
  Vertex size: 51 bytes

Processing: eb94058d-4723-463c-87f8-06ff568822fe@MasterBedroom-23485
  PLY: /cluster/medbow/project/3dllms/melgin/datasets/3d-grand_unzipped/3D-FRONT/eb94058d-4723-463c-87f8-06ff568822fe/MasterBedroom-23485/MasterBedroom-23485.ply
  Vertices: 749,297
  Format: 3D-FRONT (double xyz, double normals, uchar RGB)
  Vertices: 749,297
  Vertex size: 51 bytes
  ✓ Success
  Format: 3D-FRONT (double xyz, double normals, uchar RGB)
  Vertices: 603,477
  Vertex size: 51 bytes

Processing: ebba4827-049b-4729-bbd9-c427d881582e@Bedroom-1184
  PLY: /cluster/medbow/project/3dllms/melgin/datasets/3d-grand_unzipped/3D-FRONT/ebba4827-049b-4729-bbd9-c427d881582e/Bedroom-1184/Bedroom-1184.ply
  Vertices: 603,477
  Format: 3D-FRONT (double xyz, double normals, uchar RGB)
  Vertices: 603,477
  Vertex size: 51 bytes
  ✓ Success
  Format: 3D-FRONT (double xyz, double normals, uchar RGB)
  Vertices: 540,130
  Vertex size: 51 bytes

Processing: ebba4827-049b-4729-bbd9-c427d881582e@DiningRoom-56998
  PLY: /cluster/medbow/project/3dllms/melgin/datasets/3d-grand_unzipped/3D-FRONT/ebba4827-049b-4729-bbd9-c427d881582e/DiningRoom-56998/DiningRoom-56998.ply
  Vertices: 540,130
  Format: 3D-FRONT (double xyz, double normals, uchar RGB)
  Vertices: 540,130
  Vertex size: 51 bytes
  ✓ Success
  Format: 3D-FRONT (double xyz, double normals, uchar RGB)
  Vertices: 2,083,168
  Vertex size: 51 bytes

Processing: ebba4827-049b-4729-bbd9-c427d881582e@LivingRoom-4652
  PLY: /cluster/medbow/project/3dllms/melgin/datasets/3d-grand_unzipped/3D-FRONT/ebba4827-049b-4729-bbd9-c427d881582e/LivingRoom-4652/LivingRoom-4652.ply
  Vertices: 2,083,168
  Format: 3D-FRONT (double xyz, double normals, uchar RGB)
  Vertices: 2,083,168
  Vertex size: 51 bytes
  ✓ Success
  Format: 3D-FRONT (double xyz, double normals, uchar RGB)
  Vertices: 393,082
  Vertex size: 51 bytes

Processing: ebd41253-638e-4273-80b7-971625b5144a@ElderlyRoom-24789
  PLY: /cluster/medbow/project/3dllms/melgin/datasets/3d-grand_unzipped/3D-FRONT/ebd41253-638e-4273-80b7-971625b5144a/ElderlyRoom-24789/ElderlyRoom-24789.ply
  Vertices: 393,082
  Format: 3D-FRONT (double xyz, double normals, uchar RGB)
  Vertices: 393,082
  Vertex size: 51 bytes
  ✓ Success
  Format: 3D-FRONT (double xyz, double normals, uchar RGB)
  Vertices: 432,124
  Vertex size: 51 bytes

Processing: ebd41253-638e-4273-80b7-971625b5144a@KidsRoom-19967
  PLY: /cluster/medbow/project/3dllms/melgin/datasets/3d-grand_unzipped/3D-FRONT/ebd41253-638e-4273-80b7-971625b5144a/KidsRoom-19967/KidsRoom-19967.ply
  Vertices: 432,124
  Format: 3D-FRONT (double xyz, double normals, uchar RGB)
  Vertices: 432,124
  Vertex size: 51 bytes
  ✓ Success
  Format: 3D-FRONT (double xyz, double normals, uchar RGB)
  Vertices: 1,260,278
  Vertex size: 51 bytes

Processing: ebd41253-638e-4273-80b7-971625b5144a@LivingDiningRoom-35729
  PLY: /cluster/medbow/project/3dllms/melgin/datasets/3d-grand_unzipped/3D-FRONT/ebd41253-638e-4273-80b7-971625b5144a/LivingDiningRoom-35729/LivingDiningRoom-35729.ply
  Vertices: 1,260,278
  Format: 3D-FRONT (double xyz, double normals, uchar RGB)
  Vertices: 1,260,278
  Vertex size: 51 bytes
  ✓ Success
  Format: 3D-FRONT (double xyz, double normals, uchar RGB)
  Vertices: 751,133
  Vertex size: 51 bytes

Processing: ebd41253-638e-4273-80b7-971625b5144a@MasterBedroom-19948
  PLY: /cluster/medbow/project/3dllms/melgin/datasets/3d-grand_unzipped/3D-FRONT/ebd41253-638e-4273-80b7-971625b5144a/MasterBedroom-19948/MasterBedroom-19948.ply
  Vertices: 751,133
  Format: 3D-FRONT (double xyz, double normals, uchar RGB)
  Vertices: 751,133
  Vertex size: 51 bytes
  ✓ Success
  Format: 3D-FRONT (double xyz, double normals, uchar RGB)
  Vertices: 218,495
  Vertex size: 51 bytes

Processing: ebd41253-638e-4273-80b7-971625b5144a@SecondBedroom-32722
  PLY: /cluster/medbow/project/3dllms/melgin/datasets/3d-grand_unzipped/3D-FRONT/ebd41253-638e-4273-80b7-971625b5144a/SecondBedroom-32722/SecondBedroom-32722.ply
  Vertices: 218,495
  Format: 3D-FRONT (double xyz, double normals, uchar RGB)
  Vertices: 218,495
  Vertex size: 51 bytes
  ✓ Success
  Format: 3D-FRONT (double xyz, double normals, uchar RGB)
  Vertices: 807,890
  Vertex size: 51 bytes

Processing: ebda7243-122f-4871-9534-bbd101cbb99d@LivingRoom-23802
  PLY: /cluster/medbow/project/3dllms/melgin/datasets/3d-grand_unzipped/3D-FRONT/ebda7243-122f-4871-9534-bbd101cbb99d/LivingRoom-23802/LivingRoom-23802.ply
  Vertices: 807,890
  Format: 3D-FRONT (double xyz, double normals, uchar RGB)
  Vertices: 807,890
  Vertex size: 51 bytes
  ✓ Success
  Format: 3D-FRONT (double xyz, double normals, uchar RGB)
  Vertices: 1,398,916
  Vertex size: 51 bytes

Processing: ebda7243-122f-4871-9534-bbd101cbb99d@LivingRoom-4576
  PLY: /cluster/medbow/project/3dllms/melgin/datasets/3d-grand_unzipped/3D-FRONT/ebda7243-122f-4871-9534-bbd101cbb99d/LivingRoom-4576/LivingRoom-4576.ply
  Vertices: 1,398,916
  Format: 3D-FRONT (double xyz, double normals, uchar RGB)
  Vertices: 1,398,916
  Vertex size: 51 bytes
  ✓ Success
  Format: 3D-FRONT (double xyz, double normals, uchar RGB)
  Vertices: 1,028,219
  Vertex size: 51 bytes

Processing: ebda7243-122f-4871-9534-bbd101cbb99d@LivingRoom-515
  PLY: /cluster/medbow/project/3dllms/melgin/datasets/3d-grand_unzipped/3D-FRONT/ebda7243-122f-4871-9534-bbd101cbb99d/LivingRoom-515/LivingRoom-515.ply
  Vertices: 1,028,219
  Format: 3D-FRONT (double xyz, double normals, uchar RGB)
  Vertices: 1,028,219
  Vertex size: 51 bytes
  ✓ Success
  Format: 3D-FRONT (double xyz, double normals, uchar RGB)
  Vertices: 230,116
  Vertex size: 51 bytes

Processing: ebead38b-ebb9-4569-a92f-f71668596b7c@Library-9209
  PLY: /cluster/medbow/project/3dllms/melgin/datasets/3d-grand_unzipped/3D-FRONT/ebead38b-ebb9-4569-a92f-f71668596b7c/Library-9209/Library-9209.ply
  Vertices: 230,116
  Format: 3D-FRONT (double xyz, double normals, uchar RGB)
  Vertices: 230,116
  Vertex size: 51 bytes
  ✓ Success
  Format: 3D-FRONT (double xyz, double normals, uchar RGB)
  Vertices: 1,249,893
  Vertex size: 51 bytes

Processing: ebead38b-ebb9-4569-a92f-f71668596b7c@LivingDiningRoom-10620
  PLY: /cluster/medbow/project/3dllms/melgin/datasets/3d-grand_unzipped/3D-FRONT/ebead38b-ebb9-4569-a92f-f71668596b7c/LivingDiningRoom-10620/LivingDiningRoom-10620.ply
  Vertices: 1,249,893
  Format: 3D-FRONT (double xyz, double normals, uchar RGB)
  Vertices: 1,249,893
  Vertex size: 51 bytes
  ✓ Success
  Format: 3D-FRONT (double xyz, double normals, uchar RGB)
  Vertices: 620,763
  Vertex size: 51 bytes

Processing: ebead38b-ebb9-4569-a92f-f71668596b7c@MasterBedroom-10557
  PLY: /cluster/medbow/project/3dllms/melgin/datasets/3d-grand_unzipped/3D-FRONT/ebead38b-ebb9-4569-a92f-f71668596b7c/MasterBedroom-10557/MasterBedroom-10557.ply
  Vertices: 620,763
  Format: 3D-FRONT (double xyz, double normals, uchar RGB)
  Vertices: 620,763
  Vertex size: 51 bytes
  ✓ Success
  Format: 3D-FRONT (double xyz, double normals, uchar RGB)
  Vertices: 408,888
  Vertex size: 51 bytes

Processing: ebead38b-ebb9-4569-a92f-f71668596b7c@SecondBedroom-9370
  PLY: /cluster/medbow/project/3dllms/melgin/datasets/3d-grand_unzipped/3D-FRONT/ebead38b-ebb9-4569-a92f-f71668596b7c/SecondBedroom-9370/SecondBedroom-9370.ply
  Vertices: 408,888
  Format: 3D-FRONT (double xyz, double normals, uchar RGB)
  Vertices: 408,888
  Vertex size: 51 bytes
  ✓ Success
  Format: 3D-FRONT (double xyz, double normals, uchar RGB)
  Vertices: 272,266
  Vertex size: 51 bytes

Processing: ebef71f6-da6e-4b58-ae51-40797ed0114b@CloakRoom-1199
  PLY: /cluster/medbow/project/3dllms/melgin/datasets/3d-grand_unzipped/3D-FRONT/ebef71f6-da6e-4b58-ae51-40797ed0114b/CloakRoom-1199/CloakRoom-1199.ply
  Vertices: 272,266
  Format: 3D-FRONT (double xyz, double normals, uchar RGB)
  Vertices: 272,266
  Vertex size: 51 bytes
  ✓ Success
  Format: 3D-FRONT (double xyz, double normals, uchar RGB)
  Vertices: 924,817
  Vertex size: 51 bytes

Processing: ebef71f6-da6e-4b58-ae51-40797ed0114b@LivingRoom-14
  PLY: /cluster/medbow/project/3dllms/melgin/datasets/3d-grand_unzipped/3D-FRONT/ebef71f6-da6e-4b58-ae51-40797ed0114b/LivingRoom-14/LivingRoom-14.ply
  Vertices: 924,817
  Format: 3D-FRONT (double xyz, double normals, uchar RGB)
  Vertices: 924,817
  Vertex size: 51 bytes
  ✓ Success
  Format: 3D-FRONT (double xyz, double normals, uchar RGB)
  Vertices: 460,764
  Vertex size: 51 bytes

Processing: ebef71f6-da6e-4b58-ae51-40797ed0114b@MasterBedroom-203
  PLY: /cluster/medbow/project/3dllms/melgin/datasets/3d-grand_unzipped/3D-FRONT/ebef71f6-da6e-4b58-ae51-40797ed0114b/MasterBedroom-203/MasterBedroom-203.ply
  Vertices: 460,764
  Format: 3D-FRONT (double xyz, double normals, uchar RGB)
  Vertices: 460,764
  Vertex size: 51 bytes
  ✓ Success
  Format: 3D-FRONT (double xyz, double normals, uchar RGB)
  Vertices: 61,572
  Vertex size: 51 bytes

Processing: ebef8637-55d8-48d2-bc27-e880c51f36e8@ElderlyRoom-1054
  PLY: /cluster/medbow/project/3dllms/melgin/datasets/3d-grand_unzipped/3D-FRONT/ebef8637-55d8-48d2-bc27-e880c51f36e8/ElderlyRoom-1054/ElderlyRoom-1054.ply
  Vertices: 61,572
  Format: 3D-FRONT (double xyz, double normals, uchar RGB)
  Vertices: 61,572
  Vertex size: 51 bytes
  ✓ Success
  Format: 3D-FRONT (double xyz, double normals, uchar RGB)
  Vertices: 1,070,993
  Vertex size: 51 bytes

Processing: ebef8637-55d8-48d2-bc27-e880c51f36e8@LivingDiningRoom-2829
  PLY: /cluster/medbow/project/3dllms/melgin/datasets/3d-grand_unzipped/3D-FRONT/ebef8637-55d8-48d2-bc27-e880c51f36e8/LivingDiningRoom-2829/LivingDiningRoom-2829.ply
  Vertices: 1,070,993
  Format: 3D-FRONT (double xyz, double normals, uchar RGB)
  Vertices: 1,070,993
  Vertex size: 51 bytes
  ✓ Success
  Format: 3D-FRONT (double xyz, double normals, uchar RGB)
  Vertices: 576,500
  Vertex size: 51 bytes

Processing: ebef8637-55d8-48d2-bc27-e880c51f36e8@MasterBedroom-3260
  PLY: /cluster/medbow/project/3dllms/melgin/datasets/3d-grand_unzipped/3D-FRONT/ebef8637-55d8-48d2-bc27-e880c51f36e8/MasterBedroom-3260/MasterBedroom-3260.ply
  Vertices: 576,500
  Format: 3D-FRONT (double xyz, double normals, uchar RGB)
  Vertices: 576,500
  Vertex size: 51 bytes
  ✓ Success
  Format: 3D-FRONT (double xyz, double normals, uchar RGB)
  Vertices: 570,004
  Vertex size: 51 bytes

Processing: ebfada2c-4d14-49b6-be8e-cd65700a1211@KidsRoom-3101
  PLY: /cluster/medbow/project/3dllms/melgin/datasets/3d-grand_unzipped/3D-FRONT/ebfada2c-4d14-49b6-be8e-cd65700a1211/KidsRoom-3101/KidsRoom-3101.ply
  Vertices: 570,004
  Format: 3D-FRONT (double xyz, double normals, uchar RGB)
  Vertices: 570,004
  Vertex size: 51 bytes
  ✓ Success
  Format: 3D-FRONT (double xyz, double normals, uchar RGB)
  Vertices: 404,376
  Vertex size: 51 bytes

Processing: ebfada2c-4d14-49b6-be8e-cd65700a1211@Library-3807
  PLY: /cluster/medbow/project/3dllms/melgin/datasets/3d-grand_unzipped/3D-FRONT/ebfada2c-4d14-49b6-be8e-cd65700a1211/Library-3807/Library-3807.ply
  Vertices: 404,376
  Format: 3D-FRONT (double xyz, double normals, uchar RGB)
  Vertices: 404,376
  Vertex size: 51 bytes
  ✓ Success
  Format: 3D-FRONT (double xyz, double normals, uchar RGB)
  Vertices: 1,249,814
  Vertex size: 51 bytes

Processing: ebfada2c-4d14-49b6-be8e-cd65700a1211@MasterBedroom-515
  PLY: /cluster/medbow/project/3dllms/melgin/datasets/3d-grand_unzipped/3D-FRONT/ebfada2c-4d14-49b6-be8e-cd65700a1211/MasterBedroom-515/MasterBedroom-515.ply
  Vertices: 1,249,814
  Format: 3D-FRONT (double xyz, double normals, uchar RGB)
  Vertices: 1,249,814
  Vertex size: 51 bytes
  ✓ Success
  Format: 3D-FRONT (double xyz, double normals, uchar RGB)
  Vertices: 1,629,085
  Vertex size: 51 bytes

Processing: ec35b52a-c501-4e1d-b186-b50e8f97d8e7@LivingDiningRoom-4569
  PLY: /cluster/medbow/project/3dllms/melgin/datasets/3d-grand_unzipped/3D-FRONT/ec35b52a-c501-4e1d-b186-b50e8f97d8e7/LivingDiningRoom-4569/LivingDiningRoom-4569.ply
  Vertices: 1,629,085
  Format: 3D-FRONT (double xyz, double normals, uchar RGB)
  Vertices: 1,629,085
  Vertex size: 51 bytes
  ✓ Success
  Format: 3D-FRONT (double xyz, double normals, uchar RGB)
  Vertices: 418,842
  Vertex size: 51 bytes

Processing: ec35b52a-c501-4e1d-b186-b50e8f97d8e7@MasterBedroom-542
  PLY: /cluster/medbow/project/3dllms/melgin/datasets/3d-grand_unzipped/3D-FRONT/ec35b52a-c501-4e1d-b186-b50e8f97d8e7/MasterBedroom-542/MasterBedroom-542.ply
  Vertices: 418,842
  Format: 3D-FRONT (double xyz, double normals, uchar RGB)
  Vertices: 418,842
  Vertex size: 51 bytes
  ✓ Success
  Format: 3D-FRONT (double xyz, double normals, uchar RGB)
  Vertices: 481,438
  Vertex size: 51 bytes

Processing: ec35b52a-c501-4e1d-b186-b50e8f97d8e7@SecondBedroom-292
  PLY: /cluster/medbow/project/3dllms/melgin/datasets/3d-grand_unzipped/3D-FRONT/ec35b52a-c501-4e1d-b186-b50e8f97d8e7/SecondBedroom-292/SecondBedroom-292.ply
  Vertices: 481,438
  Format: 3D-FRONT (double xyz, double normals, uchar RGB)
  Vertices: 481,438
  Vertex size: 51 bytes
  ✓ Success
  Format: 3D-FRONT (double xyz, double normals, uchar RGB)
  Vertices: 497,670
  Vertex size: 51 bytes

Processing: ec35b52a-c501-4e1d-b186-b50e8f97d8e7@SecondBedroom-586
  PLY: /cluster/medbow/project/3dllms/melgin/datasets/3d-grand_unzipped/3D-FRONT/ec35b52a-c501-4e1d-b186-b50e8f97d8e7/SecondBedroom-586/SecondBedroom-586.ply
  Vertices: 497,670
  Format: 3D-FRONT (double xyz, double normals, uchar RGB)
  Vertices: 497,670
  Vertex size: 51 bytes
  ✓ Success
  Format: 3D-FRONT (double xyz, double normals, uchar RGB)
  Vertices: 1,291,165
  Vertex size: 51 bytes

Processing: ec4daa9d-bd9a-4d2c-9e9d-20e3ecfa851c@LivingDiningRoom-64430
  PLY: /cluster/medbow/project/3dllms/melgin/datasets/3d-grand_unzipped/3D-FRONT/ec4daa9d-bd9a-4d2c-9e9d-20e3ecfa851c/LivingDiningRoom-64430/LivingDiningRoom-64430.ply
  Vertices: 1,291,165
  Format: 3D-FRONT (double xyz, double normals, uchar RGB)
  Vertices: 1,291,165
  Vertex size: 51 bytes
  ✓ Success
  Format: 3D-FRONT (double xyz, double normals, uchar RGB)
  Vertices: 689,110
  Vertex size: 51 bytes

Processing: ec4daa9d-bd9a-4d2c-9e9d-20e3ecfa851c@MasterBedroom-64104
  PLY: /cluster/medbow/project/3dllms/melgin/datasets/3d-grand_unzipped/3D-FRONT/ec4daa9d-bd9a-4d2c-9e9d-20e3ecfa851c/MasterBedroom-64104/MasterBedroom-64104.ply
  Vertices: 689,110
  Format: 3D-FRONT (double xyz, double normals, uchar RGB)
  Vertices: 689,110
  Vertex size: 51 bytes
  ✓ Success
  Format: 3D-FRONT (double xyz, double normals, uchar RGB)
  Vertices: 423,761
  Vertex size: 51 bytes

Processing: ec4daa9d-bd9a-4d2c-9e9d-20e3ecfa851c@SecondBedroom-63799
  PLY: /cluster/medbow/project/3dllms/melgin/datasets/3d-grand_unzipped/3D-FRONT/ec4daa9d-bd9a-4d2c-9e9d-20e3ecfa851c/SecondBedroom-63799/SecondBedroom-63799.ply
  Vertices: 423,761
  Format: 3D-FRONT (double xyz, double normals, uchar RGB)
  Vertices: 423,761
  Vertex size: 51 bytes
  ✓ Success
  Format: 3D-FRONT (double xyz, double normals, uchar RGB)
  Vertices: 3,522,167
  Vertex size: 51 bytes

Processing: ec695cb8-b093-40ec-9493-ce73cd8b666e@LivingRoom-515
  PLY: /cluster/medbow/project/3dllms/melgin/datasets/3d-grand_unzipped/3D-FRONT/ec695cb8-b093-40ec-9493-ce73cd8b666e/LivingRoom-515/LivingRoom-515.ply
  Vertices: 3,522,167
  Format: 3D-FRONT (double xyz, double normals, uchar RGB)
  Vertices: 3,522,167
  Vertex size: 51 bytes
  ✓ Success
  Format: 3D-FRONT (double xyz, double normals, uchar RGB)
  Vertices: 400,484
  Vertex size: 51 bytes

Processing: ec8a5215-83a6-4325-ad7e-176c9c6f450f@KidsRoom-197
  PLY: /cluster/medbow/project/3dllms/melgin/datasets/3d-grand_unzipped/3D-FRONT/ec8a5215-83a6-4325-ad7e-176c9c6f450f/KidsRoom-197/KidsRoom-197.ply
  Vertices: 400,484
  Format: 3D-FRONT (double xyz, double normals, uchar RGB)
  Vertices: 400,484
  Vertex size: 51 bytes
  ✓ Success
  Format: 3D-FRONT (double xyz, double normals, uchar RGB)
  Vertices: 1,454,975
  Vertex size: 51 bytes

Processing: ec8a5215-83a6-4325-ad7e-176c9c6f450f@LivingDiningRoom-7236
  PLY: /cluster/medbow/project/3dllms/melgin/datasets/3d-grand_unzipped/3D-FRONT/ec8a5215-83a6-4325-ad7e-176c9c6f450f/LivingDiningRoom-7236/LivingDiningRoom-7236.ply
  Vertices: 1,454,975
  Format: 3D-FRONT (double xyz, double normals, uchar RGB)
  Vertices: 1,454,975
  Vertex size: 51 bytes
  ✓ Success
  Format: 3D-FRONT (double xyz, double normals, uchar RGB)
  Vertices: 531,352
  Vertex size: 51 bytes

Processing: ec8a5215-83a6-4325-ad7e-176c9c6f450f@MasterBedroom-392
  PLY: /cluster/medbow/project/3dllms/melgin/datasets/3d-grand_unzipped/3D-FRONT/ec8a5215-83a6-4325-ad7e-176c9c6f450f/MasterBedroom-392/MasterBedroom-392.ply
  Vertices: 531,352
  Format: 3D-FRONT (double xyz, double normals, uchar RGB)
  Vertices: 531,352
  Vertex size: 51 bytes
  ✓ Success
  Format: 3D-FRONT (double xyz, double normals, uchar RGB)
  Vertices: 999,873
  Vertex size: 51 bytes

Processing: eca62dc1-f5a9-4b74-a568-420fc7e66d68@LivingDiningRoom-25714
  PLY: /cluster/medbow/project/3dllms/melgin/datasets/3d-grand_unzipped/3D-FRONT/eca62dc1-f5a9-4b74-a568-420fc7e66d68/LivingDiningRoom-25714/LivingDiningRoom-25714.ply
  Vertices: 999,873
  Format: 3D-FRONT (double xyz, double normals, uchar RGB)
  Vertices: 999,873
  Vertex size: 51 bytes
  ✓ Success
  Format: 3D-FRONT (double xyz, double normals, uchar RGB)
  Vertices: 10,021
  Vertex size: 51 bytes

Processing: eca62dc1-f5a9-4b74-a568-420fc7e66d68@MasterBedroom-32459
  PLY: /cluster/medbow/project/3dllms/melgin/datasets/3d-grand_unzipped/3D-FRONT/eca62dc1-f5a9-4b74-a568-420fc7e66d68/MasterBedroom-32459/MasterBedroom-32459.ply
  Vertices: 10,021
  Format: 3D-FRONT (double xyz, double normals, uchar RGB)
  Vertices: 10,021
  Vertex size: 51 bytes
  ✓ Success
  Format: 3D-FRONT (double xyz, double normals, uchar RGB)
  Vertices: 93,708
  Vertex size: 51 bytes

Processing: eca62dc1-f5a9-4b74-a568-420fc7e66d68@SecondBedroom-32176
  PLY: /cluster/medbow/project/3dllms/melgin/datasets/3d-grand_unzipped/3D-FRONT/eca62dc1-f5a9-4b74-a568-420fc7e66d68/SecondBedroom-32176/SecondBedroom-32176.ply
  Vertices: 93,708
  Format: 3D-FRONT (double xyz, double normals, uchar RGB)
  Vertices: 93,708
  Vertex size: 51 bytes
  ✓ Success
  Format: 3D-FRONT (double xyz, double normals, uchar RGB)
  Vertices: 1,999,222
  Vertex size: 51 bytes

Processing: ecb9cf66-3f1a-46a1-846c-0b97406d762f@LivingDiningRoom-5162
  PLY: /cluster/medbow/project/3dllms/melgin/datasets/3d-grand_unzipped/3D-FRONT/ecb9cf66-3f1a-46a1-846c-0b97406d762f/LivingDiningRoom-5162/LivingDiningRoom-5162.ply
  Vertices: 1,999,222
  Format: 3D-FRONT (double xyz, double normals, uchar RGB)
  Vertices: 1,999,222
  Vertex size: 51 bytes
  ✓ Success
  Format: 3D-FRONT (double xyz, double normals, uchar RGB)
  Vertices: 89,023
  Vertex size: 51 bytes

Processing: ecbad9b1-6e57-45a3-9cfb-0fd0fccc6e39@CloakRoom-15521
  PLY: /cluster/medbow/project/3dllms/melgin/datasets/3d-grand_unzipped/3D-FRONT/ecbad9b1-6e57-45a3-9cfb-0fd0fccc6e39/CloakRoom-15521/CloakRoom-15521.ply
  Vertices: 89,023
  Format: 3D-FRONT (double xyz, double normals, uchar RGB)
  Vertices: 89,023
  Vertex size: 51 bytes
  ✓ Success
  Format: 3D-FRONT (double xyz, double normals, uchar RGB)
  Vertices: 326,681
  Vertex size: 51 bytes

Processing: ecbad9b1-6e57-45a3-9cfb-0fd0fccc6e39@DiningRoom-14238
  PLY: /cluster/medbow/project/3dllms/melgin/datasets/3d-grand_unzipped/3D-FRONT/ecbad9b1-6e57-45a3-9cfb-0fd0fccc6e39/DiningRoom-14238/DiningRoom-14238.ply
  Vertices: 326,681
  Format: 3D-FRONT (double xyz, double normals, uchar RGB)
  Vertices: 326,681
  Vertex size: 51 bytes
  ✓ Success
  Format: 3D-FRONT (double xyz, double normals, uchar RGB)
  Vertices: 431,022
  Vertex size: 51 bytes

Processing: ecbad9b1-6e57-45a3-9cfb-0fd0fccc6e39@Library-13634
  PLY: /cluster/medbow/project/3dllms/melgin/datasets/3d-grand_unzipped/3D-FRONT/ecbad9b1-6e57-45a3-9cfb-0fd0fccc6e39/Library-13634/Library-13634.ply
  Vertices: 431,022
  Format: 3D-FRONT (double xyz, double normals, uchar RGB)
  Vertices: 431,022
  Vertex size: 51 bytes
  ✓ Success
  Format: 3D-FRONT (double xyz, double normals, uchar RGB)
  Vertices: 794,422
  Vertex size: 51 bytes

Processing: ecbad9b1-6e57-45a3-9cfb-0fd0fccc6e39@LivingRoom-9754
  PLY: /cluster/medbow/project/3dllms/melgin/datasets/3d-grand_unzipped/3D-FRONT/ecbad9b1-6e57-45a3-9cfb-0fd0fccc6e39/LivingRoom-9754/LivingRoom-9754.ply
  Vertices: 794,422
  Format: 3D-FRONT (double xyz, double normals, uchar RGB)
  Vertices: 794,422
  Vertex size: 51 bytes
  ✓ Success
  Format: 3D-FRONT (double xyz, double normals, uchar RGB)
  Vertices: 744,782
  Vertex size: 51 bytes

Processing: ecbad9b1-6e57-45a3-9cfb-0fd0fccc6e39@MasterBedroom-15002
  PLY: /cluster/medbow/project/3dllms/melgin/datasets/3d-grand_unzipped/3D-FRONT/ecbad9b1-6e57-45a3-9cfb-0fd0fccc6e39/MasterBedroom-15002/MasterBedroom-15002.ply
  Vertices: 744,782
  Format: 3D-FRONT (double xyz, double normals, uchar RGB)
  Vertices: 744,782
  Vertex size: 51 bytes
  ✓ Success
  Format: 3D-FRONT (double xyz, double normals, uchar RGB)
  Vertices: 279,099
  Vertex size: 51 bytes

Processing: ecbad9b1-6e57-45a3-9cfb-0fd0fccc6e39@SecondBedroom-12046
  PLY: /cluster/medbow/project/3dllms/melgin/datasets/3d-grand_unzipped/3D-FRONT/ecbad9b1-6e57-45a3-9cfb-0fd0fccc6e39/SecondBedroom-12046/SecondBedroom-12046.ply
  Vertices: 279,099
  Format: 3D-FRONT (double xyz, double normals, uchar RGB)
  Vertices: 279,099
  Vertex size: 51 bytes
  ✓ Success
  Format: 3D-FRONT (double xyz, double normals, uchar RGB)
  Vertices: 466,124
  Vertex size: 51 bytes

Processing: ecbad9b1-6e57-45a3-9cfb-0fd0fccc6e39@SecondBedroom-15564
  PLY: /cluster/medbow/project/3dllms/melgin/datasets/3d-grand_unzipped/3D-FRONT/ecbad9b1-6e57-45a3-9cfb-0fd0fccc6e39/SecondBedroom-15564/SecondBedroom-15564.ply
  Vertices: 466,124
  Format: 3D-FRONT (double xyz, double normals, uchar RGB)
  Vertices: 466,124
  Vertex size: 51 bytes
  ✓ Success
  Format: 3D-FRONT (double xyz, double normals, uchar RGB)
  Vertices: 1,021,083
  Vertex size: 51 bytes

Processing: ecbff5e1-39fd-4a37-acd1-e836f987a981@LivingDiningRoom-24953
  PLY: /cluster/medbow/project/3dllms/melgin/datasets/3d-grand_unzipped/3D-FRONT/ecbff5e1-39fd-4a37-acd1-e836f987a981/LivingDiningRoom-24953/LivingDiningRoom-24953.ply
  Vertices: 1,021,083
  Format: 3D-FRONT (double xyz, double normals, uchar RGB)
  Vertices: 1,021,083
  Vertex size: 51 bytes
  ✓ Success
  Format: 3D-FRONT (double xyz, double normals, uchar RGB)
  Vertices: 424,598
  Vertex size: 51 bytes

Processing: ecbff5e1-39fd-4a37-acd1-e836f987a981@MasterBedroom-17404
  PLY: /cluster/medbow/project/3dllms/melgin/datasets/3d-grand_unzipped/3D-FRONT/ecbff5e1-39fd-4a37-acd1-e836f987a981/MasterBedroom-17404/MasterBedroom-17404.ply
  Vertices: 424,598
  Format: 3D-FRONT (double xyz, double normals, uchar RGB)
  Vertices: 424,598
  Vertex size: 51 bytes
  ✓ Success
  Format: 3D-FRONT (double xyz, double normals, uchar RGB)
  Vertices: 355,907
  Vertex size: 51 bytes

Processing: 07f02d16-a025-4bc4-a45d-5f487c545f49@SecondBedroom-110019
  PLY: /cluster/medbow/project/3dllms/melgin/datasets/3d-grand_unzipped/3D-FRONT/07f02d16-a025-4bc4-a45d-5f487c545f49/SecondBedroom-110019/SecondBedroom-110019.ply
  Vertices: 355,907
  Format: 3D-FRONT (double xyz, double normals, uchar RGB)
  Vertices: 355,907
  Vertex size: 51 bytes
  ✓ Success
  Format: 3D-FRONT (double xyz, double normals, uchar RGB)
  Vertices: 390,834
  Vertex size: 51 bytes

Processing: ecc2066b-925b-4fa3-8734-e811352a45f5@Bedroom-115907
  PLY: /cluster/medbow/project/3dllms/melgin/datasets/3d-grand_unzipped/3D-FRONT/ecc2066b-925b-4fa3-8734-e811352a45f5/Bedroom-115907/Bedroom-115907.ply
  Vertices: 390,834
  Format: 3D-FRONT (double xyz, double normals, uchar RGB)
  Vertices: 390,834
  Vertex size: 51 bytes
  ✓ Success
  Format: 3D-FRONT (double xyz, double normals, uchar RGB)
  Vertices: 1,844
  Vertex size: 51 bytes

Processing: ecc2066b-925b-4fa3-8734-e811352a45f5@Bedroom-117823
  PLY: /cluster/medbow/project/3dllms/melgin/datasets/3d-grand_unzipped/3D-FRONT/ecc2066b-925b-4fa3-8734-e811352a45f5/Bedroom-117823/Bedroom-117823.ply
  Vertices: 1,844
  Format: 3D-FRONT (double xyz, double normals, uchar RGB)
  Vertices: 1,844
  Vertex size: 51 bytes
  ✓ Success
  Format: 3D-FRONT (double xyz, double normals, uchar RGB)
  Vertices: 604,485
  Vertex size: 51 bytes

Processing: ecc2066b-925b-4fa3-8734-e811352a45f5@DiningRoom-118252
  PLY: /cluster/medbow/project/3dllms/melgin/datasets/3d-grand_unzipped/3D-FRONT/ecc2066b-925b-4fa3-8734-e811352a45f5/DiningRoom-118252/DiningRoom-118252.ply
  Vertices: 604,485
  Format: 3D-FRONT (double xyz, double normals, uchar RGB)
  Vertices: 604,485
  Vertex size: 51 bytes
  ✓ Success
  Format: 3D-FRONT (double xyz, double normals, uchar RGB)
  Vertices: 627,206
  Vertex size: 51 bytes

Processing: ecc2066b-925b-4fa3-8734-e811352a45f5@LivingRoom-118209
  PLY: /cluster/medbow/project/3dllms/melgin/datasets/3d-grand_unzipped/3D-FRONT/ecc2066b-925b-4fa3-8734-e811352a45f5/LivingRoom-118209/LivingRoom-118209.ply
  Vertices: 627,206
  Format: 3D-FRONT (double xyz, double normals, uchar RGB)
  Vertices: 627,206
  Vertex size: 51 bytes
  ✓ Success
  Format: 3D-FRONT (double xyz, double normals, uchar RGB)
  Vertices: 493,320
  Vertex size: 51 bytes

Processing: ecc2ef7a-92e7-4660-8867-9ef23d281b09@Bedroom-3147
  PLY: /cluster/medbow/project/3dllms/melgin/datasets/3d-grand_unzipped/3D-FRONT/ecc2ef7a-92e7-4660-8867-9ef23d281b09/Bedroom-3147/Bedroom-3147.ply
  Vertices: 493,320
  Format: 3D-FRONT (double xyz, double normals, uchar RGB)
  Vertices: 493,320
  Vertex size: 51 bytes
  ✓ Success
  Format: 3D-FRONT (double xyz, double normals, uchar RGB)
  Vertices: 1,574,285
  Vertex size: 51 bytes

Processing: ecc2ef7a-92e7-4660-8867-9ef23d281b09@LivingDiningRoom-2046
  PLY: /cluster/medbow/project/3dllms/melgin/datasets/3d-grand_unzipped/3D-FRONT/ecc2ef7a-92e7-4660-8867-9ef23d281b09/LivingDiningRoom-2046/LivingDiningRoom-2046.ply
  Vertices: 1,574,285
  Format: 3D-FRONT (double xyz, double normals, uchar RGB)
  Vertices: 1,574,285
  Vertex size: 51 bytes
  ✓ Success
  Format: 3D-FRONT (double xyz, double normals, uchar RGB)
  Vertices: 603,190
  Vertex size: 51 bytes

Processing: ecdbeecd-1c5e-4605-a682-ca1085fd0721@Bedroom-10303
  PLY: /cluster/medbow/project/3dllms/melgin/datasets/3d-grand_unzipped/3D-FRONT/ecdbeecd-1c5e-4605-a682-ca1085fd0721/Bedroom-10303/Bedroom-10303.ply
  Vertices: 603,190
  Format: 3D-FRONT (double xyz, double normals, uchar RGB)
  Vertices: 603,190
  Vertex size: 51 bytes
  ✓ Success
  Format: 3D-FRONT (double xyz, double normals, uchar RGB)
  Vertices: 823,665
  Vertex size: 51 bytes

Processing: ecdbeecd-1c5e-4605-a682-ca1085fd0721@Bedroom-9456
  PLY: /cluster/medbow/project/3dllms/melgin/datasets/3d-grand_unzipped/3D-FRONT/ecdbeecd-1c5e-4605-a682-ca1085fd0721/Bedroom-9456/Bedroom-9456.ply
  Vertices: 823,665
  Format: 3D-FRONT (double xyz, double normals, uchar RGB)
  Vertices: 823,665
  Vertex size: 51 bytes
  ✓ Success

======================================================================
SUMMARY
======================================================================
Successful: 99/99
Failed:     0/99
Output dir: /cluster/medbow/project/3dllms/melgin/datasets/3D-FRONT_processed

End time: Wed Oct  8 17:00:37 MDT 2025
======================================================================

End time: Wed Oct  8 17:00:37 MDT 2025
==========================================
