==========================================
3D-FRONT Preprocessing - Array Job 24
==========================================
Job ID: 44230863
Array Task ID: 24
Node: mbl40s-007
Start time: Wed Oct  8 16:50:17 MDT 2025

Python: /project/3dllms/melgin/conda/envs/lavis/bin/python
Conda env: lavis

NVIDIA L40S, 46068 MiB, 45469 MiB

Processing point clouds 2376 to 2474
Estimated count: 99

======================================================================
3D-FRONT Preprocessing - Array Job 24
======================================================================
Job ID: 44230863
Array Task ID: 24
Node: mbl40s-007
Start time: Wed Oct  8 16:50:27 MDT 2025

Python: /project/3dllms/melgin/conda/envs/lavis/bin/python3
Conda env: lavis

NVIDIA L40S, 45468 MiB, 45036 MiB

Processing point clouds 2376 to 2474
Estimated count: 99

Loading BLIP2 model...
Model loaded successfully!

  Format: 3D-FRONT (double xyz, double normals, uchar RGB)
  Vertices: 555,200
  Vertex size: 51 bytes

Processing: f566d9b8-0ec1-446c-a1f8-e429933253cc@MasterBedroom-6807
  PLY: /cluster/medbow/project/3dllms/melgin/datasets/3d-grand_unzipped/3D-FRONT/f566d9b8-0ec1-446c-a1f8-e429933253cc/MasterBedroom-6807/MasterBedroom-6807.ply
  Vertices: 555,200
  Format: 3D-FRONT (double xyz, double normals, uchar RGB)
  Vertices: 555,200
  Vertex size: 51 bytes
  ✓ Success
  Format: 3D-FRONT (double xyz, double normals, uchar RGB)
  Vertices: 306,017
  Vertex size: 51 bytes

Processing: f566d9b8-0ec1-446c-a1f8-e429933253cc@SecondBedroom-712
  PLY: /cluster/medbow/project/3dllms/melgin/datasets/3d-grand_unzipped/3D-FRONT/f566d9b8-0ec1-446c-a1f8-e429933253cc/SecondBedroom-712/SecondBedroom-712.ply
  Vertices: 306,017
  Format: 3D-FRONT (double xyz, double normals, uchar RGB)
  Vertices: 306,017
  Vertex size: 51 bytes
  ✓ Success
  Format: 3D-FRONT (double xyz, double normals, uchar RGB)
  Vertices: 280,996
  Vertex size: 51 bytes

Processing: f5696e0a-1c20-489d-8eb8-b47d856970ce@Library-18
  PLY: /cluster/medbow/project/3dllms/melgin/datasets/3d-grand_unzipped/3D-FRONT/f5696e0a-1c20-489d-8eb8-b47d856970ce/Library-18/Library-18.ply
  Vertices: 280,996
  Format: 3D-FRONT (double xyz, double normals, uchar RGB)
  Vertices: 280,996
  Vertex size: 51 bytes
  ✓ Success
  Format: 3D-FRONT (double xyz, double normals, uchar RGB)
  Vertices: 1,561,737
  Vertex size: 51 bytes

Processing: f5696e0a-1c20-489d-8eb8-b47d856970ce@LivingRoom-862
  PLY: /cluster/medbow/project/3dllms/melgin/datasets/3d-grand_unzipped/3D-FRONT/f5696e0a-1c20-489d-8eb8-b47d856970ce/LivingRoom-862/LivingRoom-862.ply
  Vertices: 1,561,737
  Format: 3D-FRONT (double xyz, double normals, uchar RGB)
  Vertices: 1,561,737
  Vertex size: 51 bytes
  ✓ Success
  Format: 3D-FRONT (double xyz, double normals, uchar RGB)
  Vertices: 549,122
  Vertex size: 51 bytes

Processing: f5696e0a-1c20-489d-8eb8-b47d856970ce@MasterBedroom-950
  PLY: /cluster/medbow/project/3dllms/melgin/datasets/3d-grand_unzipped/3D-FRONT/f5696e0a-1c20-489d-8eb8-b47d856970ce/MasterBedroom-950/MasterBedroom-950.ply
  Vertices: 549,122
  Format: 3D-FRONT (double xyz, double normals, uchar RGB)
  Vertices: 549,122
  Vertex size: 51 bytes
  ✓ Success
  Format: 3D-FRONT (double xyz, double normals, uchar RGB)
  Vertices: 419,828
  Vertex size: 51 bytes

Processing: f5696e0a-1c20-489d-8eb8-b47d856970ce@SecondBedroom-295
  PLY: /cluster/medbow/project/3dllms/melgin/datasets/3d-grand_unzipped/3D-FRONT/f5696e0a-1c20-489d-8eb8-b47d856970ce/SecondBedroom-295/SecondBedroom-295.ply
  Vertices: 419,828
  Format: 3D-FRONT (double xyz, double normals, uchar RGB)
  Vertices: 419,828
  Vertex size: 51 bytes
  ✓ Success
  Format: 3D-FRONT (double xyz, double normals, uchar RGB)
  Vertices: 203,366
  Vertex size: 51 bytes

Processing: f5b851cc-eaf4-4e3e-aa20-58fd6c1fd736@BedRoom-84628
  PLY: /cluster/medbow/project/3dllms/melgin/datasets/3d-grand_unzipped/3D-FRONT/f5b851cc-eaf4-4e3e-aa20-58fd6c1fd736/BedRoom-84628/BedRoom-84628.ply
  Vertices: 203,366
  Format: 3D-FRONT (double xyz, double normals, uchar RGB)
  Vertices: 203,366
  Vertex size: 51 bytes
  ✓ Success
  Format: 3D-FRONT (double xyz, double normals, uchar RGB)
  Vertices: 174,427
  Vertex size: 51 bytes

Processing: e44d23d0-b6ee-40bf-ab2b-7dded90cf45b@DiningRoom-2978
  PLY: /cluster/medbow/project/3dllms/melgin/datasets/3d-grand_unzipped/3D-FRONT/e44d23d0-b6ee-40bf-ab2b-7dded90cf45b/DiningRoom-2978/DiningRoom-2978.ply
  Vertices: 174,427
  Format: 3D-FRONT (double xyz, double normals, uchar RGB)
  Vertices: 174,427
  Vertex size: 51 bytes
  ✓ Success
  Format: 3D-FRONT (double xyz, double normals, uchar RGB)
  Vertices: 197,711
  Vertex size: 51 bytes

Processing: f5b851cc-eaf4-4e3e-aa20-58fd6c1fd736@Library-69271
  PLY: /cluster/medbow/project/3dllms/melgin/datasets/3d-grand_unzipped/3D-FRONT/f5b851cc-eaf4-4e3e-aa20-58fd6c1fd736/Library-69271/Library-69271.ply
  Vertices: 197,711
  Format: 3D-FRONT (double xyz, double normals, uchar RGB)
  Vertices: 197,711
  Vertex size: 51 bytes
  ✓ Success
  Format: 3D-FRONT (double xyz, double normals, uchar RGB)
  Vertices: 704,205
  Vertex size: 51 bytes

Processing: f5b851cc-eaf4-4e3e-aa20-58fd6c1fd736@LivingRoom-3973
  PLY: /cluster/medbow/project/3dllms/melgin/datasets/3d-grand_unzipped/3D-FRONT/f5b851cc-eaf4-4e3e-aa20-58fd6c1fd736/LivingRoom-3973/LivingRoom-3973.ply
  Vertices: 704,205
  Format: 3D-FRONT (double xyz, double normals, uchar RGB)
  Vertices: 704,205
  Vertex size: 51 bytes
  ✓ Success
  Format: 3D-FRONT (double xyz, double normals, uchar RGB)
  Vertices: 1,916,633
  Vertex size: 51 bytes

Processing: eb6337ce-c9e6-4bbb-b3ab-c8fe559962b2@OtherRoom-75223
  PLY: /cluster/medbow/project/3dllms/melgin/datasets/3d-grand_unzipped/3D-FRONT/eb6337ce-c9e6-4bbb-b3ab-c8fe559962b2/OtherRoom-75223/OtherRoom-75223.ply
  Vertices: 1,916,633
  Format: 3D-FRONT (double xyz, double normals, uchar RGB)
  Vertices: 1,916,633
  Vertex size: 51 bytes
  ✓ Success
  Format: 3D-FRONT (double xyz, double normals, uchar RGB)
  Vertices: 1,447,250
  Vertex size: 51 bytes

Processing: f5b851cc-eaf4-4e3e-aa20-58fd6c1fd736@OtherRoom-99219
  PLY: /cluster/medbow/project/3dllms/melgin/datasets/3d-grand_unzipped/3D-FRONT/f5b851cc-eaf4-4e3e-aa20-58fd6c1fd736/OtherRoom-99219/OtherRoom-99219.ply
  Vertices: 1,447,250
  Format: 3D-FRONT (double xyz, double normals, uchar RGB)
  Vertices: 1,447,250
  Vertex size: 51 bytes
  ✓ Success
  Format: 3D-FRONT (double xyz, double normals, uchar RGB)
  Vertices: 466,096
  Vertex size: 51 bytes

Processing: f5ba38ae-7330-4132-b051-cf0bae2b8b44@Bedroom-28476
  PLY: /cluster/medbow/project/3dllms/melgin/datasets/3d-grand_unzipped/3D-FRONT/f5ba38ae-7330-4132-b051-cf0bae2b8b44/Bedroom-28476/Bedroom-28476.ply
  Vertices: 466,096
  Format: 3D-FRONT (double xyz, double normals, uchar RGB)
  Vertices: 466,096
  Vertex size: 51 bytes
  ✓ Success
  Format: 3D-FRONT (double xyz, double normals, uchar RGB)
  Vertices: 552,150
  Vertex size: 51 bytes

Processing: f5ba38ae-7330-4132-b051-cf0bae2b8b44@Bedroom-29631
  PLY: /cluster/medbow/project/3dllms/melgin/datasets/3d-grand_unzipped/3D-FRONT/f5ba38ae-7330-4132-b051-cf0bae2b8b44/Bedroom-29631/Bedroom-29631.ply
  Vertices: 552,150
  Format: 3D-FRONT (double xyz, double normals, uchar RGB)
  Vertices: 552,150
  Vertex size: 51 bytes
  ✓ Success
  Format: 3D-FRONT (double xyz, double normals, uchar RGB)
  Vertices: 1,336,841
  Vertex size: 51 bytes

Processing: f5ba38ae-7330-4132-b051-cf0bae2b8b44@LivingDiningRoom-31210
  PLY: /cluster/medbow/project/3dllms/melgin/datasets/3d-grand_unzipped/3D-FRONT/f5ba38ae-7330-4132-b051-cf0bae2b8b44/LivingDiningRoom-31210/LivingDiningRoom-31210.ply
  Vertices: 1,336,841
  Format: 3D-FRONT (double xyz, double normals, uchar RGB)
  Vertices: 1,336,841
  Vertex size: 51 bytes
  ✓ Success
  Format: 3D-FRONT (double xyz, double normals, uchar RGB)
  Vertices: 939,681
  Vertex size: 51 bytes

Processing: f65431c6-3731-45bf-b10e-e3b1a37a87b6@LivingDiningRoom-14452
  PLY: /cluster/medbow/project/3dllms/melgin/datasets/3d-grand_unzipped/3D-FRONT/f65431c6-3731-45bf-b10e-e3b1a37a87b6/LivingDiningRoom-14452/LivingDiningRoom-14452.ply
  Vertices: 939,681
  Format: 3D-FRONT (double xyz, double normals, uchar RGB)
  Vertices: 939,681
  Vertex size: 51 bytes
  ✓ Success
  Format: 3D-FRONT (double xyz, double normals, uchar RGB)
  Vertices: 501,360
  Vertex size: 51 bytes

Processing: f65431c6-3731-45bf-b10e-e3b1a37a87b6@MasterBedroom-13717
  PLY: /cluster/medbow/project/3dllms/melgin/datasets/3d-grand_unzipped/3D-FRONT/f65431c6-3731-45bf-b10e-e3b1a37a87b6/MasterBedroom-13717/MasterBedroom-13717.ply
  Vertices: 501,360
  Format: 3D-FRONT (double xyz, double normals, uchar RGB)
  Vertices: 501,360
  Vertex size: 51 bytes
  ✓ Success
  Format: 3D-FRONT (double xyz, double normals, uchar RGB)
  Vertices: 116,885
  Vertex size: 51 bytes

Processing: f65431c6-3731-45bf-b10e-e3b1a37a87b6@SecondBedroom-14021
  PLY: /cluster/medbow/project/3dllms/melgin/datasets/3d-grand_unzipped/3D-FRONT/f65431c6-3731-45bf-b10e-e3b1a37a87b6/SecondBedroom-14021/SecondBedroom-14021.ply
  Vertices: 116,885
  Format: 3D-FRONT (double xyz, double normals, uchar RGB)
  Vertices: 116,885
  Vertex size: 51 bytes
  ✓ Success
  Format: 3D-FRONT (double xyz, double normals, uchar RGB)
  Vertices: 1,382,932
  Vertex size: 51 bytes

Processing: f655b350-074a-4b5e-ae1e-ede74c0e75ec@LivingDiningRoom-77193
  PLY: /cluster/medbow/project/3dllms/melgin/datasets/3d-grand_unzipped/3D-FRONT/f655b350-074a-4b5e-ae1e-ede74c0e75ec/LivingDiningRoom-77193/LivingDiningRoom-77193.ply
  Vertices: 1,382,932
  Format: 3D-FRONT (double xyz, double normals, uchar RGB)
  Vertices: 1,382,932
  Vertex size: 51 bytes
  ✓ Success
  Format: 3D-FRONT (double xyz, double normals, uchar RGB)
  Vertices: 627,655
  Vertex size: 51 bytes

Processing: f655b350-074a-4b5e-ae1e-ede74c0e75ec@MasterBedroom-79012
  PLY: /cluster/medbow/project/3dllms/melgin/datasets/3d-grand_unzipped/3D-FRONT/f655b350-074a-4b5e-ae1e-ede74c0e75ec/MasterBedroom-79012/MasterBedroom-79012.ply
  Vertices: 627,655
  Format: 3D-FRONT (double xyz, double normals, uchar RGB)
  Vertices: 627,655
  Vertex size: 51 bytes
  ✓ Success
  Format: 3D-FRONT (double xyz, double normals, uchar RGB)
  Vertices: 361,126
  Vertex size: 51 bytes

Processing: f655b350-074a-4b5e-ae1e-ede74c0e75ec@SecondBedroom-79435
  PLY: /cluster/medbow/project/3dllms/melgin/datasets/3d-grand_unzipped/3D-FRONT/f655b350-074a-4b5e-ae1e-ede74c0e75ec/SecondBedroom-79435/SecondBedroom-79435.ply
  Vertices: 361,126
  Format: 3D-FRONT (double xyz, double normals, uchar RGB)
  Vertices: 361,126
  Vertex size: 51 bytes
  ✓ Success
  Format: 3D-FRONT (double xyz, double normals, uchar RGB)
  Vertices: 1,177,428
  Vertex size: 51 bytes

Processing: f66b2c1a-997a-48f3-bde5-4d50bbd87b15@LivingDiningRoom-707
  PLY: /cluster/medbow/project/3dllms/melgin/datasets/3d-grand_unzipped/3D-FRONT/f66b2c1a-997a-48f3-bde5-4d50bbd87b15/LivingDiningRoom-707/LivingDiningRoom-707.ply
  Vertices: 1,177,428
  Format: 3D-FRONT (double xyz, double normals, uchar RGB)
  Vertices: 1,177,428
  Vertex size: 51 bytes
  ✓ Success
  Format: 3D-FRONT (double xyz, double normals, uchar RGB)
  Vertices: 608,708
  Vertex size: 51 bytes

Processing: f66b2c1a-997a-48f3-bde5-4d50bbd87b15@MasterBedroom-2079
  PLY: /cluster/medbow/project/3dllms/melgin/datasets/3d-grand_unzipped/3D-FRONT/f66b2c1a-997a-48f3-bde5-4d50bbd87b15/MasterBedroom-2079/MasterBedroom-2079.ply
  Vertices: 608,708
  Format: 3D-FRONT (double xyz, double normals, uchar RGB)
  Vertices: 608,708
  Vertex size: 51 bytes
  ✓ Success
  Format: 3D-FRONT (double xyz, double normals, uchar RGB)
  Vertices: 536,559
  Vertex size: 51 bytes

Processing: f66b2c1a-997a-48f3-bde5-4d50bbd87b15@SecondBedroom-1237
  PLY: /cluster/medbow/project/3dllms/melgin/datasets/3d-grand_unzipped/3D-FRONT/f66b2c1a-997a-48f3-bde5-4d50bbd87b15/SecondBedroom-1237/SecondBedroom-1237.ply
  Vertices: 536,559
  Format: 3D-FRONT (double xyz, double normals, uchar RGB)
  Vertices: 536,559
  Vertex size: 51 bytes
  ✓ Success
  Format: 3D-FRONT (double xyz, double normals, uchar RGB)
  Vertices: 613,907
  Vertex size: 51 bytes

Processing: f6843814-5d4a-46b0-8abd-65e4a876d450@Bedroom-26469
  PLY: /cluster/medbow/project/3dllms/melgin/datasets/3d-grand_unzipped/3D-FRONT/f6843814-5d4a-46b0-8abd-65e4a876d450/Bedroom-26469/Bedroom-26469.ply
  Vertices: 613,907
  Format: 3D-FRONT (double xyz, double normals, uchar RGB)
  Vertices: 613,907
  Vertex size: 51 bytes
  ✓ Success
  Format: 3D-FRONT (double xyz, double normals, uchar RGB)
  Vertices: 704,866
  Vertex size: 51 bytes

Processing: f6bf9761-7493-486f-8c70-831e83eab521@Bedroom-126560
  PLY: /cluster/medbow/project/3dllms/melgin/datasets/3d-grand_unzipped/3D-FRONT/f6bf9761-7493-486f-8c70-831e83eab521/Bedroom-126560/Bedroom-126560.ply
  Vertices: 704,866
  Format: 3D-FRONT (double xyz, double normals, uchar RGB)
  Vertices: 704,866
  Vertex size: 51 bytes
  ✓ Success
  Format: 3D-FRONT (double xyz, double normals, uchar RGB)
  Vertices: 477,552
  Vertex size: 51 bytes

Processing: f6bf9761-7493-486f-8c70-831e83eab521@SecondBedroom-127573
  PLY: /cluster/medbow/project/3dllms/melgin/datasets/3d-grand_unzipped/3D-FRONT/f6bf9761-7493-486f-8c70-831e83eab521/SecondBedroom-127573/SecondBedroom-127573.ply
  Vertices: 477,552
  Format: 3D-FRONT (double xyz, double normals, uchar RGB)
  Vertices: 477,552
  Vertex size: 51 bytes
  ✓ Success
  Format: 3D-FRONT (double xyz, double normals, uchar RGB)
  Vertices: 1,487,767
  Vertex size: 51 bytes

Processing: f6da2e1b-bc4f-4238-844c-07a3a3724a1c@Bedroom-518
  PLY: /cluster/medbow/project/3dllms/melgin/datasets/3d-grand_unzipped/3D-FRONT/f6da2e1b-bc4f-4238-844c-07a3a3724a1c/Bedroom-518/Bedroom-518.ply
  Vertices: 1,487,767
  Format: 3D-FRONT (double xyz, double normals, uchar RGB)
  Vertices: 1,487,767
  Vertex size: 51 bytes
  ✓ Success
  Format: 3D-FRONT (double xyz, double normals, uchar RGB)
  Vertices: 1,421,903
  Vertex size: 51 bytes

Processing: f6da2e1b-bc4f-4238-844c-07a3a3724a1c@LivingDiningRoom-65905
  PLY: /cluster/medbow/project/3dllms/melgin/datasets/3d-grand_unzipped/3D-FRONT/f6da2e1b-bc4f-4238-844c-07a3a3724a1c/LivingDiningRoom-65905/LivingDiningRoom-65905.ply
  Vertices: 1,421,903
  Format: 3D-FRONT (double xyz, double normals, uchar RGB)
  Vertices: 1,421,903
  Vertex size: 51 bytes
  ✓ Success
  Format: 3D-FRONT (double xyz, double normals, uchar RGB)
  Vertices: 926,968
  Vertex size: 51 bytes

Processing: f6db8d36-9eac-4b53-bd4d-095a85694626@LivingDiningRoom-3184
  PLY: /cluster/medbow/project/3dllms/melgin/datasets/3d-grand_unzipped/3D-FRONT/f6db8d36-9eac-4b53-bd4d-095a85694626/LivingDiningRoom-3184/LivingDiningRoom-3184.ply
  Vertices: 926,968
  Format: 3D-FRONT (double xyz, double normals, uchar RGB)
  Vertices: 926,968
  Vertex size: 51 bytes
  ✓ Success
  Format: 3D-FRONT (double xyz, double normals, uchar RGB)
  Vertices: 648,534
  Vertex size: 51 bytes

Processing: f6db8d36-9eac-4b53-bd4d-095a85694626@MasterBedroom-1969
  PLY: /cluster/medbow/project/3dllms/melgin/datasets/3d-grand_unzipped/3D-FRONT/f6db8d36-9eac-4b53-bd4d-095a85694626/MasterBedroom-1969/MasterBedroom-1969.ply
  Vertices: 648,534
  Format: 3D-FRONT (double xyz, double normals, uchar RGB)
  Vertices: 648,534
  Vertex size: 51 bytes
  ✓ Success
  Format: 3D-FRONT (double xyz, double normals, uchar RGB)
  Vertices: 623,920
  Vertex size: 51 bytes

Processing: f6db8d36-9eac-4b53-bd4d-095a85694626@SecondBedroom-2874
  PLY: /cluster/medbow/project/3dllms/melgin/datasets/3d-grand_unzipped/3D-FRONT/f6db8d36-9eac-4b53-bd4d-095a85694626/SecondBedroom-2874/SecondBedroom-2874.ply
  Vertices: 623,920
  Format: 3D-FRONT (double xyz, double normals, uchar RGB)
  Vertices: 623,920
  Vertex size: 51 bytes
  ✓ Success
  Format: 3D-FRONT (double xyz, double normals, uchar RGB)
  Vertices: 465,917
  Vertex size: 51 bytes

Processing: f6eb3b89-4fd1-41fb-8064-4fc54194e472@Bedroom-31327
  PLY: /cluster/medbow/project/3dllms/melgin/datasets/3d-grand_unzipped/3D-FRONT/f6eb3b89-4fd1-41fb-8064-4fc54194e472/Bedroom-31327/Bedroom-31327.ply
  Vertices: 465,917
  Format: 3D-FRONT (double xyz, double normals, uchar RGB)
  Vertices: 465,917
  Vertex size: 51 bytes
  ✓ Success
  Format: 3D-FRONT (double xyz, double normals, uchar RGB)
  Vertices: 853,889
  Vertex size: 51 bytes

Processing: f6eb3b89-4fd1-41fb-8064-4fc54194e472@LivingRoom-31779
  PLY: /cluster/medbow/project/3dllms/melgin/datasets/3d-grand_unzipped/3D-FRONT/f6eb3b89-4fd1-41fb-8064-4fc54194e472/LivingRoom-31779/LivingRoom-31779.ply
  Vertices: 853,889
  Format: 3D-FRONT (double xyz, double normals, uchar RGB)
  Vertices: 853,889
  Vertex size: 51 bytes
  ✓ Success
  Format: 3D-FRONT (double xyz, double normals, uchar RGB)
  Vertices: 1,221,643
  Vertex size: 51 bytes

Processing: f6f93fd0-4130-46ff-99d4-cd42bdd0ffe8@LivingDiningRoom-634
  PLY: /cluster/medbow/project/3dllms/melgin/datasets/3d-grand_unzipped/3D-FRONT/f6f93fd0-4130-46ff-99d4-cd42bdd0ffe8/LivingDiningRoom-634/LivingDiningRoom-634.ply
  Vertices: 1,221,643
  Format: 3D-FRONT (double xyz, double normals, uchar RGB)
  Vertices: 1,221,643
  Vertex size: 51 bytes
  ✓ Success
  Format: 3D-FRONT (double xyz, double normals, uchar RGB)
  Vertices: 16,659
  Vertex size: 51 bytes

Processing: f6f93fd0-4130-46ff-99d4-cd42bdd0ffe8@MasterBedroom-108
  PLY: /cluster/medbow/project/3dllms/melgin/datasets/3d-grand_unzipped/3D-FRONT/f6f93fd0-4130-46ff-99d4-cd42bdd0ffe8/MasterBedroom-108/MasterBedroom-108.ply
  Vertices: 16,659
  Format: 3D-FRONT (double xyz, double normals, uchar RGB)
  Vertices: 16,659
  Vertex size: 51 bytes
  ✓ Success
  Format: 3D-FRONT (double xyz, double normals, uchar RGB)
  Vertices: 576,163
  Vertex size: 51 bytes

Processing: f6f93fd0-4130-46ff-99d4-cd42bdd0ffe8@SecondBedroom-546
  PLY: /cluster/medbow/project/3dllms/melgin/datasets/3d-grand_unzipped/3D-FRONT/f6f93fd0-4130-46ff-99d4-cd42bdd0ffe8/SecondBedroom-546/SecondBedroom-546.ply
  Vertices: 576,163
  Format: 3D-FRONT (double xyz, double normals, uchar RGB)
  Vertices: 576,163
  Vertex size: 51 bytes
  ✓ Success
  Format: 3D-FRONT (double xyz, double normals, uchar RGB)
  Vertices: 1,300,746
  Vertex size: 51 bytes

Processing: f708f86c-806d-4671-b50c-03c0fff1a1ee@LivingDiningRoom-515
  PLY: /cluster/medbow/project/3dllms/melgin/datasets/3d-grand_unzipped/3D-FRONT/f708f86c-806d-4671-b50c-03c0fff1a1ee/LivingDiningRoom-515/LivingDiningRoom-515.ply
  Vertices: 1,300,746
  Format: 3D-FRONT (double xyz, double normals, uchar RGB)
  Vertices: 1,300,746
  Vertex size: 51 bytes
  ✓ Success
  Format: 3D-FRONT (double xyz, double normals, uchar RGB)
  Vertices: 524,665
  Vertex size: 51 bytes

Processing: f7168796-b600-4453-9d54-41314f27bed3@DiningRoom-50445
  PLY: /cluster/medbow/project/3dllms/melgin/datasets/3d-grand_unzipped/3D-FRONT/f7168796-b600-4453-9d54-41314f27bed3/DiningRoom-50445/DiningRoom-50445.ply
  Vertices: 524,665
  Format: 3D-FRONT (double xyz, double normals, uchar RGB)
  Vertices: 524,665
  Vertex size: 51 bytes
  ✓ Success
  Format: 3D-FRONT (double xyz, double normals, uchar RGB)
  Vertices: 886,586
  Vertex size: 51 bytes

Processing: f7168796-b600-4453-9d54-41314f27bed3@LivingRoom-50269
  PLY: /cluster/medbow/project/3dllms/melgin/datasets/3d-grand_unzipped/3D-FRONT/f7168796-b600-4453-9d54-41314f27bed3/LivingRoom-50269/LivingRoom-50269.ply
  Vertices: 886,586
  Format: 3D-FRONT (double xyz, double normals, uchar RGB)
  Vertices: 886,586
  Vertex size: 51 bytes
  ✓ Success
  Format: 3D-FRONT (double xyz, double normals, uchar RGB)
  Vertices: 19,375
  Vertex size: 51 bytes

Processing: f7168796-b600-4453-9d54-41314f27bed3@MasterBedroom-52771
  PLY: /cluster/medbow/project/3dllms/melgin/datasets/3d-grand_unzipped/3D-FRONT/f7168796-b600-4453-9d54-41314f27bed3/MasterBedroom-52771/MasterBedroom-52771.ply
  Vertices: 19,375
  Format: 3D-FRONT (double xyz, double normals, uchar RGB)
  Vertices: 19,375
  Vertex size: 51 bytes
  ✓ Success
  Format: 3D-FRONT (double xyz, double normals, uchar RGB)
  Vertices: 1,244,637
  Vertex size: 51 bytes

Processing: f7522f3a-2861-4aa4-afb5-ef4a8fb46aae@LivingDiningRoom-211110
  PLY: /cluster/medbow/project/3dllms/melgin/datasets/3d-grand_unzipped/3D-FRONT/f7522f3a-2861-4aa4-afb5-ef4a8fb46aae/LivingDiningRoom-211110/LivingDiningRoom-211110.ply
  Vertices: 1,244,637
  Format: 3D-FRONT (double xyz, double normals, uchar RGB)
  Vertices: 1,244,637
  Vertex size: 51 bytes
  ✓ Success
  Format: 3D-FRONT (double xyz, double normals, uchar RGB)
  Vertices: 548,434
  Vertex size: 51 bytes

Processing: f7522f3a-2861-4aa4-afb5-ef4a8fb46aae@MasterBedroom-207892
  PLY: /cluster/medbow/project/3dllms/melgin/datasets/3d-grand_unzipped/3D-FRONT/f7522f3a-2861-4aa4-afb5-ef4a8fb46aae/MasterBedroom-207892/MasterBedroom-207892.ply
  Vertices: 548,434
  Format: 3D-FRONT (double xyz, double normals, uchar RGB)
  Vertices: 548,434
  Vertex size: 51 bytes
  ✓ Success
  Format: 3D-FRONT (double xyz, double normals, uchar RGB)
  Vertices: 324,213
  Vertex size: 51 bytes

Processing: f7522f3a-2861-4aa4-afb5-ef4a8fb46aae@SecondBedroom-208237
  PLY: /cluster/medbow/project/3dllms/melgin/datasets/3d-grand_unzipped/3D-FRONT/f7522f3a-2861-4aa4-afb5-ef4a8fb46aae/SecondBedroom-208237/SecondBedroom-208237.ply
  Vertices: 324,213
  Format: 3D-FRONT (double xyz, double normals, uchar RGB)
  Vertices: 324,213
  Vertex size: 51 bytes
  ✓ Success
  Format: 3D-FRONT (double xyz, double normals, uchar RGB)
  Vertices: 933,633
  Vertex size: 51 bytes

Processing: f7543d70-88eb-4b02-9c9a-e7292e1beb50@MasterBedroom-42
  PLY: /cluster/medbow/project/3dllms/melgin/datasets/3d-grand_unzipped/3D-FRONT/f7543d70-88eb-4b02-9c9a-e7292e1beb50/MasterBedroom-42/MasterBedroom-42.ply
  Vertices: 933,633
  Format: 3D-FRONT (double xyz, double normals, uchar RGB)
  Vertices: 933,633
  Vertex size: 51 bytes
  ✓ Success
  Format: 3D-FRONT (double xyz, double normals, uchar RGB)
  Vertices: 1,305,447
  Vertex size: 51 bytes

Processing: f76662cd-344f-46ee-be95-3f2d0cfb7249@LivingDiningRoom-14473
  PLY: /cluster/medbow/project/3dllms/melgin/datasets/3d-grand_unzipped/3D-FRONT/f76662cd-344f-46ee-be95-3f2d0cfb7249/LivingDiningRoom-14473/LivingDiningRoom-14473.ply
  Vertices: 1,305,447
  Format: 3D-FRONT (double xyz, double normals, uchar RGB)
  Vertices: 1,305,447
  Vertex size: 51 bytes
  ✓ Success
  Format: 3D-FRONT (double xyz, double normals, uchar RGB)
  Vertices: 513,309
  Vertex size: 51 bytes

Processing: f76662cd-344f-46ee-be95-3f2d0cfb7249@MasterBedroom-15690
  PLY: /cluster/medbow/project/3dllms/melgin/datasets/3d-grand_unzipped/3D-FRONT/f76662cd-344f-46ee-be95-3f2d0cfb7249/MasterBedroom-15690/MasterBedroom-15690.ply
  Vertices: 513,309
  Format: 3D-FRONT (double xyz, double normals, uchar RGB)
  Vertices: 513,309
  Vertex size: 51 bytes
  ✓ Success
  Format: 3D-FRONT (double xyz, double normals, uchar RGB)
  Vertices: 500,893
  Vertex size: 51 bytes

Processing: f76662cd-344f-46ee-be95-3f2d0cfb7249@SecondBedroom-14804
  PLY: /cluster/medbow/project/3dllms/melgin/datasets/3d-grand_unzipped/3D-FRONT/f76662cd-344f-46ee-be95-3f2d0cfb7249/SecondBedroom-14804/SecondBedroom-14804.ply
  Vertices: 500,893
  Format: 3D-FRONT (double xyz, double normals, uchar RGB)
  Vertices: 500,893
  Vertex size: 51 bytes
  ✓ Success
  Format: 3D-FRONT (double xyz, double normals, uchar RGB)
  Vertices: 489,200
  Vertex size: 51 bytes

Processing: f772e87d-44c4-4821-b975-ef8af7bd0a68@Bedroom-108
  PLY: /cluster/medbow/project/3dllms/melgin/datasets/3d-grand_unzipped/3D-FRONT/f772e87d-44c4-4821-b975-ef8af7bd0a68/Bedroom-108/Bedroom-108.ply
  Vertices: 489,200
  Format: 3D-FRONT (double xyz, double normals, uchar RGB)
  Vertices: 489,200
  Vertex size: 51 bytes
  ✓ Success
  Format: 3D-FRONT (double xyz, double normals, uchar RGB)
  Vertices: 26,947
  Vertex size: 51 bytes

Processing: f772e87d-44c4-4821-b975-ef8af7bd0a68@Bedroom-422
  PLY: /cluster/medbow/project/3dllms/melgin/datasets/3d-grand_unzipped/3D-FRONT/f772e87d-44c4-4821-b975-ef8af7bd0a68/Bedroom-422/Bedroom-422.ply
  Vertices: 26,947
  Format: 3D-FRONT (double xyz, double normals, uchar RGB)
  Vertices: 26,947
  Vertex size: 51 bytes
  ✓ Success
  Format: 3D-FRONT (double xyz, double normals, uchar RGB)
  Vertices: 296,329
  Vertex size: 51 bytes

Processing: f772e87d-44c4-4821-b975-ef8af7bd0a68@Bedroom-764
  PLY: /cluster/medbow/project/3dllms/melgin/datasets/3d-grand_unzipped/3D-FRONT/f772e87d-44c4-4821-b975-ef8af7bd0a68/Bedroom-764/Bedroom-764.ply
  Vertices: 296,329
  Format: 3D-FRONT (double xyz, double normals, uchar RGB)
  Vertices: 296,329
  Vertex size: 51 bytes
  ✓ Success
  Format: 3D-FRONT (double xyz, double normals, uchar RGB)
  Vertices: 18,935
  Vertex size: 51 bytes

Processing: 750af363-a238-4d04-a5ad-2c97998a8e4e@Corridor-50674
  PLY: /cluster/medbow/project/3dllms/melgin/datasets/3d-grand_unzipped/3D-FRONT/750af363-a238-4d04-a5ad-2c97998a8e4e/Corridor-50674/Corridor-50674.ply
  Vertices: 18,935
  Format: 3D-FRONT (double xyz, double normals, uchar RGB)
  Vertices: 18,935
  Vertex size: 51 bytes
  ✓ Success
  Format: 3D-FRONT (double xyz, double normals, uchar RGB)
  Vertices: 1,157,431
  Vertex size: 51 bytes

Processing: f772e87d-44c4-4821-b975-ef8af7bd0a68@LivingDiningRoom-312
  PLY: /cluster/medbow/project/3dllms/melgin/datasets/3d-grand_unzipped/3D-FRONT/f772e87d-44c4-4821-b975-ef8af7bd0a68/LivingDiningRoom-312/LivingDiningRoom-312.ply
  Vertices: 1,157,431
  Format: 3D-FRONT (double xyz, double normals, uchar RGB)
  Vertices: 1,157,431
  Vertex size: 51 bytes
  ✓ Success
  Format: 3D-FRONT (double xyz, double normals, uchar RGB)
  Vertices: 450,130
  Vertex size: 51 bytes

Processing: f792305b-73a1-44ca-a818-33a0172a3a18@Bedroom-4076
  PLY: /cluster/medbow/project/3dllms/melgin/datasets/3d-grand_unzipped/3D-FRONT/f792305b-73a1-44ca-a818-33a0172a3a18/Bedroom-4076/Bedroom-4076.ply
  Vertices: 450,130
  Format: 3D-FRONT (double xyz, double normals, uchar RGB)
  Vertices: 450,130
  Vertex size: 51 bytes
  ✓ Success
  Format: 3D-FRONT (double xyz, double normals, uchar RGB)
  Vertices: 1,231,019
  Vertex size: 51 bytes

Processing: f792305b-73a1-44ca-a818-33a0172a3a18@LivingDiningRoom-9051
  PLY: /cluster/medbow/project/3dllms/melgin/datasets/3d-grand_unzipped/3D-FRONT/f792305b-73a1-44ca-a818-33a0172a3a18/LivingDiningRoom-9051/LivingDiningRoom-9051.ply
  Vertices: 1,231,019
  Format: 3D-FRONT (double xyz, double normals, uchar RGB)
  Vertices: 1,231,019
  Vertex size: 51 bytes
  ✓ Success
  Format: 3D-FRONT (double xyz, double normals, uchar RGB)
  Vertices: 520,867
  Vertex size: 51 bytes

Processing: f7a3bd11-edb2-41ee-b15c-79730eba86b1@MasterBedroom-12183
  PLY: /cluster/medbow/project/3dllms/melgin/datasets/3d-grand_unzipped/3D-FRONT/f7a3bd11-edb2-41ee-b15c-79730eba86b1/MasterBedroom-12183/MasterBedroom-12183.ply
  Vertices: 520,867
  Format: 3D-FRONT (double xyz, double normals, uchar RGB)
  Vertices: 520,867
  Vertex size: 51 bytes
  ✓ Success
  Format: 3D-FRONT (double xyz, double normals, uchar RGB)
  Vertices: 817,479
  Vertex size: 51 bytes

Processing: f7a3bd11-edb2-41ee-b15c-79730eba86b1@MasterBedroom-12845
  PLY: /cluster/medbow/project/3dllms/melgin/datasets/3d-grand_unzipped/3D-FRONT/f7a3bd11-edb2-41ee-b15c-79730eba86b1/MasterBedroom-12845/MasterBedroom-12845.ply
  Vertices: 817,479
  Format: 3D-FRONT (double xyz, double normals, uchar RGB)
  Vertices: 817,479
  Vertex size: 51 bytes
  ✓ Success
  Format: 3D-FRONT (double xyz, double normals, uchar RGB)
  Vertices: 286,938
  Vertex size: 51 bytes

Processing: f7a3bd11-edb2-41ee-b15c-79730eba86b1@SecondBedroom-4316
  PLY: /cluster/medbow/project/3dllms/melgin/datasets/3d-grand_unzipped/3D-FRONT/f7a3bd11-edb2-41ee-b15c-79730eba86b1/SecondBedroom-4316/SecondBedroom-4316.ply
  Vertices: 286,938
  Format: 3D-FRONT (double xyz, double normals, uchar RGB)
  Vertices: 286,938
  Vertex size: 51 bytes
  ✓ Success
  Format: 3D-FRONT (double xyz, double normals, uchar RGB)
  Vertices: 497,112
  Vertex size: 51 bytes

Processing: f7bb4bf9-394a-469b-9256-252b05235538@Bedroom-22136
  PLY: /cluster/medbow/project/3dllms/melgin/datasets/3d-grand_unzipped/3D-FRONT/f7bb4bf9-394a-469b-9256-252b05235538/Bedroom-22136/Bedroom-22136.ply
  Vertices: 497,112
  Format: 3D-FRONT (double xyz, double normals, uchar RGB)
  Vertices: 497,112
  Vertex size: 51 bytes
  ✓ Success
  Format: 3D-FRONT (double xyz, double normals, uchar RGB)
  Vertices: 79,049
  Vertex size: 51 bytes

Processing: f7bb4bf9-394a-469b-9256-252b05235538@Bedroom-23959
  PLY: /cluster/medbow/project/3dllms/melgin/datasets/3d-grand_unzipped/3D-FRONT/f7bb4bf9-394a-469b-9256-252b05235538/Bedroom-23959/Bedroom-23959.ply
  Vertices: 79,049
  Format: 3D-FRONT (double xyz, double normals, uchar RGB)
  Vertices: 79,049
  Vertex size: 51 bytes
  ✓ Success
  Format: 3D-FRONT (double xyz, double normals, uchar RGB)
  Vertices: 542,246
  Vertex size: 51 bytes

Processing: f7bb4bf9-394a-469b-9256-252b05235538@Bedroom-24002
  PLY: /cluster/medbow/project/3dllms/melgin/datasets/3d-grand_unzipped/3D-FRONT/f7bb4bf9-394a-469b-9256-252b05235538/Bedroom-24002/Bedroom-24002.ply
  Vertices: 542,246
  Format: 3D-FRONT (double xyz, double normals, uchar RGB)
  Vertices: 542,246
  Vertex size: 51 bytes
  ✓ Success
  Format: 3D-FRONT (double xyz, double normals, uchar RGB)
  Vertices: 562,539
  Vertex size: 51 bytes

Processing: f7bb4bf9-394a-469b-9256-252b05235538@DiningRoom-23124
  PLY: /cluster/medbow/project/3dllms/melgin/datasets/3d-grand_unzipped/3D-FRONT/f7bb4bf9-394a-469b-9256-252b05235538/DiningRoom-23124/DiningRoom-23124.ply
  Vertices: 562,539
  Format: 3D-FRONT (double xyz, double normals, uchar RGB)
  Vertices: 562,539
  Vertex size: 51 bytes
  ✓ Success
  Format: 3D-FRONT (double xyz, double normals, uchar RGB)
  Vertices: 653,478
  Vertex size: 51 bytes

Processing: f7bb4bf9-394a-469b-9256-252b05235538@LivingRoom-23197
  PLY: /cluster/medbow/project/3dllms/melgin/datasets/3d-grand_unzipped/3D-FRONT/f7bb4bf9-394a-469b-9256-252b05235538/LivingRoom-23197/LivingRoom-23197.ply
  Vertices: 653,478
  Format: 3D-FRONT (double xyz, double normals, uchar RGB)
  Vertices: 653,478
  Vertex size: 51 bytes
  ✓ Success
  Format: 3D-FRONT (double xyz, double normals, uchar RGB)
  Vertices: 402,803
  Vertex size: 51 bytes

Processing: f7cf5008-957f-4286-8854-20f34f2a8ce3@KidsRoom-9885
  PLY: /cluster/medbow/project/3dllms/melgin/datasets/3d-grand_unzipped/3D-FRONT/f7cf5008-957f-4286-8854-20f34f2a8ce3/KidsRoom-9885/KidsRoom-9885.ply
  Vertices: 402,803
  Format: 3D-FRONT (double xyz, double normals, uchar RGB)
  Vertices: 402,803
  Vertex size: 51 bytes
  ✓ Success
  Format: 3D-FRONT (double xyz, double normals, uchar RGB)
  Vertices: 483,601
  Vertex size: 51 bytes

Processing: f7cf5008-957f-4286-8854-20f34f2a8ce3@Library-10737
  PLY: /cluster/medbow/project/3dllms/melgin/datasets/3d-grand_unzipped/3D-FRONT/f7cf5008-957f-4286-8854-20f34f2a8ce3/Library-10737/Library-10737.ply
  Vertices: 483,601
  Format: 3D-FRONT (double xyz, double normals, uchar RGB)
  Vertices: 483,601
  Vertex size: 51 bytes
  ✓ Success
  Format: 3D-FRONT (double xyz, double normals, uchar RGB)
  Vertices: 1,714,785
  Vertex size: 51 bytes

Processing: f7cf5008-957f-4286-8854-20f34f2a8ce3@LivingDiningRoom-14796
  PLY: /cluster/medbow/project/3dllms/melgin/datasets/3d-grand_unzipped/3D-FRONT/f7cf5008-957f-4286-8854-20f34f2a8ce3/LivingDiningRoom-14796/LivingDiningRoom-14796.ply
  Vertices: 1,714,785
  Format: 3D-FRONT (double xyz, double normals, uchar RGB)
  Vertices: 1,714,785
  Vertex size: 51 bytes
  ✓ Success
  Format: 3D-FRONT (double xyz, double normals, uchar RGB)
  Vertices: 562,129
  Vertex size: 51 bytes

Processing: f7cf5008-957f-4286-8854-20f34f2a8ce3@MasterBedroom-11613
  PLY: /cluster/medbow/project/3dllms/melgin/datasets/3d-grand_unzipped/3D-FRONT/f7cf5008-957f-4286-8854-20f34f2a8ce3/MasterBedroom-11613/MasterBedroom-11613.ply
  Vertices: 562,129
  Format: 3D-FRONT (double xyz, double normals, uchar RGB)
  Vertices: 562,129
  Vertex size: 51 bytes
  ✓ Success
  Format: 3D-FRONT (double xyz, double normals, uchar RGB)
  Vertices: 1,441,409
  Vertex size: 51 bytes

Processing: f7d7e3c8-2593-401f-aa35-37785b9ab987@LivingDiningRoom-2029
  PLY: /cluster/medbow/project/3dllms/melgin/datasets/3d-grand_unzipped/3D-FRONT/f7d7e3c8-2593-401f-aa35-37785b9ab987/LivingDiningRoom-2029/LivingDiningRoom-2029.ply
  Vertices: 1,441,409
  Format: 3D-FRONT (double xyz, double normals, uchar RGB)
  Vertices: 1,441,409
  Vertex size: 51 bytes
  ✓ Success
  Format: 3D-FRONT (double xyz, double normals, uchar RGB)
  Vertices: 531,763
  Vertex size: 51 bytes

Processing: f7d7e3c8-2593-401f-aa35-37785b9ab987@MasterBedroom-2708
  PLY: /cluster/medbow/project/3dllms/melgin/datasets/3d-grand_unzipped/3D-FRONT/f7d7e3c8-2593-401f-aa35-37785b9ab987/MasterBedroom-2708/MasterBedroom-2708.ply
  Vertices: 531,763
  Format: 3D-FRONT (double xyz, double normals, uchar RGB)
  Vertices: 531,763
  Vertex size: 51 bytes
  ✓ Success
  Format: 3D-FRONT (double xyz, double normals, uchar RGB)
  Vertices: 339,346
  Vertex size: 51 bytes

Processing: f7d7e3c8-2593-401f-aa35-37785b9ab987@SecondBedroom-2428
  PLY: /cluster/medbow/project/3dllms/melgin/datasets/3d-grand_unzipped/3D-FRONT/f7d7e3c8-2593-401f-aa35-37785b9ab987/SecondBedroom-2428/SecondBedroom-2428.ply
  Vertices: 339,346
  Format: 3D-FRONT (double xyz, double normals, uchar RGB)
  Vertices: 339,346
  Vertex size: 51 bytes
  ✓ Success
  Format: 3D-FRONT (double xyz, double normals, uchar RGB)
  Vertices: 1,204,421
  Vertex size: 51 bytes

Processing: f7dc9d75-8552-4722-997f-f8d2dd1a570a@LivingRoom-1166
  PLY: /cluster/medbow/project/3dllms/melgin/datasets/3d-grand_unzipped/3D-FRONT/f7dc9d75-8552-4722-997f-f8d2dd1a570a/LivingRoom-1166/LivingRoom-1166.ply
  Vertices: 1,204,421
  Format: 3D-FRONT (double xyz, double normals, uchar RGB)
  Vertices: 1,204,421
  Vertex size: 51 bytes
  ✓ Success
  Format: 3D-FRONT (double xyz, double normals, uchar RGB)
  Vertices: 419,040
  Vertex size: 51 bytes

Processing: f7f1f448-8a7e-4b56-935b-83ab1d524a71@Bedroom-17036
  PLY: /cluster/medbow/project/3dllms/melgin/datasets/3d-grand_unzipped/3D-FRONT/f7f1f448-8a7e-4b56-935b-83ab1d524a71/Bedroom-17036/Bedroom-17036.ply
  Vertices: 419,040
  Format: 3D-FRONT (double xyz, double normals, uchar RGB)
  Vertices: 419,040
  Vertex size: 51 bytes
  ✓ Success
  Format: 3D-FRONT (double xyz, double normals, uchar RGB)
  Vertices: 302,589
  Vertex size: 51 bytes

Processing: 058bec6f-bbc7-45ce-b5a1-177aea63be4f@ElderlyRoom-13652
  PLY: /cluster/medbow/project/3dllms/melgin/datasets/3d-grand_unzipped/3D-FRONT/058bec6f-bbc7-45ce-b5a1-177aea63be4f/ElderlyRoom-13652/ElderlyRoom-13652.ply
  Vertices: 302,589
  Format: 3D-FRONT (double xyz, double normals, uchar RGB)
  Vertices: 302,589
  Vertex size: 51 bytes
  ✓ Success
  Format: 3D-FRONT (double xyz, double normals, uchar RGB)
  Vertices: 246,874
  Vertex size: 51 bytes

Processing: f7f1f448-8a7e-4b56-935b-83ab1d524a71@Library-20277
  PLY: /cluster/medbow/project/3dllms/melgin/datasets/3d-grand_unzipped/3D-FRONT/f7f1f448-8a7e-4b56-935b-83ab1d524a71/Library-20277/Library-20277.ply
  Vertices: 246,874
  Format: 3D-FRONT (double xyz, double normals, uchar RGB)
  Vertices: 246,874
  Vertex size: 51 bytes
  ✓ Success
  Format: 3D-FRONT (double xyz, double normals, uchar RGB)
  Vertices: 1,190,541
  Vertex size: 51 bytes

Processing: f7f1f448-8a7e-4b56-935b-83ab1d524a71@LivingRoom-20330
  PLY: /cluster/medbow/project/3dllms/melgin/datasets/3d-grand_unzipped/3D-FRONT/f7f1f448-8a7e-4b56-935b-83ab1d524a71/LivingRoom-20330/LivingRoom-20330.ply
  Vertices: 1,190,541
  Format: 3D-FRONT (double xyz, double normals, uchar RGB)
  Vertices: 1,190,541
  Vertex size: 51 bytes
  ✓ Success
  Format: 3D-FRONT (double xyz, double normals, uchar RGB)
  Vertices: 638,027
  Vertex size: 51 bytes

Processing: f7f1f448-8a7e-4b56-935b-83ab1d524a71@MasterBedroom-22344
  PLY: /cluster/medbow/project/3dllms/melgin/datasets/3d-grand_unzipped/3D-FRONT/f7f1f448-8a7e-4b56-935b-83ab1d524a71/MasterBedroom-22344/MasterBedroom-22344.ply
  Vertices: 638,027
  Format: 3D-FRONT (double xyz, double normals, uchar RGB)
  Vertices: 638,027
  Vertex size: 51 bytes
  ✓ Success
  Format: 3D-FRONT (double xyz, double normals, uchar RGB)
  Vertices: 474,280
  Vertex size: 51 bytes

Processing: f807cca3-8e6b-4f4f-8823-30c5a3247ed1@Bedroom-302
  PLY: /cluster/medbow/project/3dllms/melgin/datasets/3d-grand_unzipped/3D-FRONT/f807cca3-8e6b-4f4f-8823-30c5a3247ed1/Bedroom-302/Bedroom-302.ply
  Vertices: 474,280
  Format: 3D-FRONT (double xyz, double normals, uchar RGB)
  Vertices: 474,280
  Vertex size: 51 bytes
  ✓ Success
  Format: 3D-FRONT (double xyz, double normals, uchar RGB)
  Vertices: 518,004
  Vertex size: 51 bytes

Processing: f807cca3-8e6b-4f4f-8823-30c5a3247ed1@Bedroom-372
  PLY: /cluster/medbow/project/3dllms/melgin/datasets/3d-grand_unzipped/3D-FRONT/f807cca3-8e6b-4f4f-8823-30c5a3247ed1/Bedroom-372/Bedroom-372.ply
  Vertices: 518,004
  Format: 3D-FRONT (double xyz, double normals, uchar RGB)
  Vertices: 518,004
  Vertex size: 51 bytes
  ✓ Success
  Format: 3D-FRONT (double xyz, double normals, uchar RGB)
  Vertices: 492,658
  Vertex size: 51 bytes

Processing: f807cca3-8e6b-4f4f-8823-30c5a3247ed1@LivingDiningRoom-204
  PLY: /cluster/medbow/project/3dllms/melgin/datasets/3d-grand_unzipped/3D-FRONT/f807cca3-8e6b-4f4f-8823-30c5a3247ed1/LivingDiningRoom-204/LivingDiningRoom-204.ply
  Vertices: 492,658
  Format: 3D-FRONT (double xyz, double normals, uchar RGB)
  Vertices: 492,658
  Vertex size: 51 bytes
  ✓ Success
  Format: 3D-FRONT (double xyz, double normals, uchar RGB)
  Vertices: 255,205
  Vertex size: 51 bytes

Processing: f82d44c6-df98-404b-870d-b6f378d2151e@Library-5003
  PLY: /cluster/medbow/project/3dllms/melgin/datasets/3d-grand_unzipped/3D-FRONT/f82d44c6-df98-404b-870d-b6f378d2151e/Library-5003/Library-5003.ply
  Vertices: 255,205
  Format: 3D-FRONT (double xyz, double normals, uchar RGB)
  Vertices: 255,205
  Vertex size: 51 bytes
  ✓ Success
  Format: 3D-FRONT (double xyz, double normals, uchar RGB)
  Vertices: 1,177,335
  Vertex size: 51 bytes

Processing: f82d44c6-df98-404b-870d-b6f378d2151e@LivingDiningRoom-6060
  PLY: /cluster/medbow/project/3dllms/melgin/datasets/3d-grand_unzipped/3D-FRONT/f82d44c6-df98-404b-870d-b6f378d2151e/LivingDiningRoom-6060/LivingDiningRoom-6060.ply
  Vertices: 1,177,335
  Format: 3D-FRONT (double xyz, double normals, uchar RGB)
  Vertices: 1,177,335
  Vertex size: 51 bytes
  ✓ Success
  Format: 3D-FRONT (double xyz, double normals, uchar RGB)
  Vertices: 497,356
  Vertex size: 51 bytes

Processing: f82d44c6-df98-404b-870d-b6f378d2151e@MasterBedroom-5362
  PLY: /cluster/medbow/project/3dllms/melgin/datasets/3d-grand_unzipped/3D-FRONT/f82d44c6-df98-404b-870d-b6f378d2151e/MasterBedroom-5362/MasterBedroom-5362.ply
  Vertices: 497,356
  Format: 3D-FRONT (double xyz, double normals, uchar RGB)
  Vertices: 497,356
  Vertex size: 51 bytes
  ✓ Success
  Format: 3D-FRONT (double xyz, double normals, uchar RGB)
  Vertices: 362,472
  Vertex size: 51 bytes

Processing: f82d44c6-df98-404b-870d-b6f378d2151e@SecondBedroom-5693
  PLY: /cluster/medbow/project/3dllms/melgin/datasets/3d-grand_unzipped/3D-FRONT/f82d44c6-df98-404b-870d-b6f378d2151e/SecondBedroom-5693/SecondBedroom-5693.ply
  Vertices: 362,472
  Format: 3D-FRONT (double xyz, double normals, uchar RGB)
  Vertices: 362,472
  Vertex size: 51 bytes
  ✓ Success
  Format: 3D-FRONT (double xyz, double normals, uchar RGB)
  Vertices: 379,656
  Vertex size: 51 bytes

Processing: f8339d99-447d-4c64-a830-8a896194edee@DiningRoom-13952
  PLY: /cluster/medbow/project/3dllms/melgin/datasets/3d-grand_unzipped/3D-FRONT/f8339d99-447d-4c64-a830-8a896194edee/DiningRoom-13952/DiningRoom-13952.ply
  Vertices: 379,656
  Format: 3D-FRONT (double xyz, double normals, uchar RGB)
  Vertices: 379,656
  Vertex size: 51 bytes
  ✓ Success
  Format: 3D-FRONT (double xyz, double normals, uchar RGB)
  Vertices: 715,612
  Vertex size: 51 bytes

Processing: f8339d99-447d-4c64-a830-8a896194edee@LivingRoom-13965
  PLY: /cluster/medbow/project/3dllms/melgin/datasets/3d-grand_unzipped/3D-FRONT/f8339d99-447d-4c64-a830-8a896194edee/LivingRoom-13965/LivingRoom-13965.ply
  Vertices: 715,612
  Format: 3D-FRONT (double xyz, double normals, uchar RGB)
  Vertices: 715,612
  Vertex size: 51 bytes
  ✓ Success
  Format: 3D-FRONT (double xyz, double normals, uchar RGB)
  Vertices: 566,460
  Vertex size: 51 bytes

Processing: f8339d99-447d-4c64-a830-8a896194edee@MasterBedroom-12131
  PLY: /cluster/medbow/project/3dllms/melgin/datasets/3d-grand_unzipped/3D-FRONT/f8339d99-447d-4c64-a830-8a896194edee/MasterBedroom-12131/MasterBedroom-12131.ply
  Vertices: 566,460
  Format: 3D-FRONT (double xyz, double normals, uchar RGB)
  Vertices: 566,460
  Vertex size: 51 bytes
  ✓ Success
  Format: 3D-FRONT (double xyz, double normals, uchar RGB)
  Vertices: 2,095,028
  Vertex size: 51 bytes

Processing: f84e9974-6fdd-4bc9-a511-d0586967ef2c@LivingRoom-515
  PLY: /cluster/medbow/project/3dllms/melgin/datasets/3d-grand_unzipped/3D-FRONT/f84e9974-6fdd-4bc9-a511-d0586967ef2c/LivingRoom-515/LivingRoom-515.ply
  Vertices: 2,095,028
  Format: 3D-FRONT (double xyz, double normals, uchar RGB)
  Vertices: 2,095,028
  Vertex size: 51 bytes
  ✓ Success
  Format: 3D-FRONT (double xyz, double normals, uchar RGB)
  Vertices: 497,480
  Vertex size: 51 bytes

Processing: f851ec5a-4b4b-4640-980d-95da12603880@Bedroom-1277
  PLY: /cluster/medbow/project/3dllms/melgin/datasets/3d-grand_unzipped/3D-FRONT/f851ec5a-4b4b-4640-980d-95da12603880/Bedroom-1277/Bedroom-1277.ply
  Vertices: 497,480
  Format: 3D-FRONT (double xyz, double normals, uchar RGB)
  Vertices: 497,480
  Vertex size: 51 bytes
  ✓ Success
  Format: 3D-FRONT (double xyz, double normals, uchar RGB)
  Vertices: 728,471
  Vertex size: 51 bytes

Processing: f851ec5a-4b4b-4640-980d-95da12603880@LivingDiningRoom-734
  PLY: /cluster/medbow/project/3dllms/melgin/datasets/3d-grand_unzipped/3D-FRONT/f851ec5a-4b4b-4640-980d-95da12603880/LivingDiningRoom-734/LivingDiningRoom-734.ply
  Vertices: 728,471
  Format: 3D-FRONT (double xyz, double normals, uchar RGB)
  Vertices: 728,471
  Vertex size: 51 bytes
  ✓ Success
  Format: 3D-FRONT (double xyz, double normals, uchar RGB)
  Vertices: 1,205,045
  Vertex size: 51 bytes

Processing: f852908a-bf92-4fb7-8ed9-6d9eb8f5a81d@LivingDiningRoom-27263
  PLY: /cluster/medbow/project/3dllms/melgin/datasets/3d-grand_unzipped/3D-FRONT/f852908a-bf92-4fb7-8ed9-6d9eb8f5a81d/LivingDiningRoom-27263/LivingDiningRoom-27263.ply
  Vertices: 1,205,045
  Format: 3D-FRONT (double xyz, double normals, uchar RGB)
  Vertices: 1,205,045
  Vertex size: 51 bytes
  ✓ Success
  Format: 3D-FRONT (double xyz, double normals, uchar RGB)
  Vertices: 484,564
  Vertex size: 51 bytes

Processing: f852908a-bf92-4fb7-8ed9-6d9eb8f5a81d@MasterBedroom-22300
  PLY: /cluster/medbow/project/3dllms/melgin/datasets/3d-grand_unzipped/3D-FRONT/f852908a-bf92-4fb7-8ed9-6d9eb8f5a81d/MasterBedroom-22300/MasterBedroom-22300.ply
  Vertices: 484,564
  Format: 3D-FRONT (double xyz, double normals, uchar RGB)
  Vertices: 484,564
  Vertex size: 51 bytes
  ✓ Success
  Format: 3D-FRONT (double xyz, double normals, uchar RGB)
  Vertices: 494,468
  Vertex size: 51 bytes

Processing: f852908a-bf92-4fb7-8ed9-6d9eb8f5a81d@SecondBedroom-26054
  PLY: /cluster/medbow/project/3dllms/melgin/datasets/3d-grand_unzipped/3D-FRONT/f852908a-bf92-4fb7-8ed9-6d9eb8f5a81d/SecondBedroom-26054/SecondBedroom-26054.ply
  Vertices: 494,468
  Format: 3D-FRONT (double xyz, double normals, uchar RGB)
  Vertices: 494,468
  Vertex size: 51 bytes
  ✓ Success
  Format: 3D-FRONT (double xyz, double normals, uchar RGB)
  Vertices: 480,703
  Vertex size: 51 bytes

Processing: f859b03d-a55b-4e7e-8335-e02de450c873@Aisle-10899
  PLY: /cluster/medbow/project/3dllms/melgin/datasets/3d-grand_unzipped/3D-FRONT/f859b03d-a55b-4e7e-8335-e02de450c873/Aisle-10899/Aisle-10899.ply
  Vertices: 480,703
  Format: 3D-FRONT (double xyz, double normals, uchar RGB)
  Vertices: 480,703
  Vertex size: 51 bytes
  ✓ Success
  Format: 3D-FRONT (double xyz, double normals, uchar RGB)
  Vertices: 798,363
  Vertex size: 51 bytes

Processing: f859b03d-a55b-4e7e-8335-e02de450c873@ElderlyRoom-33141
  PLY: /cluster/medbow/project/3dllms/melgin/datasets/3d-grand_unzipped/3D-FRONT/f859b03d-a55b-4e7e-8335-e02de450c873/ElderlyRoom-33141/ElderlyRoom-33141.ply
  Vertices: 798,363
  Format: 3D-FRONT (double xyz, double normals, uchar RGB)
  Vertices: 798,363
  Vertex size: 51 bytes
  ✓ Success
  Format: 3D-FRONT (double xyz, double normals, uchar RGB)
  Vertices: 636,169
  Vertex size: 51 bytes

Processing: f859b03d-a55b-4e7e-8335-e02de450c873@LivingDiningRoom-137504
  PLY: /cluster/medbow/project/3dllms/melgin/datasets/3d-grand_unzipped/3D-FRONT/f859b03d-a55b-4e7e-8335-e02de450c873/LivingDiningRoom-137504/LivingDiningRoom-137504.ply
  Vertices: 636,169
  Format: 3D-FRONT (double xyz, double normals, uchar RGB)
  Vertices: 636,169
  Vertex size: 51 bytes
  ✓ Success
  Format: 3D-FRONT (double xyz, double normals, uchar RGB)
  Vertices: 1,447,316
  Vertex size: 51 bytes

Processing: f859b03d-a55b-4e7e-8335-e02de450c873@LivingDiningRoom-170712
  PLY: /cluster/medbow/project/3dllms/melgin/datasets/3d-grand_unzipped/3D-FRONT/f859b03d-a55b-4e7e-8335-e02de450c873/LivingDiningRoom-170712/LivingDiningRoom-170712.ply
  Vertices: 1,447,316
  Format: 3D-FRONT (double xyz, double normals, uchar RGB)
  Vertices: 1,447,316
  Vertex size: 51 bytes
  ✓ Success
  Format: 3D-FRONT (double xyz, double normals, uchar RGB)
  Vertices: 640,504
  Vertex size: 51 bytes

Processing: f859b03d-a55b-4e7e-8335-e02de450c873@LivingRoom-43189
  PLY: /cluster/medbow/project/3dllms/melgin/datasets/3d-grand_unzipped/3D-FRONT/f859b03d-a55b-4e7e-8335-e02de450c873/LivingRoom-43189/LivingRoom-43189.ply
  Vertices: 640,504
  Format: 3D-FRONT (double xyz, double normals, uchar RGB)
  Vertices: 640,504
  Vertex size: 51 bytes
  ✓ Success
  Format: 3D-FRONT (double xyz, double normals, uchar RGB)
  Vertices: 493,309
  Vertex size: 51 bytes

Processing: f877d2a1-678f-49a0-a90e-e99ff27134c7@Bedroom-13179
  PLY: /cluster/medbow/project/3dllms/melgin/datasets/3d-grand_unzipped/3D-FRONT/f877d2a1-678f-49a0-a90e-e99ff27134c7/Bedroom-13179/Bedroom-13179.ply
  Vertices: 493,309
  Format: 3D-FRONT (double xyz, double normals, uchar RGB)
  Vertices: 493,309
  Vertex size: 51 bytes
  ✓ Success
  Format: 3D-FRONT (double xyz, double normals, uchar RGB)
  Vertices: 598,905
  Vertex size: 51 bytes

Processing: f877d2a1-678f-49a0-a90e-e99ff27134c7@DiningRoom-13034
  PLY: /cluster/medbow/project/3dllms/melgin/datasets/3d-grand_unzipped/3D-FRONT/f877d2a1-678f-49a0-a90e-e99ff27134c7/DiningRoom-13034/DiningRoom-13034.ply
  Vertices: 598,905
  Format: 3D-FRONT (double xyz, double normals, uchar RGB)
  Vertices: 598,905
  Vertex size: 51 bytes
  ✓ Success

======================================================================
SUMMARY
======================================================================
Successful: 99/99
Failed:     0/99
Output dir: /cluster/medbow/project/3dllms/melgin/datasets/3D-FRONT_processed

End time: Wed Oct  8 16:59:58 MDT 2025
======================================================================

End time: Wed Oct  8 16:59:59 MDT 2025
==========================================
