==========================================
3D-FRONT Preprocessing - Array Job 23
==========================================
Job ID: 44229446
Array Task ID: 23
Node: mbl40s-003
Start time: Wed Oct  8 16:39:01 MDT 2025

Python: /project/3dllms/melgin/conda/envs/lavis/bin/python
Conda env: lavis

NVIDIA L40S, 46068 MiB, 45469 MiB

Processing point clouds 2277 to 2375
Estimated count: 99

======================================================================
3D-FRONT Preprocessing - Array Job 23
======================================================================
Job ID: 44229446
Array Task ID: 23
Node: mbl40s-003
Start time: Wed Oct  8 16:39:13 MDT 2025

Python: /project/3dllms/melgin/conda/envs/lavis/bin/python3
Conda env: lavis

NVIDIA L40S, 45468 MiB, 45036 MiB

Processing point clouds 2277 to 2375
Estimated count: 99

Loading BLIP2 model...
Model loaded successfully!

