==========================================
3D-FRONT Preprocessing - Array Job 0
==========================================
Job ID: 44229421
Array Task ID: 0
Node: mbl40s-001
Start time: Wed Oct  8 16:36:16 MDT 2025

Python: /project/3dllms/melgin/conda/envs/lavis/bin/python
Conda env: lavis

NVIDIA L40S, 46068 MiB, 45469 MiB

Processing point clouds 0 to 98
Estimated count: 99

======================================================================
3D-FRONT Preprocessing - Array Job 0
======================================================================
Job ID: 44229421
Array Task ID: 0
Node: mbl40s-001
Start time: Wed Oct  8 16:36:31 MDT 2025

Python: /project/3dllms/melgin/conda/envs/lavis/bin/python3
Conda env: lavis

NVIDIA L40S, 45468 MiB, 45036 MiB

Processing point clouds 0 to 98
Estimated count: 99

Loading BLIP2 model...
Model loaded successfully!

  Format: 3D-FRONT (double xyz, double normals, uchar RGB)
  Vertices: 528,257
  Vertex size: 51 bytes

Processing: bf18f2a4-e180-4990-9ebb-1e52f4ab4e37@Lounge-55050
  PLY: /cluster/medbow/project/3dllms/melgin/datasets/3d-grand_unzipped/3D-FRONT/bf18f2a4-e180-4990-9ebb-1e52f4ab4e37/Lounge-55050/Lounge-55050.ply
  Vertices: 528,257
  Format: 3D-FRONT (double xyz, double normals, uchar RGB)
  Vertices: 528,257
  Vertex size: 51 bytes
  ✗ Error processing bf18f2a4-e180-4990-9ebb-1e52f4ab4e37@Lounge-55050: RGBA values should be within 0-1 range
  Format: 3D-FRONT (double xyz, double normals, uchar RGB)
  Vertices: 18,411
  Vertex size: 51 bytes

Processing: 007c0c17-cd85-400a-bdf0-80f0e1eefe2d@MasterBedroom-36811
  PLY: /cluster/medbow/project/3dllms/melgin/datasets/3d-grand_unzipped/3D-FRONT/007c0c17-cd85-400a-bdf0-80f0e1eefe2d/MasterBedroom-36811/MasterBedroom-36811.ply
  Vertices: 18,411
  Format: 3D-FRONT (double xyz, double normals, uchar RGB)
  Vertices: 18,411
  Vertex size: 51 bytes
  ✗ Error processing 007c0c17-cd85-400a-bdf0-80f0e1eefe2d@MasterBedroom-36811: RGBA values should be within 0-1 range
  Format: 3D-FRONT (double xyz, double normals, uchar RGB)
  Vertices: 14,787
  Vertex size: 51 bytes

Processing: 02743491-a175-4f08-ac1f-e329f80d1aa1@SecondBedroom-7932
  PLY: /cluster/medbow/project/3dllms/melgin/datasets/3d-grand_unzipped/3D-FRONT/02743491-a175-4f08-ac1f-e329f80d1aa1/SecondBedroom-7932/SecondBedroom-7932.ply
  Vertices: 14,787
  Format: 3D-FRONT (double xyz, double normals, uchar RGB)
  Vertices: 14,787
  Vertex size: 51 bytes
  ✗ Error processing 02743491-a175-4f08-ac1f-e329f80d1aa1@SecondBedroom-7932: RGBA values should be within 0-1 range
  Format: 3D-FRONT (double xyz, double normals, uchar RGB)
  Vertices: 1,578,992
  Vertex size: 51 bytes

Processing: bf1cb531-4e4c-4520-89cd-b0020a572903@LivingDiningRoom-91279
  PLY: /cluster/medbow/project/3dllms/melgin/datasets/3d-grand_unzipped/3D-FRONT/bf1cb531-4e4c-4520-89cd-b0020a572903/LivingDiningRoom-91279/LivingDiningRoom-91279.ply
  Vertices: 1,578,992
  Format: 3D-FRONT (double xyz, double normals, uchar RGB)
  Vertices: 1,578,992
  Vertex size: 51 bytes
  ✗ Error processing bf1cb531-4e4c-4520-89cd-b0020a572903@LivingDiningRoom-91279: RGBA values should be within 0-1 range
  Format: 3D-FRONT (double xyz, double normals, uchar RGB)
  Vertices: 333,859
  Vertex size: 51 bytes

Processing: 0047c3ab-951b-4182-9082-b9fbf099c142@MasterBedroom-1812
  PLY: /cluster/medbow/project/3dllms/melgin/datasets/3d-grand_unzipped/3D-FRONT/0047c3ab-951b-4182-9082-b9fbf099c142/MasterBedroom-1812/MasterBedroom-1812.ply
  Vertices: 333,859
  Format: 3D-FRONT (double xyz, double normals, uchar RGB)
  Vertices: 333,859
  Vertex size: 51 bytes
  ✗ Error processing 0047c3ab-951b-4182-9082-b9fbf099c142@MasterBedroom-1812: RGBA values should be within 0-1 range
  Format: 3D-FRONT (double xyz, double normals, uchar RGB)
  Vertices: 308,607
  Vertex size: 51 bytes

Processing: 0c537cc6-59c6-46d1-a865-f5424003bc48@KidsRoom-1012
  PLY: /cluster/medbow/project/3dllms/melgin/datasets/3d-grand_unzipped/3D-FRONT/0c537cc6-59c6-46d1-a865-f5424003bc48/KidsRoom-1012/KidsRoom-1012.ply
  Vertices: 308,607
  Format: 3D-FRONT (double xyz, double normals, uchar RGB)
  Vertices: 308,607
  Vertex size: 51 bytes
  ✗ Error processing 0c537cc6-59c6-46d1-a865-f5424003bc48@KidsRoom-1012: RGBA values should be within 0-1 range
  Format: 3D-FRONT (double xyz, double normals, uchar RGB)
  Vertices: 1,561,956
  Vertex size: 51 bytes

Processing: bf4d05fc-826d-4a7b-a938-373e42688dda@LivingDiningRoom-4864
  PLY: /cluster/medbow/project/3dllms/melgin/datasets/3d-grand_unzipped/3D-FRONT/bf4d05fc-826d-4a7b-a938-373e42688dda/LivingDiningRoom-4864/LivingDiningRoom-4864.ply
  Vertices: 1,561,956
  Format: 3D-FRONT (double xyz, double normals, uchar RGB)
  Vertices: 1,561,956
  Vertex size: 51 bytes
  ✗ Error processing bf4d05fc-826d-4a7b-a938-373e42688dda@LivingDiningRoom-4864: RGBA values should be within 0-1 range
  Format: 3D-FRONT (double xyz, double normals, uchar RGB)
  Vertices: 426,847
  Vertex size: 51 bytes

Processing: 008f0372-b7d0-485f-8d3e-f686dcb68d4f@MasterBedroom-820
  PLY: /cluster/medbow/project/3dllms/melgin/datasets/3d-grand_unzipped/3D-FRONT/008f0372-b7d0-485f-8d3e-f686dcb68d4f/MasterBedroom-820/MasterBedroom-820.ply
  Vertices: 426,847
  Format: 3D-FRONT (double xyz, double normals, uchar RGB)
  Vertices: 426,847
  Vertex size: 51 bytes
  ✗ Error processing 008f0372-b7d0-485f-8d3e-f686dcb68d4f@MasterBedroom-820: RGBA values should be within 0-1 range
  Format: 3D-FRONT (double xyz, double normals, uchar RGB)
  Vertices: 28,036
  Vertex size: 51 bytes

Processing: 0380a4ca-bd26-4f49-9a5e-a00765aab879@SecondBedroom-35591
  PLY: /cluster/medbow/project/3dllms/melgin/datasets/3d-grand_unzipped/3D-FRONT/0380a4ca-bd26-4f49-9a5e-a00765aab879/SecondBedroom-35591/SecondBedroom-35591.ply
  Vertices: 28,036
  Format: 3D-FRONT (double xyz, double normals, uchar RGB)
  Vertices: 28,036
  Vertex size: 51 bytes
  ✗ Error processing 0380a4ca-bd26-4f49-9a5e-a00765aab879@SecondBedroom-35591: RGBA values should be within 0-1 range
  Format: 3D-FRONT (double xyz, double normals, uchar RGB)
  Vertices: 1,466,962
  Vertex size: 51 bytes

Processing: bf869394-db5e-43ef-a664-aa863b99cf55@LivingDiningRoom-3013
  PLY: /cluster/medbow/project/3dllms/melgin/datasets/3d-grand_unzipped/3D-FRONT/bf869394-db5e-43ef-a664-aa863b99cf55/LivingDiningRoom-3013/LivingDiningRoom-3013.ply
  Vertices: 1,466,962
  Format: 3D-FRONT (double xyz, double normals, uchar RGB)
  Vertices: 1,466,962
  Vertex size: 51 bytes
  ✗ Error processing bf869394-db5e-43ef-a664-aa863b99cf55@LivingDiningRoom-3013: RGBA values should be within 0-1 range
  Format: 3D-FRONT (double xyz, double normals, uchar RGB)
  Vertices: 381,992
  Vertex size: 51 bytes

Processing: bf869394-db5e-43ef-a664-aa863b99cf55@MasterBedroom-2805
  PLY: /cluster/medbow/project/3dllms/melgin/datasets/3d-grand_unzipped/3D-FRONT/bf869394-db5e-43ef-a664-aa863b99cf55/MasterBedroom-2805/MasterBedroom-2805.ply
  Vertices: 381,992
  Format: 3D-FRONT (double xyz, double normals, uchar RGB)
  Vertices: 381,992
  Vertex size: 51 bytes
  ✗ Error processing bf869394-db5e-43ef-a664-aa863b99cf55@MasterBedroom-2805: RGBA values should be within 0-1 range
  Format: 3D-FRONT (double xyz, double normals, uchar RGB)
  Vertices: 337,686
  Vertex size: 51 bytes

Processing: 035b4959-8c9a-4dcb-94c1-e2b2ad7c88b5@SecondBedroom-3137
  PLY: /cluster/medbow/project/3dllms/melgin/datasets/3d-grand_unzipped/3D-FRONT/035b4959-8c9a-4dcb-94c1-e2b2ad7c88b5/SecondBedroom-3137/SecondBedroom-3137.ply
  Vertices: 337,686
  Format: 3D-FRONT (double xyz, double normals, uchar RGB)
  Vertices: 337,686
  Vertex size: 51 bytes
  ✗ Error processing 035b4959-8c9a-4dcb-94c1-e2b2ad7c88b5@SecondBedroom-3137: RGBA values should be within 0-1 range
  Format: 3D-FRONT (double xyz, double normals, uchar RGB)
  Vertices: 1,241,599
  Vertex size: 51 bytes

Processing: 035ad3e2-544e-4093-9621-3624f1b86422@DiningRoom-9791
  PLY: /cluster/medbow/project/3dllms/melgin/datasets/3d-grand_unzipped/3D-FRONT/035ad3e2-544e-4093-9621-3624f1b86422/DiningRoom-9791/DiningRoom-9791.ply
  Vertices: 1,241,599
  Format: 3D-FRONT (double xyz, double normals, uchar RGB)
  Vertices: 1,241,599
  Vertex size: 51 bytes
  ✗ Error processing 035ad3e2-544e-4093-9621-3624f1b86422@DiningRoom-9791: RGBA values should be within 0-1 range
  Format: 3D-FRONT (double xyz, double normals, uchar RGB)
  Vertices: 1,142,760
  Vertex size: 51 bytes

Processing: 044393d3-e832-48f3-8cb2-5a5d7b686aac@DiningRoom-97354
  PLY: /cluster/medbow/project/3dllms/melgin/datasets/3d-grand_unzipped/3D-FRONT/044393d3-e832-48f3-8cb2-5a5d7b686aac/DiningRoom-97354/DiningRoom-97354.ply
  Vertices: 1,142,760
  Format: 3D-FRONT (double xyz, double normals, uchar RGB)
  Vertices: 1,142,760
  Vertex size: 51 bytes
  ✗ Error processing 044393d3-e832-48f3-8cb2-5a5d7b686aac@DiningRoom-97354: RGBA values should be within 0-1 range
  Format: 3D-FRONT (double xyz, double normals, uchar RGB)
  Vertices: 1,417,407
  Vertex size: 51 bytes

Processing: 004f900c-468a-4f70-83cc-aa2c98875264@LivingDiningRoom-27430
  PLY: /cluster/medbow/project/3dllms/melgin/datasets/3d-grand_unzipped/3D-FRONT/004f900c-468a-4f70-83cc-aa2c98875264/LivingDiningRoom-27430/LivingDiningRoom-27430.ply
  Vertices: 1,417,407
  Format: 3D-FRONT (double xyz, double normals, uchar RGB)
  Vertices: 1,417,407
  Vertex size: 51 bytes
  ✗ Error processing 004f900c-468a-4f70-83cc-aa2c98875264@LivingDiningRoom-27430: RGBA values should be within 0-1 range
  Format: 3D-FRONT (double xyz, double normals, uchar RGB)
  Vertices: 1,172,676
  Vertex size: 51 bytes

Processing: bfcffd0f-0a30-45d7-852d-f1fe1f77fed4@LivingDiningRoom-4801
  PLY: /cluster/medbow/project/3dllms/melgin/datasets/3d-grand_unzipped/3D-FRONT/bfcffd0f-0a30-45d7-852d-f1fe1f77fed4/LivingDiningRoom-4801/LivingDiningRoom-4801.ply
  Vertices: 1,172,676
  Format: 3D-FRONT (double xyz, double normals, uchar RGB)
  Vertices: 1,172,676
  Vertex size: 51 bytes
  ✗ Error processing bfcffd0f-0a30-45d7-852d-f1fe1f77fed4@LivingDiningRoom-4801: RGBA values should be within 0-1 range
  Format: 3D-FRONT (double xyz, double normals, uchar RGB)
  Vertices: 424,626
  Vertex size: 51 bytes

Processing: bfcffd0f-0a30-45d7-852d-f1fe1f77fed4@MasterBedroom-2171
  PLY: /cluster/medbow/project/3dllms/melgin/datasets/3d-grand_unzipped/3D-FRONT/bfcffd0f-0a30-45d7-852d-f1fe1f77fed4/MasterBedroom-2171/MasterBedroom-2171.ply
  Vertices: 424,626
  Format: 3D-FRONT (double xyz, double normals, uchar RGB)
  Vertices: 424,626
  Vertex size: 51 bytes
  ✗ Error processing bfcffd0f-0a30-45d7-852d-f1fe1f77fed4@MasterBedroom-2171: RGBA values should be within 0-1 range
  Format: 3D-FRONT (double xyz, double normals, uchar RGB)
  Vertices: 1,098,564
  Vertex size: 51 bytes

Processing: bfcaf2de-7314-40ee-98cf-e01eb7a166cb@LivingDiningRoom-9139
  PLY: /cluster/medbow/project/3dllms/melgin/datasets/3d-grand_unzipped/3D-FRONT/bfcaf2de-7314-40ee-98cf-e01eb7a166cb/LivingDiningRoom-9139/LivingDiningRoom-9139.ply
  Vertices: 1,098,564
  Format: 3D-FRONT (double xyz, double normals, uchar RGB)
  Vertices: 1,098,564
  Vertex size: 51 bytes
  ✗ Error processing bfcaf2de-7314-40ee-98cf-e01eb7a166cb@LivingDiningRoom-9139: RGBA values should be within 0-1 range
  Format: 3D-FRONT (double xyz, double normals, uchar RGB)
  Vertices: 975,772
  Vertex size: 51 bytes

Processing: c002075b-7091-4599-b829-ca4c2cb874e1@LivingDiningRoom-1231
  PLY: /cluster/medbow/project/3dllms/melgin/datasets/3d-grand_unzipped/3D-FRONT/c002075b-7091-4599-b829-ca4c2cb874e1/LivingDiningRoom-1231/LivingDiningRoom-1231.ply
  Vertices: 975,772
  Format: 3D-FRONT (double xyz, double normals, uchar RGB)
  Vertices: 975,772
  Vertex size: 51 bytes
  ✗ Error processing c002075b-7091-4599-b829-ca4c2cb874e1@LivingDiningRoom-1231: RGBA values should be within 0-1 range
  Format: 3D-FRONT (double xyz, double normals, uchar RGB)
  Vertices: 437,795
  Vertex size: 51 bytes

Processing: c0031ccb-6f61-48c6-8725-45a3daccd20f@MasterBedroom-10013
  PLY: /cluster/medbow/project/3dllms/melgin/datasets/3d-grand_unzipped/3D-FRONT/c0031ccb-6f61-48c6-8725-45a3daccd20f/MasterBedroom-10013/MasterBedroom-10013.ply
  Vertices: 437,795
  Format: 3D-FRONT (double xyz, double normals, uchar RGB)
  Vertices: 437,795
  Vertex size: 51 bytes
  ✗ Error processing c0031ccb-6f61-48c6-8725-45a3daccd20f@MasterBedroom-10013: RGBA values should be within 0-1 range
  Format: 3D-FRONT (double xyz, double normals, uchar RGB)
  Vertices: 260,059
  Vertex size: 51 bytes

Processing: 00321452-517d-431b-a21b-f52750684910@Library-14893
  PLY: /cluster/medbow/project/3dllms/melgin/datasets/3d-grand_unzipped/3D-FRONT/00321452-517d-431b-a21b-f52750684910/Library-14893/Library-14893.ply
  Vertices: 260,059
  Format: 3D-FRONT (double xyz, double normals, uchar RGB)
  Vertices: 260,059
  Vertex size: 51 bytes
  ✗ Error processing 00321452-517d-431b-a21b-f52750684910@Library-14893: RGBA values should be within 0-1 range
  Format: 3D-FRONT (double xyz, double normals, uchar RGB)
  Vertices: 1,138,080
  Vertex size: 51 bytes

Processing: c0525323-5f95-48b6-9a62-5a0d55a0c10e@LivingDiningRoom-37698
  PLY: /cluster/medbow/project/3dllms/melgin/datasets/3d-grand_unzipped/3D-FRONT/c0525323-5f95-48b6-9a62-5a0d55a0c10e/LivingDiningRoom-37698/LivingDiningRoom-37698.ply
  Vertices: 1,138,080
  Format: 3D-FRONT (double xyz, double normals, uchar RGB)
  Vertices: 1,138,080
  Vertex size: 51 bytes
  ✗ Error processing c0525323-5f95-48b6-9a62-5a0d55a0c10e@LivingDiningRoom-37698: RGBA values should be within 0-1 range
  Format: 3D-FRONT (double xyz, double normals, uchar RGB)
  Vertices: 519,330
  Vertex size: 51 bytes

Processing: bf1cb531-4e4c-4520-89cd-b0020a572903@MasterBedroom-91396
  PLY: /cluster/medbow/project/3dllms/melgin/datasets/3d-grand_unzipped/3D-FRONT/bf1cb531-4e4c-4520-89cd-b0020a572903/MasterBedroom-91396/MasterBedroom-91396.ply
  Vertices: 519,330
  Format: 3D-FRONT (double xyz, double normals, uchar RGB)
  Vertices: 519,330
  Vertex size: 51 bytes
  ✗ Error processing bf1cb531-4e4c-4520-89cd-b0020a572903@MasterBedroom-91396: RGBA values should be within 0-1 range
  Format: 3D-FRONT (double xyz, double normals, uchar RGB)
  Vertices: 1,083,403
  Vertex size: 51 bytes

Processing: c05880a2-1426-4f4f-947a-cb0c2b43b913@LivingDiningRoom-14432
  PLY: /cluster/medbow/project/3dllms/melgin/datasets/3d-grand_unzipped/3D-FRONT/c05880a2-1426-4f4f-947a-cb0c2b43b913/LivingDiningRoom-14432/LivingDiningRoom-14432.ply
  Vertices: 1,083,403
  Format: 3D-FRONT (double xyz, double normals, uchar RGB)
  Vertices: 1,083,403
  Vertex size: 51 bytes
  ✗ Error processing c05880a2-1426-4f4f-947a-cb0c2b43b913@LivingDiningRoom-14432: RGBA values should be within 0-1 range
  Format: 3D-FRONT (double xyz, double normals, uchar RGB)
  Vertices: 907,955
  Vertex size: 51 bytes

Processing: 008f0372-b7d0-485f-8d3e-f686dcb68d4f@LivingDiningRoom-1531
  PLY: /cluster/medbow/project/3dllms/melgin/datasets/3d-grand_unzipped/3D-FRONT/008f0372-b7d0-485f-8d3e-f686dcb68d4f/LivingDiningRoom-1531/LivingDiningRoom-1531.ply
  Vertices: 907,955
  Format: 3D-FRONT (double xyz, double normals, uchar RGB)
  Vertices: 907,955
  Vertex size: 51 bytes
  ✗ Error processing 008f0372-b7d0-485f-8d3e-f686dcb68d4f@LivingDiningRoom-1531: RGBA values should be within 0-1 range
  Format: 3D-FRONT (double xyz, double normals, uchar RGB)
  Vertices: 513,856
  Vertex size: 51 bytes

Processing: c07f558e-acf1-4bc1-9ad8-2cf78ca8295e@MasterBedroom-3135
  PLY: /cluster/medbow/project/3dllms/melgin/datasets/3d-grand_unzipped/3D-FRONT/c07f558e-acf1-4bc1-9ad8-2cf78ca8295e/MasterBedroom-3135/MasterBedroom-3135.ply
  Vertices: 513,856
  Format: 3D-FRONT (double xyz, double normals, uchar RGB)
  Vertices: 513,856
  Vertex size: 51 bytes
  ✗ Error processing c07f558e-acf1-4bc1-9ad8-2cf78ca8295e@MasterBedroom-3135: RGBA values should be within 0-1 range
  Format: 3D-FRONT (double xyz, double normals, uchar RGB)
  Vertices: 408,183
  Vertex size: 51 bytes

Processing: 0298054f-93f3-4365-8724-484202d53981@SecondBedroom-51128
  PLY: /cluster/medbow/project/3dllms/melgin/datasets/3d-grand_unzipped/3D-FRONT/0298054f-93f3-4365-8724-484202d53981/SecondBedroom-51128/SecondBedroom-51128.ply
  Vertices: 408,183
  Format: 3D-FRONT (double xyz, double normals, uchar RGB)
  Vertices: 408,183
  Vertex size: 51 bytes
  ✗ Error processing 0298054f-93f3-4365-8724-484202d53981@SecondBedroom-51128: RGBA values should be within 0-1 range
  Format: 3D-FRONT (double xyz, double normals, uchar RGB)
  Vertices: 915,671
  Vertex size: 51 bytes

Processing: c080c532-92bb-4d9e-a266-8556c7a06731@LivingDiningRoom-16314
  PLY: /cluster/medbow/project/3dllms/melgin/datasets/3d-grand_unzipped/3D-FRONT/c080c532-92bb-4d9e-a266-8556c7a06731/LivingDiningRoom-16314/LivingDiningRoom-16314.ply
  Vertices: 915,671
  Format: 3D-FRONT (double xyz, double normals, uchar RGB)
  Vertices: 915,671
  Vertex size: 51 bytes
  ✗ Error processing c080c532-92bb-4d9e-a266-8556c7a06731@LivingDiningRoom-16314: RGBA values should be within 0-1 range
  Format: 3D-FRONT (double xyz, double normals, uchar RGB)
  Vertices: 1,284,490
  Vertex size: 51 bytes

Processing: c08e6caa-3c39-4a8d-b47f-83f7612bd8af@LivingDiningRoom-1290
  PLY: /cluster/medbow/project/3dllms/melgin/datasets/3d-grand_unzipped/3D-FRONT/c08e6caa-3c39-4a8d-b47f-83f7612bd8af/LivingDiningRoom-1290/LivingDiningRoom-1290.ply
  Vertices: 1,284,490
  Format: 3D-FRONT (double xyz, double normals, uchar RGB)
  Vertices: 1,284,490
  Vertex size: 51 bytes
  ✗ Error processing c08e6caa-3c39-4a8d-b47f-83f7612bd8af@LivingDiningRoom-1290: RGBA values should be within 0-1 range
  Format: 3D-FRONT (double xyz, double normals, uchar RGB)
  Vertices: 549,637
  Vertex size: 51 bytes

Processing: bf4d05fc-826d-4a7b-a938-373e42688dda@MasterBedroom-2080
  PLY: /cluster/medbow/project/3dllms/melgin/datasets/3d-grand_unzipped/3D-FRONT/bf4d05fc-826d-4a7b-a938-373e42688dda/MasterBedroom-2080/MasterBedroom-2080.ply
  Vertices: 549,637
  Format: 3D-FRONT (double xyz, double normals, uchar RGB)
  Vertices: 549,637
  Vertex size: 51 bytes
  ✗ Error processing bf4d05fc-826d-4a7b-a938-373e42688dda@MasterBedroom-2080: RGBA values should be within 0-1 range
  Format: 3D-FRONT (double xyz, double normals, uchar RGB)
  Vertices: 456,046
  Vertex size: 51 bytes

Processing: bf4d05fc-826d-4a7b-a938-373e42688dda@SecondBedroom-2866
  PLY: /cluster/medbow/project/3dllms/melgin/datasets/3d-grand_unzipped/3D-FRONT/bf4d05fc-826d-4a7b-a938-373e42688dda/SecondBedroom-2866/SecondBedroom-2866.ply
  Vertices: 456,046
  Format: 3D-FRONT (double xyz, double normals, uchar RGB)
  Vertices: 456,046
  Vertex size: 51 bytes
  ✗ Error processing bf4d05fc-826d-4a7b-a938-373e42688dda@SecondBedroom-2866: RGBA values should be within 0-1 range
  Format: 3D-FRONT (double xyz, double normals, uchar RGB)
  Vertices: 1,063,931
  Vertex size: 51 bytes

Processing: c08eb829-f1ce-46a3-94fb-148bb1e0b36f@LivingDiningRoom-5313
  PLY: /cluster/medbow/project/3dllms/melgin/datasets/3d-grand_unzipped/3D-FRONT/c08eb829-f1ce-46a3-94fb-148bb1e0b36f/LivingDiningRoom-5313/LivingDiningRoom-5313.ply
  Vertices: 1,063,931
  Format: 3D-FRONT (double xyz, double normals, uchar RGB)
  Vertices: 1,063,931
  Vertex size: 51 bytes
  ✗ Error processing c08eb829-f1ce-46a3-94fb-148bb1e0b36f@LivingDiningRoom-5313: RGBA values should be within 0-1 range
  Format: 3D-FRONT (double xyz, double normals, uchar RGB)
  Vertices: 629,321
  Vertex size: 51 bytes

Processing: c08eb829-f1ce-46a3-94fb-148bb1e0b36f@MasterBedroom-535
  PLY: /cluster/medbow/project/3dllms/melgin/datasets/3d-grand_unzipped/3D-FRONT/c08eb829-f1ce-46a3-94fb-148bb1e0b36f/MasterBedroom-535/MasterBedroom-535.ply
  Vertices: 629,321
  Format: 3D-FRONT (double xyz, double normals, uchar RGB)
  Vertices: 629,321
  Vertex size: 51 bytes
  ✗ Error processing c08eb829-f1ce-46a3-94fb-148bb1e0b36f@MasterBedroom-535: RGBA values should be within 0-1 range
  Format: 3D-FRONT (double xyz, double normals, uchar RGB)
  Vertices: 465,374
  Vertex size: 51 bytes

Processing: c08eb829-f1ce-46a3-94fb-148bb1e0b36f@SecondBedroom-3516
  PLY: /cluster/medbow/project/3dllms/melgin/datasets/3d-grand_unzipped/3D-FRONT/c08eb829-f1ce-46a3-94fb-148bb1e0b36f/SecondBedroom-3516/SecondBedroom-3516.ply
  Vertices: 465,374
  Format: 3D-FRONT (double xyz, double normals, uchar RGB)
  Vertices: 465,374
  Vertex size: 51 bytes
  ✗ Error processing c08eb829-f1ce-46a3-94fb-148bb1e0b36f@SecondBedroom-3516: RGBA values should be within 0-1 range
  Format: 3D-FRONT (double xyz, double normals, uchar RGB)
  Vertices: 1,675,218
  Vertex size: 51 bytes

Processing: c0d599b3-f39b-437a-ba68-cbe816fb9862@DiningRoom-54962
  PLY: /cluster/medbow/project/3dllms/melgin/datasets/3d-grand_unzipped/3D-FRONT/c0d599b3-f39b-437a-ba68-cbe816fb9862/DiningRoom-54962/DiningRoom-54962.ply
  Vertices: 1,675,218
  Format: 3D-FRONT (double xyz, double normals, uchar RGB)
  Vertices: 1,675,218
  Vertex size: 51 bytes
  ✗ Error processing c0d599b3-f39b-437a-ba68-cbe816fb9862@DiningRoom-54962: RGBA values should be within 0-1 range
  Format: 3D-FRONT (double xyz, double normals, uchar RGB)
  Vertices: 506,322
  Vertex size: 51 bytes

Processing: c0de5219-e186-4e77-9b84-394940d6460b@MasterBedroom-241
  PLY: /cluster/medbow/project/3dllms/melgin/datasets/3d-grand_unzipped/3D-FRONT/c0de5219-e186-4e77-9b84-394940d6460b/MasterBedroom-241/MasterBedroom-241.ply
  Vertices: 506,322
  Format: 3D-FRONT (double xyz, double normals, uchar RGB)
  Vertices: 506,322
  Vertex size: 51 bytes
  ✗ Error processing c0de5219-e186-4e77-9b84-394940d6460b@MasterBedroom-241: RGBA values should be within 0-1 range
  Format: 3D-FRONT (double xyz, double normals, uchar RGB)
  Vertices: 2,083,331
  Vertex size: 51 bytes

Processing: c0e46419-6ed8-45db-ad3e-70af0af634b3@LivingDiningRoom-27164
  PLY: /cluster/medbow/project/3dllms/melgin/datasets/3d-grand_unzipped/3D-FRONT/c0e46419-6ed8-45db-ad3e-70af0af634b3/LivingDiningRoom-27164/LivingDiningRoom-27164.ply
  Vertices: 2,083,331
  Format: 3D-FRONT (double xyz, double normals, uchar RGB)
  Vertices: 2,083,331
  Vertex size: 51 bytes
  ✗ Error processing c0e46419-6ed8-45db-ad3e-70af0af634b3@LivingDiningRoom-27164: RGBA values should be within 0-1 range
  Format: 3D-FRONT (double xyz, double normals, uchar RGB)
  Vertices: 1,109,699
  Vertex size: 51 bytes

Processing: c0faf631-c985-4943-866d-8492b9d90ebf@LivingDiningRoom-8375
  PLY: /cluster/medbow/project/3dllms/melgin/datasets/3d-grand_unzipped/3D-FRONT/c0faf631-c985-4943-866d-8492b9d90ebf/LivingDiningRoom-8375/LivingDiningRoom-8375.ply
  Vertices: 1,109,699
  Format: 3D-FRONT (double xyz, double normals, uchar RGB)
  Vertices: 1,109,699
  Vertex size: 51 bytes
  ✗ Error processing c0faf631-c985-4943-866d-8492b9d90ebf@LivingDiningRoom-8375: RGBA values should be within 0-1 range
  Format: 3D-FRONT (double xyz, double normals, uchar RGB)
  Vertices: 346,831
  Vertex size: 51 bytes

Processing: c0faf631-c985-4943-866d-8492b9d90ebf@SecondBedroom-7635
  PLY: /cluster/medbow/project/3dllms/melgin/datasets/3d-grand_unzipped/3D-FRONT/c0faf631-c985-4943-866d-8492b9d90ebf/SecondBedroom-7635/SecondBedroom-7635.ply
  Vertices: 346,831
  Format: 3D-FRONT (double xyz, double normals, uchar RGB)
  Vertices: 346,831
  Vertex size: 51 bytes
  ✗ Error processing c0faf631-c985-4943-866d-8492b9d90ebf@SecondBedroom-7635: RGBA values should be within 0-1 range
  Format: 3D-FRONT (double xyz, double normals, uchar RGB)
  Vertices: 808,132
  Vertex size: 51 bytes

Processing: c07f558e-acf1-4bc1-9ad8-2cf78ca8295e@LivingDiningRoom-2872
  PLY: /cluster/medbow/project/3dllms/melgin/datasets/3d-grand_unzipped/3D-FRONT/c07f558e-acf1-4bc1-9ad8-2cf78ca8295e/LivingDiningRoom-2872/LivingDiningRoom-2872.ply
  Vertices: 808,132
  Format: 3D-FRONT (double xyz, double normals, uchar RGB)
  Vertices: 808,132
  Vertex size: 51 bytes
  ✗ Error processing c07f558e-acf1-4bc1-9ad8-2cf78ca8295e@LivingDiningRoom-2872: RGBA values should be within 0-1 range
  Format: 3D-FRONT (double xyz, double normals, uchar RGB)
  Vertices: 473,822
  Vertex size: 51 bytes

Processing: c0ff8f34-a0c3-47b1-92cc-fdccee514833@MasterBedroom-128453
  PLY: /cluster/medbow/project/3dllms/melgin/datasets/3d-grand_unzipped/3D-FRONT/c0ff8f34-a0c3-47b1-92cc-fdccee514833/MasterBedroom-128453/MasterBedroom-128453.ply
  Vertices: 473,822
  Format: 3D-FRONT (double xyz, double normals, uchar RGB)
  Vertices: 473,822
  Vertex size: 51 bytes
  ✗ Error processing c0ff8f34-a0c3-47b1-92cc-fdccee514833@MasterBedroom-128453: RGBA values should be within 0-1 range
  Format: 3D-FRONT (double xyz, double normals, uchar RGB)
  Vertices: 9,734
  Vertex size: 51 bytes

Processing: c1117917-ddde-4d13-86e0-d8306e0c655f@MasterBedroom-11453
  PLY: /cluster/medbow/project/3dllms/melgin/datasets/3d-grand_unzipped/3D-FRONT/c1117917-ddde-4d13-86e0-d8306e0c655f/MasterBedroom-11453/MasterBedroom-11453.ply
  Vertices: 9,734
  Format: 3D-FRONT (double xyz, double normals, uchar RGB)
  Vertices: 9,734
  Vertex size: 51 bytes
  ✗ Error processing c1117917-ddde-4d13-86e0-d8306e0c655f@MasterBedroom-11453: RGBA values should be within 0-1 range
  Format: 3D-FRONT (double xyz, double normals, uchar RGB)
  Vertices: 491,611
  Vertex size: 51 bytes

Processing: c08e6caa-3c39-4a8d-b47f-83f7612bd8af@SecondBedroom-909
  PLY: /cluster/medbow/project/3dllms/melgin/datasets/3d-grand_unzipped/3D-FRONT/c08e6caa-3c39-4a8d-b47f-83f7612bd8af/SecondBedroom-909/SecondBedroom-909.ply
  Vertices: 491,611
  Format: 3D-FRONT (double xyz, double normals, uchar RGB)
  Vertices: 491,611
  Vertex size: 51 bytes
  ✗ Error processing c08e6caa-3c39-4a8d-b47f-83f7612bd8af@SecondBedroom-909: RGBA values should be within 0-1 range
  Format: 3D-FRONT (double xyz, double normals, uchar RGB)
  Vertices: 257,855
  Vertex size: 51 bytes

Processing: 2815915a-e5d6-4c4b-9d38-f1e4c72ab476@Library-6329
  PLY: /cluster/medbow/project/3dllms/melgin/datasets/3d-grand_unzipped/3D-FRONT/2815915a-e5d6-4c4b-9d38-f1e4c72ab476/Library-6329/Library-6329.ply
  Vertices: 257,855
  Format: 3D-FRONT (double xyz, double normals, uchar RGB)
  Vertices: 257,855
  Vertex size: 51 bytes
  ✗ Error processing 2815915a-e5d6-4c4b-9d38-f1e4c72ab476@Library-6329: RGBA values should be within 0-1 range
  Format: 3D-FRONT (double xyz, double normals, uchar RGB)
  Vertices: 1,952,413
  Vertex size: 51 bytes

Processing: c11a935e-7f42-4315-a1bc-dc3daea07f37@LivingDiningRoom-1679
  PLY: /cluster/medbow/project/3dllms/melgin/datasets/3d-grand_unzipped/3D-FRONT/c11a935e-7f42-4315-a1bc-dc3daea07f37/LivingDiningRoom-1679/LivingDiningRoom-1679.ply
  Vertices: 1,952,413
  Format: 3D-FRONT (double xyz, double normals, uchar RGB)
  Vertices: 1,952,413
  Vertex size: 51 bytes
  ✗ Error processing c11a935e-7f42-4315-a1bc-dc3daea07f37@LivingDiningRoom-1679: RGBA values should be within 0-1 range
  Format: 3D-FRONT (double xyz, double normals, uchar RGB)
  Vertices: 548,151
  Vertex size: 51 bytes

Processing: c11a935e-7f42-4315-a1bc-dc3daea07f37@MasterBedroom-1420
  PLY: /cluster/medbow/project/3dllms/melgin/datasets/3d-grand_unzipped/3D-FRONT/c11a935e-7f42-4315-a1bc-dc3daea07f37/MasterBedroom-1420/MasterBedroom-1420.ply
  Vertices: 548,151
  Format: 3D-FRONT (double xyz, double normals, uchar RGB)
  Vertices: 548,151
  Vertex size: 51 bytes
  ✗ Error processing c11a935e-7f42-4315-a1bc-dc3daea07f37@MasterBedroom-1420: RGBA values should be within 0-1 range
  Format: 3D-FRONT (double xyz, double normals, uchar RGB)
  Vertices: 8,729
  Vertex size: 51 bytes

Processing: c11a935e-7f42-4315-a1bc-dc3daea07f37@SecondBedroom-380
  PLY: /cluster/medbow/project/3dllms/melgin/datasets/3d-grand_unzipped/3D-FRONT/c11a935e-7f42-4315-a1bc-dc3daea07f37/SecondBedroom-380/SecondBedroom-380.ply
  Vertices: 8,729
  Format: 3D-FRONT (double xyz, double normals, uchar RGB)
  Vertices: 8,729
  Vertex size: 51 bytes
  ✗ Error processing c11a935e-7f42-4315-a1bc-dc3daea07f37@SecondBedroom-380: RGBA values should be within 0-1 range
  Format: 3D-FRONT (double xyz, double normals, uchar RGB)
  Vertices: 1,287,727
  Vertex size: 51 bytes

Processing: c12b4b58-7546-4221-aea2-66b35952dafd@LivingDiningRoom-74705
  PLY: /cluster/medbow/project/3dllms/melgin/datasets/3d-grand_unzipped/3D-FRONT/c12b4b58-7546-4221-aea2-66b35952dafd/LivingDiningRoom-74705/LivingDiningRoom-74705.ply
  Vertices: 1,287,727
  Format: 3D-FRONT (double xyz, double normals, uchar RGB)
  Vertices: 1,287,727
  Vertex size: 51 bytes
  ✗ Error processing c12b4b58-7546-4221-aea2-66b35952dafd@LivingDiningRoom-74705: RGBA values should be within 0-1 range
  Format: 3D-FRONT (double xyz, double normals, uchar RGB)
  Vertices: 1,292,808
  Vertex size: 51 bytes

Processing: c15251b8-f844-46be-9d3e-9302dc494945@LivingDiningRoom-14773
  PLY: /cluster/medbow/project/3dllms/melgin/datasets/3d-grand_unzipped/3D-FRONT/c15251b8-f844-46be-9d3e-9302dc494945/LivingDiningRoom-14773/LivingDiningRoom-14773.ply
  Vertices: 1,292,808
  Format: 3D-FRONT (double xyz, double normals, uchar RGB)
  Vertices: 1,292,808
  Vertex size: 51 bytes
  ✗ Error processing c15251b8-f844-46be-9d3e-9302dc494945@LivingDiningRoom-14773: RGBA values should be within 0-1 range
  Format: 3D-FRONT (double xyz, double normals, uchar RGB)
  Vertices: 585,988
  Vertex size: 51 bytes

Processing: c15251b8-f844-46be-9d3e-9302dc494945@MasterBedroom-12791
  PLY: /cluster/medbow/project/3dllms/melgin/datasets/3d-grand_unzipped/3D-FRONT/c15251b8-f844-46be-9d3e-9302dc494945/MasterBedroom-12791/MasterBedroom-12791.ply
  Vertices: 585,988
  Format: 3D-FRONT (double xyz, double normals, uchar RGB)
  Vertices: 585,988
  Vertex size: 51 bytes
  ✗ Error processing c15251b8-f844-46be-9d3e-9302dc494945@MasterBedroom-12791: RGBA values should be within 0-1 range
  Format: 3D-FRONT (double xyz, double normals, uchar RGB)
  Vertices: 500,455
  Vertex size: 51 bytes

Processing: 02861dfe-ed53-41f1-b554-b02d0c170c61@SecondBedroom-6295
  PLY: /cluster/medbow/project/3dllms/melgin/datasets/3d-grand_unzipped/3D-FRONT/02861dfe-ed53-41f1-b554-b02d0c170c61/SecondBedroom-6295/SecondBedroom-6295.ply
  Vertices: 500,455
  Format: 3D-FRONT (double xyz, double normals, uchar RGB)
  Vertices: 500,455
  Vertex size: 51 bytes
  ✗ Error processing 02861dfe-ed53-41f1-b554-b02d0c170c61@SecondBedroom-6295: RGBA values should be within 0-1 range
  Format: 3D-FRONT (double xyz, double normals, uchar RGB)
  Vertices: 840,613
  Vertex size: 51 bytes

Processing: c1575512-d8f9-4d74-a8d3-fdd840f0d9a9@LivingDiningRoom-7013
  PLY: /cluster/medbow/project/3dllms/melgin/datasets/3d-grand_unzipped/3D-FRONT/c1575512-d8f9-4d74-a8d3-fdd840f0d9a9/LivingDiningRoom-7013/LivingDiningRoom-7013.ply
  Vertices: 840,613
  Format: 3D-FRONT (double xyz, double normals, uchar RGB)
  Vertices: 840,613
  Vertex size: 51 bytes
  ✗ Error processing c1575512-d8f9-4d74-a8d3-fdd840f0d9a9@LivingDiningRoom-7013: RGBA values should be within 0-1 range
  Format: 3D-FRONT (double xyz, double normals, uchar RGB)
  Vertices: 493,670
  Vertex size: 51 bytes

Processing: c1575512-d8f9-4d74-a8d3-fdd840f0d9a9@MasterBedroom-7845
  PLY: /cluster/medbow/project/3dllms/melgin/datasets/3d-grand_unzipped/3D-FRONT/c1575512-d8f9-4d74-a8d3-fdd840f0d9a9/MasterBedroom-7845/MasterBedroom-7845.ply
  Vertices: 493,670
  Format: 3D-FRONT (double xyz, double normals, uchar RGB)
  Vertices: 493,670
  Vertex size: 51 bytes
  ✗ Error processing c1575512-d8f9-4d74-a8d3-fdd840f0d9a9@MasterBedroom-7845: RGBA values should be within 0-1 range
  Format: 3D-FRONT (double xyz, double normals, uchar RGB)
  Vertices: 410,918
  Vertex size: 51 bytes

Processing: bf869394-db5e-43ef-a664-aa863b99cf55@SecondBedroom-3301
  PLY: /cluster/medbow/project/3dllms/melgin/datasets/3d-grand_unzipped/3D-FRONT/bf869394-db5e-43ef-a664-aa863b99cf55/SecondBedroom-3301/SecondBedroom-3301.ply
  Vertices: 410,918
  Format: 3D-FRONT (double xyz, double normals, uchar RGB)
  Vertices: 410,918
  Vertex size: 51 bytes
  ✗ Error processing bf869394-db5e-43ef-a664-aa863b99cf55@SecondBedroom-3301: RGBA values should be within 0-1 range
  Format: 3D-FRONT (double xyz, double normals, uchar RGB)
  Vertices: 1,137,413
  Vertex size: 51 bytes

Processing: c1582d39-39a3-4120-bbb2-859a80336893@LivingDiningRoom-448
  PLY: /cluster/medbow/project/3dllms/melgin/datasets/3d-grand_unzipped/3D-FRONT/c1582d39-39a3-4120-bbb2-859a80336893/LivingDiningRoom-448/LivingDiningRoom-448.ply
  Vertices: 1,137,413
  Format: 3D-FRONT (double xyz, double normals, uchar RGB)
  Vertices: 1,137,413
  Vertex size: 51 bytes
  ✗ Error processing c1582d39-39a3-4120-bbb2-859a80336893@LivingDiningRoom-448: RGBA values should be within 0-1 range
  Format: 3D-FRONT (double xyz, double normals, uchar RGB)
  Vertices: 41,894
  Vertex size: 51 bytes

Processing: c1582d39-39a3-4120-bbb2-859a80336893@MasterBedroom-237
  PLY: /cluster/medbow/project/3dllms/melgin/datasets/3d-grand_unzipped/3D-FRONT/c1582d39-39a3-4120-bbb2-859a80336893/MasterBedroom-237/MasterBedroom-237.ply
  Vertices: 41,894
  Format: 3D-FRONT (double xyz, double normals, uchar RGB)
  Vertices: 41,894
  Vertex size: 51 bytes
  ✗ Error processing c1582d39-39a3-4120-bbb2-859a80336893@MasterBedroom-237: RGBA values should be within 0-1 range
  Format: 3D-FRONT (double xyz, double normals, uchar RGB)
  Vertices: 264,823
  Vertex size: 51 bytes

Processing: c1582d39-39a3-4120-bbb2-859a80336893@SecondBedroom-358
  PLY: /cluster/medbow/project/3dllms/melgin/datasets/3d-grand_unzipped/3D-FRONT/c1582d39-39a3-4120-bbb2-859a80336893/SecondBedroom-358/SecondBedroom-358.ply
  Vertices: 264,823
  Format: 3D-FRONT (double xyz, double normals, uchar RGB)
  Vertices: 264,823
  Vertex size: 51 bytes
  ✗ Error processing c1582d39-39a3-4120-bbb2-859a80336893@SecondBedroom-358: RGBA values should be within 0-1 range
  Format: 3D-FRONT (double xyz, double normals, uchar RGB)
  Vertices: 1,008,398
  Vertex size: 51 bytes

Processing: c15cf463-f156-430a-9106-eab681cdd3ab@LivingDiningRoom-223
  PLY: /cluster/medbow/project/3dllms/melgin/datasets/3d-grand_unzipped/3D-FRONT/c15cf463-f156-430a-9106-eab681cdd3ab/LivingDiningRoom-223/LivingDiningRoom-223.ply
  Vertices: 1,008,398
  Format: 3D-FRONT (double xyz, double normals, uchar RGB)
  Vertices: 1,008,398
  Vertex size: 51 bytes
  ✗ Error processing c15cf463-f156-430a-9106-eab681cdd3ab@LivingDiningRoom-223: RGBA values should be within 0-1 range
  Format: 3D-FRONT (double xyz, double normals, uchar RGB)
  Vertices: 553,478
  Vertex size: 51 bytes

Processing: c15cf463-f156-430a-9106-eab681cdd3ab@MasterBedroom-111
  PLY: /cluster/medbow/project/3dllms/melgin/datasets/3d-grand_unzipped/3D-FRONT/c15cf463-f156-430a-9106-eab681cdd3ab/MasterBedroom-111/MasterBedroom-111.ply
  Vertices: 553,478
  Format: 3D-FRONT (double xyz, double normals, uchar RGB)
  Vertices: 553,478
  Vertex size: 51 bytes
  ✗ Error processing c15cf463-f156-430a-9106-eab681cdd3ab@MasterBedroom-111: RGBA values should be within 0-1 range
  Format: 3D-FRONT (double xyz, double normals, uchar RGB)
  Vertices: 15,121
  Vertex size: 51 bytes

Processing: 09857dd6-4f54-4c4d-bcba-4152a9a545b3@CloakRoom-11159
  PLY: /cluster/medbow/project/3dllms/melgin/datasets/3d-grand_unzipped/3D-FRONT/09857dd6-4f54-4c4d-bcba-4152a9a545b3/CloakRoom-11159/CloakRoom-11159.ply
  Vertices: 15,121
  Format: 3D-FRONT (double xyz, double normals, uchar RGB)
  Vertices: 15,121
  Vertex size: 51 bytes
  ✗ Error processing 09857dd6-4f54-4c4d-bcba-4152a9a545b3@CloakRoom-11159: RGBA values should be within 0-1 range
  Format: 3D-FRONT (double xyz, double normals, uchar RGB)
  Vertices: 446,065
  Vertex size: 51 bytes

Processing: c1b3e945-cefc-4e73-89fc-099bb5352bac@MasterBedroom-4779
  PLY: /cluster/medbow/project/3dllms/melgin/datasets/3d-grand_unzipped/3D-FRONT/c1b3e945-cefc-4e73-89fc-099bb5352bac/MasterBedroom-4779/MasterBedroom-4779.ply
  Vertices: 446,065
  Format: 3D-FRONT (double xyz, double normals, uchar RGB)
  Vertices: 446,065
  Vertex size: 51 bytes
  ✗ Error processing c1b3e945-cefc-4e73-89fc-099bb5352bac@MasterBedroom-4779: RGBA values should be within 0-1 range
  Format: 3D-FRONT (double xyz, double normals, uchar RGB)
  Vertices: 953,954
  Vertex size: 51 bytes

Processing: c1c65ebb-faa1-4a74-abd5-05959bc4e8d5@LivingDiningRoom-13047
  PLY: /cluster/medbow/project/3dllms/melgin/datasets/3d-grand_unzipped/3D-FRONT/c1c65ebb-faa1-4a74-abd5-05959bc4e8d5/LivingDiningRoom-13047/LivingDiningRoom-13047.ply
  Vertices: 953,954
  Format: 3D-FRONT (double xyz, double normals, uchar RGB)
  Vertices: 953,954
  Vertex size: 51 bytes
  ✗ Error processing c1c65ebb-faa1-4a74-abd5-05959bc4e8d5@LivingDiningRoom-13047: RGBA values should be within 0-1 range
  Format: 3D-FRONT (double xyz, double normals, uchar RGB)
  Vertices: 414,548
  Vertex size: 51 bytes

Processing: c1ebb7fc-5537-4ee3-a1ec-4d89b09743c6@Library-14990
  PLY: /cluster/medbow/project/3dllms/melgin/datasets/3d-grand_unzipped/3D-FRONT/c1ebb7fc-5537-4ee3-a1ec-4d89b09743c6/Library-14990/Library-14990.ply
  Vertices: 414,548
  Format: 3D-FRONT (double xyz, double normals, uchar RGB)
  Vertices: 414,548
  Vertex size: 51 bytes
  ✗ Error processing c1ebb7fc-5537-4ee3-a1ec-4d89b09743c6@Library-14990: RGBA values should be within 0-1 range
  Format: 3D-FRONT (double xyz, double normals, uchar RGB)
  Vertices: 1,845,702
  Vertex size: 51 bytes

Processing: c1ebb7fc-5537-4ee3-a1ec-4d89b09743c6@LivingDiningRoom-20790
  PLY: /cluster/medbow/project/3dllms/melgin/datasets/3d-grand_unzipped/3D-FRONT/c1ebb7fc-5537-4ee3-a1ec-4d89b09743c6/LivingDiningRoom-20790/LivingDiningRoom-20790.ply
  Vertices: 1,845,702
  Format: 3D-FRONT (double xyz, double normals, uchar RGB)
  Vertices: 1,845,702
  Vertex size: 51 bytes
  ✗ Error processing c1ebb7fc-5537-4ee3-a1ec-4d89b09743c6@LivingDiningRoom-20790: RGBA values should be within 0-1 range
  Format: 3D-FRONT (double xyz, double normals, uchar RGB)
  Vertices: 572,305
  Vertex size: 51 bytes

Processing: c1ebb7fc-5537-4ee3-a1ec-4d89b09743c6@MasterBedroom-17431
  PLY: /cluster/medbow/project/3dllms/melgin/datasets/3d-grand_unzipped/3D-FRONT/c1ebb7fc-5537-4ee3-a1ec-4d89b09743c6/MasterBedroom-17431/MasterBedroom-17431.ply
  Vertices: 572,305
  Format: 3D-FRONT (double xyz, double normals, uchar RGB)
  Vertices: 572,305
  Vertex size: 51 bytes
  ✗ Error processing c1ebb7fc-5537-4ee3-a1ec-4d89b09743c6@MasterBedroom-17431: RGBA values should be within 0-1 range
  Format: 3D-FRONT (double xyz, double normals, uchar RGB)
  Vertices: 392,623
  Vertex size: 51 bytes

Processing: c1ebb7fc-5537-4ee3-a1ec-4d89b09743c6@SecondBedroom-13688
  PLY: /cluster/medbow/project/3dllms/melgin/datasets/3d-grand_unzipped/3D-FRONT/c1ebb7fc-5537-4ee3-a1ec-4d89b09743c6/SecondBedroom-13688/SecondBedroom-13688.ply
  Vertices: 392,623
  Format: 3D-FRONT (double xyz, double normals, uchar RGB)
  Vertices: 392,623
  Vertex size: 51 bytes
  ✗ Error processing c1ebb7fc-5537-4ee3-a1ec-4d89b09743c6@SecondBedroom-13688: RGBA values should be within 0-1 range
  Format: 3D-FRONT (double xyz, double normals, uchar RGB)
  Vertices: 1,217,411
  Vertex size: 51 bytes

Processing: c20604c6-0270-4464-b4ae-7bca6131cc4e@LivingDiningRoom-491
  PLY: /cluster/medbow/project/3dllms/melgin/datasets/3d-grand_unzipped/3D-FRONT/c20604c6-0270-4464-b4ae-7bca6131cc4e/LivingDiningRoom-491/LivingDiningRoom-491.ply
  Vertices: 1,217,411
  Format: 3D-FRONT (double xyz, double normals, uchar RGB)
  Vertices: 1,217,411
  Vertex size: 51 bytes
  ✗ Error processing c20604c6-0270-4464-b4ae-7bca6131cc4e@LivingDiningRoom-491: RGBA values should be within 0-1 range
  Format: 3D-FRONT (double xyz, double normals, uchar RGB)
  Vertices: 1,911,983
  Vertex size: 51 bytes

Processing: c2091907-53cb-4a8a-b017-343255e04b0a@LivingDiningRoom-3215
  PLY: /cluster/medbow/project/3dllms/melgin/datasets/3d-grand_unzipped/3D-FRONT/c2091907-53cb-4a8a-b017-343255e04b0a/LivingDiningRoom-3215/LivingDiningRoom-3215.ply
  Vertices: 1,911,983
  Format: 3D-FRONT (double xyz, double normals, uchar RGB)
  Vertices: 1,911,983
  Vertex size: 51 bytes
  ✗ Error processing c2091907-53cb-4a8a-b017-343255e04b0a@LivingDiningRoom-3215: RGBA values should be within 0-1 range
  Format: 3D-FRONT (double xyz, double normals, uchar RGB)
  Vertices: 3,652
  Vertex size: 51 bytes

Processing: c2091907-53cb-4a8a-b017-343255e04b0a@MasterBedroom-3985
  PLY: /cluster/medbow/project/3dllms/melgin/datasets/3d-grand_unzipped/3D-FRONT/c2091907-53cb-4a8a-b017-343255e04b0a/MasterBedroom-3985/MasterBedroom-3985.ply
  Vertices: 3,652
  Format: 3D-FRONT (double xyz, double normals, uchar RGB)
  Vertices: 3,652
  Vertex size: 51 bytes
  ✗ Error processing c2091907-53cb-4a8a-b017-343255e04b0a@MasterBedroom-3985: RGBA values should be within 0-1 range
  Format: 3D-FRONT (double xyz, double normals, uchar RGB)
  Vertices: 93,139
  Vertex size: 51 bytes

Processing: c2091907-53cb-4a8a-b017-343255e04b0a@SecondBedroom-9504
  PLY: /cluster/medbow/project/3dllms/melgin/datasets/3d-grand_unzipped/3D-FRONT/c2091907-53cb-4a8a-b017-343255e04b0a/SecondBedroom-9504/SecondBedroom-9504.ply
  Vertices: 93,139
  Format: 3D-FRONT (double xyz, double normals, uchar RGB)
  Vertices: 93,139
  Vertex size: 51 bytes
  ✗ Error processing c2091907-53cb-4a8a-b017-343255e04b0a@SecondBedroom-9504: RGBA values should be within 0-1 range
  Format: 3D-FRONT (double xyz, double normals, uchar RGB)
  Vertices: 1,033,600
  Vertex size: 51 bytes

Processing: 04e15195-800c-44fd-ba4f-d554f37409ff@DiningRoom-27051
  PLY: /cluster/medbow/project/3dllms/melgin/datasets/3d-grand_unzipped/3D-FRONT/04e15195-800c-44fd-ba4f-d554f37409ff/DiningRoom-27051/DiningRoom-27051.ply
  Vertices: 1,033,600
  Format: 3D-FRONT (double xyz, double normals, uchar RGB)
  Vertices: 1,033,600
  Vertex size: 51 bytes
  ✗ Error processing 04e15195-800c-44fd-ba4f-d554f37409ff@DiningRoom-27051: RGBA values should be within 0-1 range
  Format: 3D-FRONT (double xyz, double normals, uchar RGB)
  Vertices: 310,594
  Vertex size: 51 bytes

Processing: 0b9766ba-35c9-4af7-8040-0fad2386a9b8@KidsRoom-1484
  PLY: /cluster/medbow/project/3dllms/melgin/datasets/3d-grand_unzipped/3D-FRONT/0b9766ba-35c9-4af7-8040-0fad2386a9b8/KidsRoom-1484/KidsRoom-1484.ply
  Vertices: 310,594
  Format: 3D-FRONT (double xyz, double normals, uchar RGB)
  Vertices: 310,594
  Vertex size: 51 bytes
  ✗ Error processing 0b9766ba-35c9-4af7-8040-0fad2386a9b8@KidsRoom-1484: RGBA values should be within 0-1 range
  Format: 3D-FRONT (double xyz, double normals, uchar RGB)
  Vertices: 700,104
  Vertex size: 51 bytes

Processing: c053acfe-10e0-4485-9b4b-4ff12aca4d49@MasterBedroom-1637
  PLY: /cluster/medbow/project/3dllms/melgin/datasets/3d-grand_unzipped/3D-FRONT/c053acfe-10e0-4485-9b4b-4ff12aca4d49/MasterBedroom-1637/MasterBedroom-1637.ply
  Vertices: 700,104
  Format: 3D-FRONT (double xyz, double normals, uchar RGB)
  Vertices: 700,104
  Vertex size: 51 bytes
  ✗ Error processing c053acfe-10e0-4485-9b4b-4ff12aca4d49@MasterBedroom-1637: RGBA values should be within 0-1 range
  Format: 3D-FRONT (double xyz, double normals, uchar RGB)
  Vertices: 541,667
  Vertex size: 51 bytes

Processing: c07f558e-acf1-4bc1-9ad8-2cf78ca8295e@SecondBedroom-3286
  PLY: /cluster/medbow/project/3dllms/melgin/datasets/3d-grand_unzipped/3D-FRONT/c07f558e-acf1-4bc1-9ad8-2cf78ca8295e/SecondBedroom-3286/SecondBedroom-3286.ply
  Vertices: 541,667
  Format: 3D-FRONT (double xyz, double normals, uchar RGB)
  Vertices: 541,667
  Vertex size: 51 bytes
  ✗ Error processing c07f558e-acf1-4bc1-9ad8-2cf78ca8295e@SecondBedroom-3286: RGBA values should be within 0-1 range
  Format: 3D-FRONT (double xyz, double normals, uchar RGB)
  Vertices: 522,046
  Vertex size: 51 bytes

Processing: 0bf7f4ce-4b7c-4523-aa02-b832fc90b8fc@KidsRoom-8027
  PLY: /cluster/medbow/project/3dllms/melgin/datasets/3d-grand_unzipped/3D-FRONT/0bf7f4ce-4b7c-4523-aa02-b832fc90b8fc/KidsRoom-8027/KidsRoom-8027.ply
  Vertices: 522,046
  Format: 3D-FRONT (double xyz, double normals, uchar RGB)
  Vertices: 522,046
  Vertex size: 51 bytes
  ✗ Error processing 0bf7f4ce-4b7c-4523-aa02-b832fc90b8fc@KidsRoom-8027: RGBA values should be within 0-1 range
  Format: 3D-FRONT (double xyz, double normals, uchar RGB)
  Vertices: 295,481
  Vertex size: 51 bytes

Processing: c21363a2-ebf9-480f-9793-c50e293a8f5a@Library-5265
  PLY: /cluster/medbow/project/3dllms/melgin/datasets/3d-grand_unzipped/3D-FRONT/c21363a2-ebf9-480f-9793-c50e293a8f5a/Library-5265/Library-5265.ply
  Vertices: 295,481
  Format: 3D-FRONT (double xyz, double normals, uchar RGB)
  Vertices: 295,481
  Vertex size: 51 bytes
  ✗ Error processing c21363a2-ebf9-480f-9793-c50e293a8f5a@Library-5265: RGBA values should be within 0-1 range
  Format: 3D-FRONT (double xyz, double normals, uchar RGB)
  Vertices: 1,324,074
  Vertex size: 51 bytes

Processing: c21363a2-ebf9-480f-9793-c50e293a8f5a@LivingDiningRoom-3155
  PLY: /cluster/medbow/project/3dllms/melgin/datasets/3d-grand_unzipped/3D-FRONT/c21363a2-ebf9-480f-9793-c50e293a8f5a/LivingDiningRoom-3155/LivingDiningRoom-3155.ply
  Vertices: 1,324,074
  Format: 3D-FRONT (double xyz, double normals, uchar RGB)
  Vertices: 1,324,074
  Vertex size: 51 bytes
  ✗ Error processing c21363a2-ebf9-480f-9793-c50e293a8f5a@LivingDiningRoom-3155: RGBA values should be within 0-1 range
  Format: 3D-FRONT (double xyz, double normals, uchar RGB)
  Vertices: 503,466
  Vertex size: 51 bytes

Processing: c21363a2-ebf9-480f-9793-c50e293a8f5a@MasterBedroom-2035
  PLY: /cluster/medbow/project/3dllms/melgin/datasets/3d-grand_unzipped/3D-FRONT/c21363a2-ebf9-480f-9793-c50e293a8f5a/MasterBedroom-2035/MasterBedroom-2035.ply
  Vertices: 503,466
  Format: 3D-FRONT (double xyz, double normals, uchar RGB)
  Vertices: 503,466
  Vertex size: 51 bytes
  ✗ Error processing c21363a2-ebf9-480f-9793-c50e293a8f5a@MasterBedroom-2035: RGBA values should be within 0-1 range
  Format: 3D-FRONT (double xyz, double normals, uchar RGB)
  Vertices: 189,407
  Vertex size: 51 bytes

Processing: 009ccdf2-5f3f-46e7-a562-10da2b2e3bb9@Library-62816
  PLY: /cluster/medbow/project/3dllms/melgin/datasets/3d-grand_unzipped/3D-FRONT/009ccdf2-5f3f-46e7-a562-10da2b2e3bb9/Library-62816/Library-62816.ply
  Vertices: 189,407
  Format: 3D-FRONT (double xyz, double normals, uchar RGB)
  Vertices: 189,407
  Vertex size: 51 bytes
  ✗ Error processing 009ccdf2-5f3f-46e7-a562-10da2b2e3bb9@Library-62816: RGBA values should be within 0-1 range
  Format: 3D-FRONT (double xyz, double normals, uchar RGB)
  Vertices: 1,003,983
  Vertex size: 51 bytes

Processing: c22b8f01-a606-4b65-a964-79be4c0036a0@LivingDiningRoom-1711
  PLY: /cluster/medbow/project/3dllms/melgin/datasets/3d-grand_unzipped/3D-FRONT/c22b8f01-a606-4b65-a964-79be4c0036a0/LivingDiningRoom-1711/LivingDiningRoom-1711.ply
  Vertices: 1,003,983
  Format: 3D-FRONT (double xyz, double normals, uchar RGB)
  Vertices: 1,003,983
  Vertex size: 51 bytes
  ✗ Error processing c22b8f01-a606-4b65-a964-79be4c0036a0@LivingDiningRoom-1711: RGBA values should be within 0-1 range
  Format: 3D-FRONT (double xyz, double normals, uchar RGB)
  Vertices: 702,702
  Vertex size: 51 bytes

Processing: c08e6caa-3c39-4a8d-b47f-83f7612bd8af@MasterBedroom-2074
  PLY: /cluster/medbow/project/3dllms/melgin/datasets/3d-grand_unzipped/3D-FRONT/c08e6caa-3c39-4a8d-b47f-83f7612bd8af/MasterBedroom-2074/MasterBedroom-2074.ply
  Vertices: 702,702
  Format: 3D-FRONT (double xyz, double normals, uchar RGB)
  Vertices: 702,702
  Vertex size: 51 bytes
  ✗ Error processing c08e6caa-3c39-4a8d-b47f-83f7612bd8af@MasterBedroom-2074: RGBA values should be within 0-1 range
  Format: 3D-FRONT (double xyz, double normals, uchar RGB)
  Vertices: 336,112
  Vertex size: 51 bytes

Processing: c22b8f01-a606-4b65-a964-79be4c0036a0@SecondBedroom-1060
  PLY: /cluster/medbow/project/3dllms/melgin/datasets/3d-grand_unzipped/3D-FRONT/c22b8f01-a606-4b65-a964-79be4c0036a0/SecondBedroom-1060/SecondBedroom-1060.ply
  Vertices: 336,112
  Format: 3D-FRONT (double xyz, double normals, uchar RGB)
  Vertices: 336,112
  Vertex size: 51 bytes
  ✗ Error processing c22b8f01-a606-4b65-a964-79be4c0036a0@SecondBedroom-1060: RGBA values should be within 0-1 range
  Format: 3D-FRONT (double xyz, double normals, uchar RGB)
  Vertices: 500,301
  Vertex size: 51 bytes

Processing: c22b8f01-a606-4b65-a964-79be4c0036a0@SecondBedroom-1544
  PLY: /cluster/medbow/project/3dllms/melgin/datasets/3d-grand_unzipped/3D-FRONT/c22b8f01-a606-4b65-a964-79be4c0036a0/SecondBedroom-1544/SecondBedroom-1544.ply
  Vertices: 500,301
  Format: 3D-FRONT (double xyz, double normals, uchar RGB)
  Vertices: 500,301
  Vertex size: 51 bytes
  ✗ Error processing c22b8f01-a606-4b65-a964-79be4c0036a0@SecondBedroom-1544: RGBA values should be within 0-1 range
  Format: 3D-FRONT (double xyz, double normals, uchar RGB)
  Vertices: 2,412,012
  Vertex size: 51 bytes

Processing: c255ebda-e30c-4d0d-8252-a60721b4bcaf@LivingDiningRoom-31114
  PLY: /cluster/medbow/project/3dllms/melgin/datasets/3d-grand_unzipped/3D-FRONT/c255ebda-e30c-4d0d-8252-a60721b4bcaf/LivingDiningRoom-31114/LivingDiningRoom-31114.ply
  Vertices: 2,412,012
  Format: 3D-FRONT (double xyz, double normals, uchar RGB)
  Vertices: 2,412,012
  Vertex size: 51 bytes
  ✗ Error processing c255ebda-e30c-4d0d-8252-a60721b4bcaf@LivingDiningRoom-31114: RGBA values should be within 0-1 range
  Format: 3D-FRONT (double xyz, double normals, uchar RGB)
  Vertices: 286,176
  Vertex size: 51 bytes

Processing: c25d7531-99de-4709-94ce-a22e01740e09@KidsRoom-1254
  PLY: /cluster/medbow/project/3dllms/melgin/datasets/3d-grand_unzipped/3D-FRONT/c25d7531-99de-4709-94ce-a22e01740e09/KidsRoom-1254/KidsRoom-1254.ply
  Vertices: 286,176
  Format: 3D-FRONT (double xyz, double normals, uchar RGB)
  Vertices: 286,176
  Vertex size: 51 bytes
  ✗ Error processing c25d7531-99de-4709-94ce-a22e01740e09@KidsRoom-1254: RGBA values should be within 0-1 range
  Format: 3D-FRONT (double xyz, double normals, uchar RGB)
  Vertices: 474,855
  Vertex size: 51 bytes

Processing: c20ab624-9677-40e6-a832-ed2c906e408f@KidsRoom-46607
  PLY: /cluster/medbow/project/3dllms/melgin/datasets/3d-grand_unzipped/3D-FRONT/c20ab624-9677-40e6-a832-ed2c906e408f/KidsRoom-46607/KidsRoom-46607.ply
  Vertices: 474,855
  Format: 3D-FRONT (double xyz, double normals, uchar RGB)
  Vertices: 474,855
  Vertex size: 51 bytes
  ✗ Error processing c20ab624-9677-40e6-a832-ed2c906e408f@KidsRoom-46607: RGBA values should be within 0-1 range
  Format: 3D-FRONT (double xyz, double normals, uchar RGB)
  Vertices: 1,753,421
  Vertex size: 51 bytes

Processing: c26d36fa-6f61-49b9-929d-8cb6f76ff916@LivingDiningRoom-7190
  PLY: /cluster/medbow/project/3dllms/melgin/datasets/3d-grand_unzipped/3D-FRONT/c26d36fa-6f61-49b9-929d-8cb6f76ff916/LivingDiningRoom-7190/LivingDiningRoom-7190.ply
  Vertices: 1,753,421
  Format: 3D-FRONT (double xyz, double normals, uchar RGB)
  Vertices: 1,753,421
  Vertex size: 51 bytes
  ✗ Error processing c26d36fa-6f61-49b9-929d-8cb6f76ff916@LivingDiningRoom-7190: RGBA values should be within 0-1 range
  Format: 3D-FRONT (double xyz, double normals, uchar RGB)
  Vertices: 515,965
  Vertex size: 51 bytes

Processing: c26d36fa-6f61-49b9-929d-8cb6f76ff916@MasterBedroom-2741
  PLY: /cluster/medbow/project/3dllms/melgin/datasets/3d-grand_unzipped/3D-FRONT/c26d36fa-6f61-49b9-929d-8cb6f76ff916/MasterBedroom-2741/MasterBedroom-2741.ply
  Vertices: 515,965
  Format: 3D-FRONT (double xyz, double normals, uchar RGB)
  Vertices: 515,965
  Vertex size: 51 bytes
  ✗ Error processing c26d36fa-6f61-49b9-929d-8cb6f76ff916@MasterBedroom-2741: RGBA values should be within 0-1 range
  Format: 3D-FRONT (double xyz, double normals, uchar RGB)
  Vertices: 417,699
  Vertex size: 51 bytes

Processing: c26d36fa-6f61-49b9-929d-8cb6f76ff916@SecondBedroom-1028
  PLY: /cluster/medbow/project/3dllms/melgin/datasets/3d-grand_unzipped/3D-FRONT/c26d36fa-6f61-49b9-929d-8cb6f76ff916/SecondBedroom-1028/SecondBedroom-1028.ply
  Vertices: 417,699
  Format: 3D-FRONT (double xyz, double normals, uchar RGB)
  Vertices: 417,699
  Vertex size: 51 bytes
  ✗ Error processing c26d36fa-6f61-49b9-929d-8cb6f76ff916@SecondBedroom-1028: RGBA values should be within 0-1 range
  Format: 3D-FRONT (double xyz, double normals, uchar RGB)
  Vertices: 1,150,918
  Vertex size: 51 bytes

Processing: c281f033-802d-47c5-9755-1fce2b1789c3@LivingDiningRoom-7585
  PLY: /cluster/medbow/project/3dllms/melgin/datasets/3d-grand_unzipped/3D-FRONT/c281f033-802d-47c5-9755-1fce2b1789c3/LivingDiningRoom-7585/LivingDiningRoom-7585.ply
  Vertices: 1,150,918
  Format: 3D-FRONT (double xyz, double normals, uchar RGB)
  Vertices: 1,150,918
  Vertex size: 51 bytes
  ✗ Error processing c281f033-802d-47c5-9755-1fce2b1789c3@LivingDiningRoom-7585: RGBA values should be within 0-1 range
  Format: 3D-FRONT (double xyz, double normals, uchar RGB)
  Vertices: 331,195
  Vertex size: 51 bytes

Processing: c29f9741-45f8-4e0f-8688-1bc76f7ec3b7@KidsRoom-32755
  PLY: /cluster/medbow/project/3dllms/melgin/datasets/3d-grand_unzipped/3D-FRONT/c29f9741-45f8-4e0f-8688-1bc76f7ec3b7/KidsRoom-32755/KidsRoom-32755.ply
  Vertices: 331,195
  Format: 3D-FRONT (double xyz, double normals, uchar RGB)
  Vertices: 331,195
  Vertex size: 51 bytes
  ✗ Error processing c29f9741-45f8-4e0f-8688-1bc76f7ec3b7@KidsRoom-32755: RGBA values should be within 0-1 range
  Format: 3D-FRONT (double xyz, double normals, uchar RGB)
  Vertices: 287,835
  Vertex size: 51 bytes

Processing: c29f9741-45f8-4e0f-8688-1bc76f7ec3b7@Library-29001
  PLY: /cluster/medbow/project/3dllms/melgin/datasets/3d-grand_unzipped/3D-FRONT/c29f9741-45f8-4e0f-8688-1bc76f7ec3b7/Library-29001/Library-29001.ply
  Vertices: 287,835
  Format: 3D-FRONT (double xyz, double normals, uchar RGB)
  Vertices: 287,835
  Vertex size: 51 bytes
  ✗ Error processing c29f9741-45f8-4e0f-8688-1bc76f7ec3b7@Library-29001: RGBA values should be within 0-1 range
  Format: 3D-FRONT (double xyz, double normals, uchar RGB)
  Vertices: 2,060,897
  Vertex size: 51 bytes

Processing: c29f9741-45f8-4e0f-8688-1bc76f7ec3b7@LivingDiningRoom-34635
  PLY: /cluster/medbow/project/3dllms/melgin/datasets/3d-grand_unzipped/3D-FRONT/c29f9741-45f8-4e0f-8688-1bc76f7ec3b7/LivingDiningRoom-34635/LivingDiningRoom-34635.ply
  Vertices: 2,060,897
  Format: 3D-FRONT (double xyz, double normals, uchar RGB)
  Vertices: 2,060,897
  Vertex size: 51 bytes
  ✗ Error processing c29f9741-45f8-4e0f-8688-1bc76f7ec3b7@LivingDiningRoom-34635: RGBA values should be within 0-1 range
  Format: 3D-FRONT (double xyz, double normals, uchar RGB)
  Vertices: 464,699
  Vertex size: 51 bytes

Processing: c29f9741-45f8-4e0f-8688-1bc76f7ec3b7@MasterBedroom-16684
  PLY: /cluster/medbow/project/3dllms/melgin/datasets/3d-grand_unzipped/3D-FRONT/c29f9741-45f8-4e0f-8688-1bc76f7ec3b7/MasterBedroom-16684/MasterBedroom-16684.ply
  Vertices: 464,699
  Format: 3D-FRONT (double xyz, double normals, uchar RGB)
  Vertices: 464,699
  Vertex size: 51 bytes
  ✗ Error processing c29f9741-45f8-4e0f-8688-1bc76f7ec3b7@MasterBedroom-16684: RGBA values should be within 0-1 range
  Format: 3D-FRONT (double xyz, double normals, uchar RGB)
  Vertices: 422,400
  Vertex size: 51 bytes

Processing: c29f9741-45f8-4e0f-8688-1bc76f7ec3b7@SecondBedroom-32532
  PLY: /cluster/medbow/project/3dllms/melgin/datasets/3d-grand_unzipped/3D-FRONT/c29f9741-45f8-4e0f-8688-1bc76f7ec3b7/SecondBedroom-32532/SecondBedroom-32532.ply
  Vertices: 422,400
  Format: 3D-FRONT (double xyz, double normals, uchar RGB)
  Vertices: 422,400
  Vertex size: 51 bytes
  ✗ Error processing c29f9741-45f8-4e0f-8688-1bc76f7ec3b7@SecondBedroom-32532: RGBA values should be within 0-1 range
  Format: 3D-FRONT (double xyz, double normals, uchar RGB)
  Vertices: 282,903
  Vertex size: 51 bytes

Processing: c2dacc1f-c315-4b8c-b06c-573773126865@Library-5406
  PLY: /cluster/medbow/project/3dllms/melgin/datasets/3d-grand_unzipped/3D-FRONT/c2dacc1f-c315-4b8c-b06c-573773126865/Library-5406/Library-5406.ply
  Vertices: 282,903
  Format: 3D-FRONT (double xyz, double normals, uchar RGB)
  Vertices: 282,903
  Vertex size: 51 bytes
  ✗ Error processing c2dacc1f-c315-4b8c-b06c-573773126865@Library-5406: RGBA values should be within 0-1 range
  Format: 3D-FRONT (double xyz, double normals, uchar RGB)
  Vertices: 1,353,624
  Vertex size: 51 bytes

Processing: 023fcd68-dd38-420c-a518-87e82b80ac1e@LivingDiningRoom-87566
  PLY: /cluster/medbow/project/3dllms/melgin/datasets/3d-grand_unzipped/3D-FRONT/023fcd68-dd38-420c-a518-87e82b80ac1e/LivingDiningRoom-87566/LivingDiningRoom-87566.ply
  Vertices: 1,353,624
  Format: 3D-FRONT (double xyz, double normals, uchar RGB)
  Vertices: 1,353,624
  Vertex size: 51 bytes
  ✗ Error processing 023fcd68-dd38-420c-a518-87e82b80ac1e@LivingDiningRoom-87566: RGBA values should be within 0-1 range
  Format: 3D-FRONT (double xyz, double normals, uchar RGB)
  Vertices: 1,409,101
  Vertex size: 51 bytes

Processing: 1ed57d90-d682-4fbf-a8f8-f7718fb2bb50@Hallway-42249
  PLY: /cluster/medbow/project/3dllms/melgin/datasets/3d-grand_unzipped/3D-FRONT/1ed57d90-d682-4fbf-a8f8-f7718fb2bb50/Hallway-42249/Hallway-42249.ply
  Vertices: 1,409,101
  Format: 3D-FRONT (double xyz, double normals, uchar RGB)
  Vertices: 1,409,101
  Vertex size: 51 bytes
  ✗ Error processing 1ed57d90-d682-4fbf-a8f8-f7718fb2bb50@Hallway-42249: RGBA values should be within 0-1 range
  Format: 3D-FRONT (double xyz, double normals, uchar RGB)
  Vertices: 758,045
  Vertex size: 51 bytes

Processing: c2e891ec-de52-4ebd-bd91-5720ca647fd9@Hallway-69
  PLY: /cluster/medbow/project/3dllms/melgin/datasets/3d-grand_unzipped/3D-FRONT/c2e891ec-de52-4ebd-bd91-5720ca647fd9/Hallway-69/Hallway-69.ply
  Vertices: 758,045
  Format: 3D-FRONT (double xyz, double normals, uchar RGB)
  Vertices: 758,045
  Vertex size: 51 bytes
  ✗ Error processing c2e891ec-de52-4ebd-bd91-5720ca647fd9@Hallway-69: RGBA values should be within 0-1 range

======================================================================
SUMMARY
======================================================================
Successful: 0/99
Failed:     99/99
Output dir: /cluster/medbow/project/3dllms/melgin/datasets/3D-FRONT_processed

End time: Wed Oct  8 16:39:09 MDT 2025
======================================================================

End time: Wed Oct  8 16:39:10 MDT 2025
==========================================
