==========================================
3D-FRONT Preprocessing - Array Job 20
==========================================
Job ID: 44229443
Array Task ID: 20
Node: mbl40s-007
Start time: Wed Oct  8 16:38:54 MDT 2025

Python: /project/3dllms/melgin/conda/envs/lavis/bin/python
Conda env: lavis

NVIDIA L40S, 46068 MiB, 45469 MiB

Processing point clouds 1980 to 2078
Estimated count: 99

======================================================================
3D-FRONT Preprocessing - Array Job 20
======================================================================
Job ID: 44229443
Array Task ID: 20
Node: mbl40s-007
Start time: Wed Oct  8 16:39:05 MDT 2025

Python: /project/3dllms/melgin/conda/envs/lavis/bin/python3
Conda env: lavis

NVIDIA L40S, 45468 MiB, 45036 MiB

Processing point clouds 1980 to 2078
Estimated count: 99

Loading BLIP2 model...
Model loaded successfully!

