==========================================
3D-FRONT Preprocessing - Array Job 27
==========================================
Job ID: 44230866
Array Task ID: 27
Node: mbl40s-001
Start time: Wed Oct  8 16:50:35 MDT 2025

Python: /project/3dllms/melgin/conda/envs/lavis/bin/python
Conda env: lavis

NVIDIA L40S, 46068 MiB, 45469 MiB

Processing point clouds 2673 to 2771
Estimated count: 99

======================================================================
3D-FRONT Preprocessing - Array Job 27
======================================================================
Job ID: 44230866
Array Task ID: 27
Node: mbl40s-001
Start time: Wed Oct  8 16:50:45 MDT 2025

Python: /project/3dllms/melgin/conda/envs/lavis/bin/python3
Conda env: lavis

NVIDIA L40S, 45468 MiB, 45036 MiB

Processing point clouds 2673 to 2771
Estimated count: 99

Loading BLIP2 model...
Model loaded successfully!

  Format: 3D-FRONT (double xyz, double normals, uchar RGB)
  Vertices: 671,957
  Vertex size: 51 bytes

Processing: fca13883-dd07-4132-92b0-ffb790a29e1e@SecondBedroom-2934
  PLY: /cluster/medbow/project/3dllms/melgin/datasets/3d-grand_unzipped/3D-FRONT/fca13883-dd07-4132-92b0-ffb790a29e1e/SecondBedroom-2934/SecondBedroom-2934.ply
  Vertices: 671,957
  Format: 3D-FRONT (double xyz, double normals, uchar RGB)
  Vertices: 671,957
  Vertex size: 51 bytes
  ✓ Success
  Format: 3D-FRONT (double xyz, double normals, uchar RGB)
  Vertices: 880,714
  Vertex size: 51 bytes

Processing: fca44052-9bd7-454e-b897-a2d7498dea51@LivingDiningRoom-54136
  PLY: /cluster/medbow/project/3dllms/melgin/datasets/3d-grand_unzipped/3D-FRONT/fca44052-9bd7-454e-b897-a2d7498dea51/LivingDiningRoom-54136/LivingDiningRoom-54136.ply
  Vertices: 880,714
  Format: 3D-FRONT (double xyz, double normals, uchar RGB)
  Vertices: 880,714
  Vertex size: 51 bytes
  ✓ Success
  Format: 3D-FRONT (double xyz, double normals, uchar RGB)
  Vertices: 1,224,079
  Vertex size: 51 bytes

Processing: fcbed989-1248-4c5d-824d-dd40671ed6ca@LivingDiningRoom-19339
  PLY: /cluster/medbow/project/3dllms/melgin/datasets/3d-grand_unzipped/3D-FRONT/fcbed989-1248-4c5d-824d-dd40671ed6ca/LivingDiningRoom-19339/LivingDiningRoom-19339.ply
  Vertices: 1,224,079
  Format: 3D-FRONT (double xyz, double normals, uchar RGB)
  Vertices: 1,224,079
  Vertex size: 51 bytes
  ✓ Success
  Format: 3D-FRONT (double xyz, double normals, uchar RGB)
  Vertices: 409,549
  Vertex size: 51 bytes

Processing: fcbed989-1248-4c5d-824d-dd40671ed6ca@OtherRoom-6103
  PLY: /cluster/medbow/project/3dllms/melgin/datasets/3d-grand_unzipped/3D-FRONT/fcbed989-1248-4c5d-824d-dd40671ed6ca/OtherRoom-6103/OtherRoom-6103.ply
  Vertices: 409,549
  Format: 3D-FRONT (double xyz, double normals, uchar RGB)
  Vertices: 409,549
  Vertex size: 51 bytes
  ✓ Success
  Format: 3D-FRONT (double xyz, double normals, uchar RGB)
  Vertices: 1,087,241
  Vertex size: 51 bytes

Processing: fccb9d09-db9a-4d28-a355-e243612fc389@LivingDiningRoom-515
  PLY: /cluster/medbow/project/3dllms/melgin/datasets/3d-grand_unzipped/3D-FRONT/fccb9d09-db9a-4d28-a355-e243612fc389/LivingDiningRoom-515/LivingDiningRoom-515.ply
  Vertices: 1,087,241
  Format: 3D-FRONT (double xyz, double normals, uchar RGB)
  Vertices: 1,087,241
  Vertex size: 51 bytes
  ✓ Success
  Format: 3D-FRONT (double xyz, double normals, uchar RGB)
  Vertices: 526,161
  Vertex size: 51 bytes

Processing: fccf3211-1e60-40df-8b6b-9c20a10a2a41@KidsRoom-1237
  PLY: /cluster/medbow/project/3dllms/melgin/datasets/3d-grand_unzipped/3D-FRONT/fccf3211-1e60-40df-8b6b-9c20a10a2a41/KidsRoom-1237/KidsRoom-1237.ply
  Vertices: 526,161
  Format: 3D-FRONT (double xyz, double normals, uchar RGB)
  Vertices: 526,161
  Vertex size: 51 bytes
  ✓ Success
  Format: 3D-FRONT (double xyz, double normals, uchar RGB)
  Vertices: 1,268,087
  Vertex size: 51 bytes

Processing: fccf3211-1e60-40df-8b6b-9c20a10a2a41@LivingDiningRoom-707
  PLY: /cluster/medbow/project/3dllms/melgin/datasets/3d-grand_unzipped/3D-FRONT/fccf3211-1e60-40df-8b6b-9c20a10a2a41/LivingDiningRoom-707/LivingDiningRoom-707.ply
  Vertices: 1,268,087
  Format: 3D-FRONT (double xyz, double normals, uchar RGB)
  Vertices: 1,268,087
  Vertex size: 51 bytes
  ✓ Success
  Format: 3D-FRONT (double xyz, double normals, uchar RGB)
  Vertices: 677,848
  Vertex size: 51 bytes

Processing: fccf3211-1e60-40df-8b6b-9c20a10a2a41@MasterBedroom-2079
  PLY: /cluster/medbow/project/3dllms/melgin/datasets/3d-grand_unzipped/3D-FRONT/fccf3211-1e60-40df-8b6b-9c20a10a2a41/MasterBedroom-2079/MasterBedroom-2079.ply
  Vertices: 677,848
  Format: 3D-FRONT (double xyz, double normals, uchar RGB)
  Vertices: 677,848
  Vertex size: 51 bytes
  ✓ Success
  Format: 3D-FRONT (double xyz, double normals, uchar RGB)
  Vertices: 265,162
  Vertex size: 51 bytes

Processing: 5673b8fc-be93-4fda-af1e-bd63bb02b8a6@DiningRoom-2167
  PLY: /cluster/medbow/project/3dllms/melgin/datasets/3d-grand_unzipped/3D-FRONT/5673b8fc-be93-4fda-af1e-bd63bb02b8a6/DiningRoom-2167/DiningRoom-2167.ply
  Vertices: 265,162
  Format: 3D-FRONT (double xyz, double normals, uchar RGB)
  Vertices: 265,162
  Vertex size: 51 bytes
  ✓ Success
  Format: 3D-FRONT (double xyz, double normals, uchar RGB)
  Vertices: 443,348
  Vertex size: 51 bytes

Processing: fcd79353-e14c-489f-a202-55565827f205@KidsRoom-122326
  PLY: /cluster/medbow/project/3dllms/melgin/datasets/3d-grand_unzipped/3D-FRONT/fcd79353-e14c-489f-a202-55565827f205/KidsRoom-122326/KidsRoom-122326.ply
  Vertices: 443,348
  Format: 3D-FRONT (double xyz, double normals, uchar RGB)
  Vertices: 443,348
  Vertex size: 51 bytes
  ✓ Success
  Format: 3D-FRONT (double xyz, double normals, uchar RGB)
  Vertices: 975,981
  Vertex size: 51 bytes

Processing: fcd79353-e14c-489f-a202-55565827f205@LivingRoom-214380
  PLY: /cluster/medbow/project/3dllms/melgin/datasets/3d-grand_unzipped/3D-FRONT/fcd79353-e14c-489f-a202-55565827f205/LivingRoom-214380/LivingRoom-214380.ply
  Vertices: 975,981
  Format: 3D-FRONT (double xyz, double normals, uchar RGB)
  Vertices: 975,981
  Vertex size: 51 bytes
  ✓ Success
  Format: 3D-FRONT (double xyz, double normals, uchar RGB)
  Vertices: 18,990
  Vertex size: 51 bytes

Processing: fcd79353-e14c-489f-a202-55565827f205@MasterBedroom-208117
  PLY: /cluster/medbow/project/3dllms/melgin/datasets/3d-grand_unzipped/3D-FRONT/fcd79353-e14c-489f-a202-55565827f205/MasterBedroom-208117/MasterBedroom-208117.ply
  Vertices: 18,990
  Format: 3D-FRONT (double xyz, double normals, uchar RGB)
  Vertices: 18,990
  Vertex size: 51 bytes
  ✓ Success
  Format: 3D-FRONT (double xyz, double normals, uchar RGB)
  Vertices: 433,357
  Vertex size: 51 bytes

Processing: fcd79353-e14c-489f-a202-55565827f205@OtherRoom-120236
  PLY: /cluster/medbow/project/3dllms/melgin/datasets/3d-grand_unzipped/3D-FRONT/fcd79353-e14c-489f-a202-55565827f205/OtherRoom-120236/OtherRoom-120236.ply
  Vertices: 433,357
  Format: 3D-FRONT (double xyz, double normals, uchar RGB)
  Vertices: 433,357
  Vertex size: 51 bytes
  ✓ Success
  Format: 3D-FRONT (double xyz, double normals, uchar RGB)
  Vertices: 55,002
  Vertex size: 51 bytes

Processing: fcd79353-e14c-489f-a202-55565827f205@SecondBedroom-118968
  PLY: /cluster/medbow/project/3dllms/melgin/datasets/3d-grand_unzipped/3D-FRONT/fcd79353-e14c-489f-a202-55565827f205/SecondBedroom-118968/SecondBedroom-118968.ply
  Vertices: 55,002
  Format: 3D-FRONT (double xyz, double normals, uchar RGB)
  Vertices: 55,002
  Vertex size: 51 bytes
  ✓ Success
  Format: 3D-FRONT (double xyz, double normals, uchar RGB)
  Vertices: 1,116,802
  Vertex size: 51 bytes

Processing: fce52e47-a592-4988-8ebc-e7a45741b327@LivingDiningRoom-3122
  PLY: /cluster/medbow/project/3dllms/melgin/datasets/3d-grand_unzipped/3D-FRONT/fce52e47-a592-4988-8ebc-e7a45741b327/LivingDiningRoom-3122/LivingDiningRoom-3122.ply
  Vertices: 1,116,802
  Format: 3D-FRONT (double xyz, double normals, uchar RGB)
  Vertices: 1,116,802
  Vertex size: 51 bytes
  ✓ Success
  Format: 3D-FRONT (double xyz, double normals, uchar RGB)
  Vertices: 673,855
  Vertex size: 51 bytes

Processing: fce52e47-a592-4988-8ebc-e7a45741b327@MasterBedroom-2328
  PLY: /cluster/medbow/project/3dllms/melgin/datasets/3d-grand_unzipped/3D-FRONT/fce52e47-a592-4988-8ebc-e7a45741b327/MasterBedroom-2328/MasterBedroom-2328.ply
  Vertices: 673,855
  Format: 3D-FRONT (double xyz, double normals, uchar RGB)
  Vertices: 673,855
  Vertex size: 51 bytes
  ✓ Success
  Format: 3D-FRONT (double xyz, double normals, uchar RGB)
  Vertices: 367,160
  Vertex size: 51 bytes

Processing: 0422e423-8aba-40f0-9090-78f448423468@SecondBedroom-20
  PLY: /cluster/medbow/project/3dllms/melgin/datasets/3d-grand_unzipped/3D-FRONT/0422e423-8aba-40f0-9090-78f448423468/SecondBedroom-20/SecondBedroom-20.ply
  Vertices: 367,160
  Format: 3D-FRONT (double xyz, double normals, uchar RGB)
  Vertices: 367,160
  Vertex size: 51 bytes
  ✓ Success
  Format: 3D-FRONT (double xyz, double normals, uchar RGB)
  Vertices: 1,517,661
  Vertex size: 51 bytes

Processing: fcea308c-278c-4b14-a2ea-9c8a60f38c3d@LivingDiningRoom-15943
  PLY: /cluster/medbow/project/3dllms/melgin/datasets/3d-grand_unzipped/3D-FRONT/fcea308c-278c-4b14-a2ea-9c8a60f38c3d/LivingDiningRoom-15943/LivingDiningRoom-15943.ply
  Vertices: 1,517,661
  Format: 3D-FRONT (double xyz, double normals, uchar RGB)
  Vertices: 1,517,661
  Vertex size: 51 bytes
  ✓ Success
  Format: 3D-FRONT (double xyz, double normals, uchar RGB)
  Vertices: 299,151
  Vertex size: 51 bytes

Processing: fceab1a0-e79e-4e88-a40c-000b69453233@Bedroom-80610
  PLY: /cluster/medbow/project/3dllms/melgin/datasets/3d-grand_unzipped/3D-FRONT/fceab1a0-e79e-4e88-a40c-000b69453233/Bedroom-80610/Bedroom-80610.ply
  Vertices: 299,151
  Format: 3D-FRONT (double xyz, double normals, uchar RGB)
  Vertices: 299,151
  Vertex size: 51 bytes
  ✓ Success
  Format: 3D-FRONT (double xyz, double normals, uchar RGB)
  Vertices: 1,072,533
  Vertex size: 51 bytes

Processing: fceab1a0-e79e-4e88-a40c-000b69453233@LivingDiningRoom-5614
  PLY: /cluster/medbow/project/3dllms/melgin/datasets/3d-grand_unzipped/3D-FRONT/fceab1a0-e79e-4e88-a40c-000b69453233/LivingDiningRoom-5614/LivingDiningRoom-5614.ply
  Vertices: 1,072,533
  Format: 3D-FRONT (double xyz, double normals, uchar RGB)
  Vertices: 1,072,533
  Vertex size: 51 bytes
  ✓ Success
  Format: 3D-FRONT (double xyz, double normals, uchar RGB)
  Vertices: 839,486
  Vertex size: 51 bytes

Processing: fceab1a0-e79e-4e88-a40c-000b69453233@MasterBedroom-5065
  PLY: /cluster/medbow/project/3dllms/melgin/datasets/3d-grand_unzipped/3D-FRONT/fceab1a0-e79e-4e88-a40c-000b69453233/MasterBedroom-5065/MasterBedroom-5065.ply
  Vertices: 839,486
  Format: 3D-FRONT (double xyz, double normals, uchar RGB)
  Vertices: 839,486
  Vertex size: 51 bytes
  ✓ Success
  Format: 3D-FRONT (double xyz, double normals, uchar RGB)
  Vertices: 588,801
  Vertex size: 51 bytes

Processing: fceab1a0-e79e-4e88-a40c-000b69453233@SecondBedroom-6719
  PLY: /cluster/medbow/project/3dllms/melgin/datasets/3d-grand_unzipped/3D-FRONT/fceab1a0-e79e-4e88-a40c-000b69453233/SecondBedroom-6719/SecondBedroom-6719.ply
  Vertices: 588,801
  Format: 3D-FRONT (double xyz, double normals, uchar RGB)
  Vertices: 588,801
  Vertex size: 51 bytes
  ✓ Success
  Format: 3D-FRONT (double xyz, double normals, uchar RGB)
  Vertices: 356,018
  Vertex size: 51 bytes

Processing: fcee7f71-1d52-49e2-946f-00f754b24ded@Bedroom-3801
  PLY: /cluster/medbow/project/3dllms/melgin/datasets/3d-grand_unzipped/3D-FRONT/fcee7f71-1d52-49e2-946f-00f754b24ded/Bedroom-3801/Bedroom-3801.ply
  Vertices: 356,018
  Format: 3D-FRONT (double xyz, double normals, uchar RGB)
  Vertices: 356,018
  Vertex size: 51 bytes
  ✓ Success
  Format: 3D-FRONT (double xyz, double normals, uchar RGB)
  Vertices: 1,460,126
  Vertex size: 51 bytes

Processing: fcee7f71-1d52-49e2-946f-00f754b24ded@LivingDiningRoom-3782
  PLY: /cluster/medbow/project/3dllms/melgin/datasets/3d-grand_unzipped/3D-FRONT/fcee7f71-1d52-49e2-946f-00f754b24ded/LivingDiningRoom-3782/LivingDiningRoom-3782.ply
  Vertices: 1,460,126
  Format: 3D-FRONT (double xyz, double normals, uchar RGB)
  Vertices: 1,460,126
  Vertex size: 51 bytes
  ✓ Success
  Format: 3D-FRONT (double xyz, double normals, uchar RGB)
  Vertices: 426,658
  Vertex size: 51 bytes

Processing: fcee7f71-1d52-49e2-946f-00f754b24ded@MasterBedroom-3855
  PLY: /cluster/medbow/project/3dllms/melgin/datasets/3d-grand_unzipped/3D-FRONT/fcee7f71-1d52-49e2-946f-00f754b24ded/MasterBedroom-3855/MasterBedroom-3855.ply
  Vertices: 426,658
  Format: 3D-FRONT (double xyz, double normals, uchar RGB)
  Vertices: 426,658
  Vertex size: 51 bytes
  ✓ Success
  Format: 3D-FRONT (double xyz, double normals, uchar RGB)
  Vertices: 748,877
  Vertex size: 51 bytes

Processing: fcf9826f-cb40-4e74-869c-cfeec46ac1d5@Bedroom-135207
  PLY: /cluster/medbow/project/3dllms/melgin/datasets/3d-grand_unzipped/3D-FRONT/fcf9826f-cb40-4e74-869c-cfeec46ac1d5/Bedroom-135207/Bedroom-135207.ply
  Vertices: 748,877
  Format: 3D-FRONT (double xyz, double normals, uchar RGB)
  Vertices: 748,877
  Vertex size: 51 bytes
  ✓ Success
  Format: 3D-FRONT (double xyz, double normals, uchar RGB)
  Vertices: 1,774,803
  Vertex size: 51 bytes

Processing: fcf9826f-cb40-4e74-869c-cfeec46ac1d5@LivingDiningRoom-135185
  PLY: /cluster/medbow/project/3dllms/melgin/datasets/3d-grand_unzipped/3D-FRONT/fcf9826f-cb40-4e74-869c-cfeec46ac1d5/LivingDiningRoom-135185/LivingDiningRoom-135185.ply
  Vertices: 1,774,803
  Format: 3D-FRONT (double xyz, double normals, uchar RGB)
  Vertices: 1,774,803
  Vertex size: 51 bytes
  ✓ Success
  Format: 3D-FRONT (double xyz, double normals, uchar RGB)
  Vertices: 1,597,439
  Vertex size: 51 bytes

Processing: fd067d9b-a460-43c5-8721-92f1ceb8a2de@LivingDiningRoom-1806
  PLY: /cluster/medbow/project/3dllms/melgin/datasets/3d-grand_unzipped/3D-FRONT/fd067d9b-a460-43c5-8721-92f1ceb8a2de/LivingDiningRoom-1806/LivingDiningRoom-1806.ply
  Vertices: 1,597,439
  Format: 3D-FRONT (double xyz, double normals, uchar RGB)
  Vertices: 1,597,439
  Vertex size: 51 bytes
  ✓ Success
  Format: 3D-FRONT (double xyz, double normals, uchar RGB)
  Vertices: 485,562
  Vertex size: 51 bytes

Processing: fd067d9b-a460-43c5-8721-92f1ceb8a2de@MasterBedroom-6844
  PLY: /cluster/medbow/project/3dllms/melgin/datasets/3d-grand_unzipped/3D-FRONT/fd067d9b-a460-43c5-8721-92f1ceb8a2de/MasterBedroom-6844/MasterBedroom-6844.ply
  Vertices: 485,562
  Format: 3D-FRONT (double xyz, double normals, uchar RGB)
  Vertices: 485,562
  Vertex size: 51 bytes
  ✓ Success
  Format: 3D-FRONT (double xyz, double normals, uchar RGB)
  Vertices: 1,036,422
  Vertex size: 51 bytes

Processing: fd0f6fb9-85c7-4524-abf6-4bf928bf92c1@LivingDiningRoom-241089
  PLY: /cluster/medbow/project/3dllms/melgin/datasets/3d-grand_unzipped/3D-FRONT/fd0f6fb9-85c7-4524-abf6-4bf928bf92c1/LivingDiningRoom-241089/LivingDiningRoom-241089.ply
  Vertices: 1,036,422
  Format: 3D-FRONT (double xyz, double normals, uchar RGB)
  Vertices: 1,036,422
  Vertex size: 51 bytes
  ✓ Success
  Format: 3D-FRONT (double xyz, double normals, uchar RGB)
  Vertices: 538,029
  Vertex size: 51 bytes

Processing: fd0f6fb9-85c7-4524-abf6-4bf928bf92c1@MasterBedroom-240554
  PLY: /cluster/medbow/project/3dllms/melgin/datasets/3d-grand_unzipped/3D-FRONT/fd0f6fb9-85c7-4524-abf6-4bf928bf92c1/MasterBedroom-240554/MasterBedroom-240554.ply
  Vertices: 538,029
  Format: 3D-FRONT (double xyz, double normals, uchar RGB)
  Vertices: 538,029
  Vertex size: 51 bytes
  ✓ Success
  Format: 3D-FRONT (double xyz, double normals, uchar RGB)
  Vertices: 12,188
  Vertex size: 51 bytes

Processing: fd164bcb-6083-40e6-81b5-a29bd400c7d3@Bedroom-11453
  PLY: /cluster/medbow/project/3dllms/melgin/datasets/3d-grand_unzipped/3D-FRONT/fd164bcb-6083-40e6-81b5-a29bd400c7d3/Bedroom-11453/Bedroom-11453.ply
  Vertices: 12,188
  Format: 3D-FRONT (double xyz, double normals, uchar RGB)
  Vertices: 12,188
  Vertex size: 51 bytes
  ✓ Success
  Format: 3D-FRONT (double xyz, double normals, uchar RGB)
  Vertices: 421,365
  Vertex size: 51 bytes

Processing: fd164bcb-6083-40e6-81b5-a29bd400c7d3@Bedroom-282737
  PLY: /cluster/medbow/project/3dllms/melgin/datasets/3d-grand_unzipped/3D-FRONT/fd164bcb-6083-40e6-81b5-a29bd400c7d3/Bedroom-282737/Bedroom-282737.ply
  Vertices: 421,365
  Format: 3D-FRONT (double xyz, double normals, uchar RGB)
  Vertices: 421,365
  Vertex size: 51 bytes
  ✓ Success
  Format: 3D-FRONT (double xyz, double normals, uchar RGB)
  Vertices: 416,235
  Vertex size: 51 bytes

Processing: fd164bcb-6083-40e6-81b5-a29bd400c7d3@Bedroom-377735
  PLY: /cluster/medbow/project/3dllms/melgin/datasets/3d-grand_unzipped/3D-FRONT/fd164bcb-6083-40e6-81b5-a29bd400c7d3/Bedroom-377735/Bedroom-377735.ply
  Vertices: 416,235
  Format: 3D-FRONT (double xyz, double normals, uchar RGB)
  Vertices: 416,235
  Vertex size: 51 bytes
  ✓ Success
  Format: 3D-FRONT (double xyz, double normals, uchar RGB)
  Vertices: 63,361
  Vertex size: 51 bytes

Processing: fd164bcb-6083-40e6-81b5-a29bd400c7d3@CloakRoom-296370
  PLY: /cluster/medbow/project/3dllms/melgin/datasets/3d-grand_unzipped/3D-FRONT/fd164bcb-6083-40e6-81b5-a29bd400c7d3/CloakRoom-296370/CloakRoom-296370.ply
  Vertices: 63,361
  Format: 3D-FRONT (double xyz, double normals, uchar RGB)
  Vertices: 63,361
  Vertex size: 51 bytes
  ✓ Success
  Format: 3D-FRONT (double xyz, double normals, uchar RGB)
  Vertices: 1,928,683
  Vertex size: 51 bytes

Processing: fd164bcb-6083-40e6-81b5-a29bd400c7d3@LivingDiningRoom-10402
  PLY: /cluster/medbow/project/3dllms/melgin/datasets/3d-grand_unzipped/3D-FRONT/fd164bcb-6083-40e6-81b5-a29bd400c7d3/LivingDiningRoom-10402/LivingDiningRoom-10402.ply
  Vertices: 1,928,683
  Format: 3D-FRONT (double xyz, double normals, uchar RGB)
  Vertices: 1,928,683
  Vertex size: 51 bytes
  ✓ Success
  Format: 3D-FRONT (double xyz, double normals, uchar RGB)
  Vertices: 501,810
  Vertex size: 51 bytes

Processing: fd164bcb-6083-40e6-81b5-a29bd400c7d3@MasterBedroom-377634
  PLY: /cluster/medbow/project/3dllms/melgin/datasets/3d-grand_unzipped/3D-FRONT/fd164bcb-6083-40e6-81b5-a29bd400c7d3/MasterBedroom-377634/MasterBedroom-377634.ply
  Vertices: 501,810
  Format: 3D-FRONT (double xyz, double normals, uchar RGB)
  Vertices: 501,810
  Vertex size: 51 bytes
  ✓ Success
  Format: 3D-FRONT (double xyz, double normals, uchar RGB)
  Vertices: 1,407,910
  Vertex size: 51 bytes

Processing: fd2381ed-b596-407b-997b-fd116273ff75@Bedroom-515
  PLY: /cluster/medbow/project/3dllms/melgin/datasets/3d-grand_unzipped/3D-FRONT/fd2381ed-b596-407b-997b-fd116273ff75/Bedroom-515/Bedroom-515.ply
  Vertices: 1,407,910
  Format: 3D-FRONT (double xyz, double normals, uchar RGB)
  Vertices: 1,407,910
  Vertex size: 51 bytes
  ✓ Success
  Format: 3D-FRONT (double xyz, double normals, uchar RGB)
  Vertices: 656,866
  Vertex size: 51 bytes

Processing: fd253fbf-4b30-4e04-8bb2-1893e0b55b53@Bedroom-6601
  PLY: /cluster/medbow/project/3dllms/melgin/datasets/3d-grand_unzipped/3D-FRONT/fd253fbf-4b30-4e04-8bb2-1893e0b55b53/Bedroom-6601/Bedroom-6601.ply
  Vertices: 656,866
  Format: 3D-FRONT (double xyz, double normals, uchar RGB)
  Vertices: 656,866
  Vertex size: 51 bytes
  ✓ Success
  Format: 3D-FRONT (double xyz, double normals, uchar RGB)
  Vertices: 1,638,183
  Vertex size: 51 bytes

Processing: fd253fbf-4b30-4e04-8bb2-1893e0b55b53@LivingRoom-515
  PLY: /cluster/medbow/project/3dllms/melgin/datasets/3d-grand_unzipped/3D-FRONT/fd253fbf-4b30-4e04-8bb2-1893e0b55b53/LivingRoom-515/LivingRoom-515.ply
  Vertices: 1,638,183
  Format: 3D-FRONT (double xyz, double normals, uchar RGB)
  Vertices: 1,638,183
  Vertex size: 51 bytes
  ✓ Success
  Format: 3D-FRONT (double xyz, double normals, uchar RGB)
  Vertices: 643,087
  Vertex size: 51 bytes

Processing: fd316eb3-89a8-48d2-8607-07ca6d9dedd9@Bedroom-12804
  PLY: /cluster/medbow/project/3dllms/melgin/datasets/3d-grand_unzipped/3D-FRONT/fd316eb3-89a8-48d2-8607-07ca6d9dedd9/Bedroom-12804/Bedroom-12804.ply
  Vertices: 643,087
  Format: 3D-FRONT (double xyz, double normals, uchar RGB)
  Vertices: 643,087
  Vertex size: 51 bytes
  ✓ Success
  Format: 3D-FRONT (double xyz, double normals, uchar RGB)
  Vertices: 1,020,764
  Vertex size: 51 bytes

Processing: 106438c4-a1de-4c81-9740-74c214025a50@LivingRoom-5013
  PLY: /cluster/medbow/project/3dllms/melgin/datasets/3d-grand_unzipped/3D-FRONT/106438c4-a1de-4c81-9740-74c214025a50/LivingRoom-5013/LivingRoom-5013.ply
  Vertices: 1,020,764
  Format: 3D-FRONT (double xyz, double normals, uchar RGB)
  Vertices: 1,020,764
  Vertex size: 51 bytes
  ✓ Success
  Format: 3D-FRONT (double xyz, double normals, uchar RGB)
  Vertices: 831,134
  Vertex size: 51 bytes

Processing: fd32c5d7-1177-4f85-98c2-624d1a0c472e@Bedroom-217
  PLY: /cluster/medbow/project/3dllms/melgin/datasets/3d-grand_unzipped/3D-FRONT/fd32c5d7-1177-4f85-98c2-624d1a0c472e/Bedroom-217/Bedroom-217.ply
  Vertices: 831,134
  Format: 3D-FRONT (double xyz, double normals, uchar RGB)
  Vertices: 831,134
  Vertex size: 51 bytes
  ✓ Success
  Format: 3D-FRONT (double xyz, double normals, uchar RGB)
  Vertices: 1,249,794
  Vertex size: 51 bytes

Processing: fd32c5d7-1177-4f85-98c2-624d1a0c472e@LivingDiningRoom-42
  PLY: /cluster/medbow/project/3dllms/melgin/datasets/3d-grand_unzipped/3D-FRONT/fd32c5d7-1177-4f85-98c2-624d1a0c472e/LivingDiningRoom-42/LivingDiningRoom-42.ply
  Vertices: 1,249,794
  Format: 3D-FRONT (double xyz, double normals, uchar RGB)
  Vertices: 1,249,794
  Vertex size: 51 bytes
  ✓ Success
  Format: 3D-FRONT (double xyz, double normals, uchar RGB)
  Vertices: 196,019
  Vertex size: 51 bytes

Processing: fd35a56c-c466-42f9-85c7-7e152d00d631@Library-680
  PLY: /cluster/medbow/project/3dllms/melgin/datasets/3d-grand_unzipped/3D-FRONT/fd35a56c-c466-42f9-85c7-7e152d00d631/Library-680/Library-680.ply
  Vertices: 196,019
  Format: 3D-FRONT (double xyz, double normals, uchar RGB)
  Vertices: 196,019
  Vertex size: 51 bytes
  ✓ Success
  Format: 3D-FRONT (double xyz, double normals, uchar RGB)
  Vertices: 1,539,172
  Vertex size: 51 bytes

Processing: fd35a56c-c466-42f9-85c7-7e152d00d631@LivingDiningRoom-1814
  PLY: /cluster/medbow/project/3dllms/melgin/datasets/3d-grand_unzipped/3D-FRONT/fd35a56c-c466-42f9-85c7-7e152d00d631/LivingDiningRoom-1814/LivingDiningRoom-1814.ply
  Vertices: 1,539,172
  Format: 3D-FRONT (double xyz, double normals, uchar RGB)
  Vertices: 1,539,172
  Vertex size: 51 bytes
  ✓ Success
  Format: 3D-FRONT (double xyz, double normals, uchar RGB)
  Vertices: 489,069
  Vertex size: 51 bytes

Processing: fd35a56c-c466-42f9-85c7-7e152d00d631@MasterBedroom-783
  PLY: /cluster/medbow/project/3dllms/melgin/datasets/3d-grand_unzipped/3D-FRONT/fd35a56c-c466-42f9-85c7-7e152d00d631/MasterBedroom-783/MasterBedroom-783.ply
  Vertices: 489,069
  Format: 3D-FRONT (double xyz, double normals, uchar RGB)
  Vertices: 489,069
  Vertex size: 51 bytes
  ✓ Success
  Format: 3D-FRONT (double xyz, double normals, uchar RGB)
  Vertices: 316,013
  Vertex size: 51 bytes

Processing: fd35a56c-c466-42f9-85c7-7e152d00d631@SecondBedroom-226
  PLY: /cluster/medbow/project/3dllms/melgin/datasets/3d-grand_unzipped/3D-FRONT/fd35a56c-c466-42f9-85c7-7e152d00d631/SecondBedroom-226/SecondBedroom-226.ply
  Vertices: 316,013
  Format: 3D-FRONT (double xyz, double normals, uchar RGB)
  Vertices: 316,013
  Vertex size: 51 bytes
  ✓ Success
  Format: 3D-FRONT (double xyz, double normals, uchar RGB)
  Vertices: 770,523
  Vertex size: 51 bytes

Processing: fd5ffce0-b4fa-432d-abc8-3f5b49eb1669@Bedroom-22479
  PLY: /cluster/medbow/project/3dllms/melgin/datasets/3d-grand_unzipped/3D-FRONT/fd5ffce0-b4fa-432d-abc8-3f5b49eb1669/Bedroom-22479/Bedroom-22479.ply
  Vertices: 770,523
  Format: 3D-FRONT (double xyz, double normals, uchar RGB)
  Vertices: 770,523
  Vertex size: 51 bytes
  ✓ Success
  Format: 3D-FRONT (double xyz, double normals, uchar RGB)
  Vertices: 357,703
  Vertex size: 51 bytes

Processing: fd5ffce0-b4fa-432d-abc8-3f5b49eb1669@Library-22652
  PLY: /cluster/medbow/project/3dllms/melgin/datasets/3d-grand_unzipped/3D-FRONT/fd5ffce0-b4fa-432d-abc8-3f5b49eb1669/Library-22652/Library-22652.ply
  Vertices: 357,703
  Format: 3D-FRONT (double xyz, double normals, uchar RGB)
  Vertices: 357,703
  Vertex size: 51 bytes
  ✓ Success
  Format: 3D-FRONT (double xyz, double normals, uchar RGB)
  Vertices: 1,377,308
  Vertex size: 51 bytes

Processing: fd5ffce0-b4fa-432d-abc8-3f5b49eb1669@LivingDiningRoom-22548
  PLY: /cluster/medbow/project/3dllms/melgin/datasets/3d-grand_unzipped/3D-FRONT/fd5ffce0-b4fa-432d-abc8-3f5b49eb1669/LivingDiningRoom-22548/LivingDiningRoom-22548.ply
  Vertices: 1,377,308
  Format: 3D-FRONT (double xyz, double normals, uchar RGB)
  Vertices: 1,377,308
  Vertex size: 51 bytes
  ✓ Success
  Format: 3D-FRONT (double xyz, double normals, uchar RGB)
  Vertices: 1,210,262
  Vertex size: 51 bytes

Processing: fd643138-4d1b-454e-abbf-52acab780f31@LivingDiningRoom-11113
  PLY: /cluster/medbow/project/3dllms/melgin/datasets/3d-grand_unzipped/3D-FRONT/fd643138-4d1b-454e-abbf-52acab780f31/LivingDiningRoom-11113/LivingDiningRoom-11113.ply
  Vertices: 1,210,262
  Format: 3D-FRONT (double xyz, double normals, uchar RGB)
  Vertices: 1,210,262
  Vertex size: 51 bytes
  ✓ Success
  Format: 3D-FRONT (double xyz, double normals, uchar RGB)
  Vertices: 499,847
  Vertex size: 51 bytes

Processing: fd8be468-5f2d-44ac-9dae-eb54829df2f7@Bedroom-19320
  PLY: /cluster/medbow/project/3dllms/melgin/datasets/3d-grand_unzipped/3D-FRONT/fd8be468-5f2d-44ac-9dae-eb54829df2f7/Bedroom-19320/Bedroom-19320.ply
  Vertices: 499,847
  Format: 3D-FRONT (double xyz, double normals, uchar RGB)
  Vertices: 499,847
  Vertex size: 51 bytes
  ✓ Success
  Format: 3D-FRONT (double xyz, double normals, uchar RGB)
  Vertices: 427,624
  Vertex size: 51 bytes

Processing: fd8be468-5f2d-44ac-9dae-eb54829df2f7@Bedroom-6853
  PLY: /cluster/medbow/project/3dllms/melgin/datasets/3d-grand_unzipped/3D-FRONT/fd8be468-5f2d-44ac-9dae-eb54829df2f7/Bedroom-6853/Bedroom-6853.ply
  Vertices: 427,624
  Format: 3D-FRONT (double xyz, double normals, uchar RGB)
  Vertices: 427,624
  Vertex size: 51 bytes
  ✓ Success
  Format: 3D-FRONT (double xyz, double normals, uchar RGB)
  Vertices: 391,443
  Vertex size: 51 bytes

Processing: fd8be468-5f2d-44ac-9dae-eb54829df2f7@KidsRoom-6828
  PLY: /cluster/medbow/project/3dllms/melgin/datasets/3d-grand_unzipped/3D-FRONT/fd8be468-5f2d-44ac-9dae-eb54829df2f7/KidsRoom-6828/KidsRoom-6828.ply
  Vertices: 391,443
  Format: 3D-FRONT (double xyz, double normals, uchar RGB)
  Vertices: 391,443
  Vertex size: 51 bytes
  ✓ Success
  Format: 3D-FRONT (double xyz, double normals, uchar RGB)
  Vertices: 301,502
  Vertex size: 51 bytes

Processing: fd8be468-5f2d-44ac-9dae-eb54829df2f7@Library-6923
  PLY: /cluster/medbow/project/3dllms/melgin/datasets/3d-grand_unzipped/3D-FRONT/fd8be468-5f2d-44ac-9dae-eb54829df2f7/Library-6923/Library-6923.ply
  Vertices: 301,502
  Format: 3D-FRONT (double xyz, double normals, uchar RGB)
  Vertices: 301,502
  Vertex size: 51 bytes
  ✓ Success
  Format: 3D-FRONT (double xyz, double normals, uchar RGB)
  Vertices: 1,509,367
  Vertex size: 51 bytes

Processing: fd8be468-5f2d-44ac-9dae-eb54829df2f7@LivingDiningRoom-6768
  PLY: /cluster/medbow/project/3dllms/melgin/datasets/3d-grand_unzipped/3D-FRONT/fd8be468-5f2d-44ac-9dae-eb54829df2f7/LivingDiningRoom-6768/LivingDiningRoom-6768.ply
  Vertices: 1,509,367
  Format: 3D-FRONT (double xyz, double normals, uchar RGB)
  Vertices: 1,509,367
  Vertex size: 51 bytes
  ✓ Success
  Format: 3D-FRONT (double xyz, double normals, uchar RGB)
  Vertices: 529,050
  Vertex size: 51 bytes

Processing: fd8be468-5f2d-44ac-9dae-eb54829df2f7@MasterBedroom-6793
  PLY: /cluster/medbow/project/3dllms/melgin/datasets/3d-grand_unzipped/3D-FRONT/fd8be468-5f2d-44ac-9dae-eb54829df2f7/MasterBedroom-6793/MasterBedroom-6793.ply
  Vertices: 529,050
  Format: 3D-FRONT (double xyz, double normals, uchar RGB)
  Vertices: 529,050
  Vertex size: 51 bytes
  ✓ Success
  Format: 3D-FRONT (double xyz, double normals, uchar RGB)
  Vertices: 418,876
  Vertex size: 51 bytes

Processing: fd90dff8-c4c7-444e-99a5-121388a02afc@Bedroom-10500
  PLY: /cluster/medbow/project/3dllms/melgin/datasets/3d-grand_unzipped/3D-FRONT/fd90dff8-c4c7-444e-99a5-121388a02afc/Bedroom-10500/Bedroom-10500.ply
  Vertices: 418,876
  Format: 3D-FRONT (double xyz, double normals, uchar RGB)
  Vertices: 418,876
  Vertex size: 51 bytes
  ✓ Success
  Format: 3D-FRONT (double xyz, double normals, uchar RGB)
  Vertices: 187,059
  Vertex size: 51 bytes

Processing: fd90dff8-c4c7-444e-99a5-121388a02afc@Hallway-12446
  PLY: /cluster/medbow/project/3dllms/melgin/datasets/3d-grand_unzipped/3D-FRONT/fd90dff8-c4c7-444e-99a5-121388a02afc/Hallway-12446/Hallway-12446.ply
  Vertices: 187,059
  Format: 3D-FRONT (double xyz, double normals, uchar RGB)
  Vertices: 187,059
  Vertex size: 51 bytes
  ✓ Success
  Format: 3D-FRONT (double xyz, double normals, uchar RGB)
  Vertices: 837,841
  Vertex size: 51 bytes

Processing: fd90dff8-c4c7-444e-99a5-121388a02afc@LivingDiningRoom-9899
  PLY: /cluster/medbow/project/3dllms/melgin/datasets/3d-grand_unzipped/3D-FRONT/fd90dff8-c4c7-444e-99a5-121388a02afc/LivingDiningRoom-9899/LivingDiningRoom-9899.ply
  Vertices: 837,841
  Format: 3D-FRONT (double xyz, double normals, uchar RGB)
  Vertices: 837,841
  Vertex size: 51 bytes
  ✓ Success
  Format: 3D-FRONT (double xyz, double normals, uchar RGB)
  Vertices: 520,146
  Vertex size: 51 bytes

Processing: fd90dff8-c4c7-444e-99a5-121388a02afc@MasterBedroom-10543
  PLY: /cluster/medbow/project/3dllms/melgin/datasets/3d-grand_unzipped/3D-FRONT/fd90dff8-c4c7-444e-99a5-121388a02afc/MasterBedroom-10543/MasterBedroom-10543.ply
  Vertices: 520,146
  Format: 3D-FRONT (double xyz, double normals, uchar RGB)
  Vertices: 520,146
  Vertex size: 51 bytes
  ✓ Success
  Format: 3D-FRONT (double xyz, double normals, uchar RGB)
  Vertices: 1,347,177
  Vertex size: 51 bytes

Processing: fda0a967-e5af-4974-ba81-7aab43f00944@LivingDiningRoom-5560
  PLY: /cluster/medbow/project/3dllms/melgin/datasets/3d-grand_unzipped/3D-FRONT/fda0a967-e5af-4974-ba81-7aab43f00944/LivingDiningRoom-5560/LivingDiningRoom-5560.ply
  Vertices: 1,347,177
  Format: 3D-FRONT (double xyz, double normals, uchar RGB)
  Vertices: 1,347,177
  Vertex size: 51 bytes
  ✓ Success
  Format: 3D-FRONT (double xyz, double normals, uchar RGB)
  Vertices: 500,355
  Vertex size: 51 bytes

Processing: fda0a967-e5af-4974-ba81-7aab43f00944@MasterBedroom-5661
  PLY: /cluster/medbow/project/3dllms/melgin/datasets/3d-grand_unzipped/3D-FRONT/fda0a967-e5af-4974-ba81-7aab43f00944/MasterBedroom-5661/MasterBedroom-5661.ply
  Vertices: 500,355
  Format: 3D-FRONT (double xyz, double normals, uchar RGB)
  Vertices: 500,355
  Vertex size: 51 bytes
  ✓ Success
  Format: 3D-FRONT (double xyz, double normals, uchar RGB)
  Vertices: 500,084
  Vertex size: 51 bytes

Processing: fda0a967-e5af-4974-ba81-7aab43f00944@SecondBedroom-5601
  PLY: /cluster/medbow/project/3dllms/melgin/datasets/3d-grand_unzipped/3D-FRONT/fda0a967-e5af-4974-ba81-7aab43f00944/SecondBedroom-5601/SecondBedroom-5601.ply
  Vertices: 500,084
  Format: 3D-FRONT (double xyz, double normals, uchar RGB)
  Vertices: 500,084
  Vertex size: 51 bytes
  ✓ Success
  Format: 3D-FRONT (double xyz, double normals, uchar RGB)
  Vertices: 1,200,240
  Vertex size: 51 bytes

Processing: fda72039-c926-4c5a-9c51-627a0ab5d3ca@LivingDiningRoom-2328
  PLY: /cluster/medbow/project/3dllms/melgin/datasets/3d-grand_unzipped/3D-FRONT/fda72039-c926-4c5a-9c51-627a0ab5d3ca/LivingDiningRoom-2328/LivingDiningRoom-2328.ply
  Vertices: 1,200,240
  Format: 3D-FRONT (double xyz, double normals, uchar RGB)
  Vertices: 1,200,240
  Vertex size: 51 bytes
  ✓ Success
  Format: 3D-FRONT (double xyz, double normals, uchar RGB)
  Vertices: 506,095
  Vertex size: 51 bytes

Processing: fda72039-c926-4c5a-9c51-627a0ab5d3ca@MasterBedroom-1247
  PLY: /cluster/medbow/project/3dllms/melgin/datasets/3d-grand_unzipped/3D-FRONT/fda72039-c926-4c5a-9c51-627a0ab5d3ca/MasterBedroom-1247/MasterBedroom-1247.ply
  Vertices: 506,095
  Format: 3D-FRONT (double xyz, double normals, uchar RGB)
  Vertices: 506,095
  Vertex size: 51 bytes
  ✓ Success
  Format: 3D-FRONT (double xyz, double normals, uchar RGB)
  Vertices: 423,639
  Vertex size: 51 bytes

Processing: fda72039-c926-4c5a-9c51-627a0ab5d3ca@SecondBedroom-1983
  PLY: /cluster/medbow/project/3dllms/melgin/datasets/3d-grand_unzipped/3D-FRONT/fda72039-c926-4c5a-9c51-627a0ab5d3ca/SecondBedroom-1983/SecondBedroom-1983.ply
  Vertices: 423,639
  Format: 3D-FRONT (double xyz, double normals, uchar RGB)
  Vertices: 423,639
  Vertex size: 51 bytes
  ✓ Success
  Format: 3D-FRONT (double xyz, double normals, uchar RGB)
  Vertices: 1,335,534
  Vertex size: 51 bytes

Processing: fdb7f1f3-c28e-43f3-ac6b-fbb43396c015@LivingDiningRoom-15167
  PLY: /cluster/medbow/project/3dllms/melgin/datasets/3d-grand_unzipped/3D-FRONT/fdb7f1f3-c28e-43f3-ac6b-fbb43396c015/LivingDiningRoom-15167/LivingDiningRoom-15167.ply
  Vertices: 1,335,534
  Format: 3D-FRONT (double xyz, double normals, uchar RGB)
  Vertices: 1,335,534
  Vertex size: 51 bytes
  ✓ Success
  Format: 3D-FRONT (double xyz, double normals, uchar RGB)
  Vertices: 559,138
  Vertex size: 51 bytes

Processing: fdb7f1f3-c28e-43f3-ac6b-fbb43396c015@MasterBedroom-14915
  PLY: /cluster/medbow/project/3dllms/melgin/datasets/3d-grand_unzipped/3D-FRONT/fdb7f1f3-c28e-43f3-ac6b-fbb43396c015/MasterBedroom-14915/MasterBedroom-14915.ply
  Vertices: 559,138
  Format: 3D-FRONT (double xyz, double normals, uchar RGB)
  Vertices: 559,138
  Vertex size: 51 bytes
  ✓ Success
  Format: 3D-FRONT (double xyz, double normals, uchar RGB)
  Vertices: 443,843
  Vertex size: 51 bytes

Processing: fdb7f1f3-c28e-43f3-ac6b-fbb43396c015@SecondBedroom-12633
  PLY: /cluster/medbow/project/3dllms/melgin/datasets/3d-grand_unzipped/3D-FRONT/fdb7f1f3-c28e-43f3-ac6b-fbb43396c015/SecondBedroom-12633/SecondBedroom-12633.ply
  Vertices: 443,843
  Format: 3D-FRONT (double xyz, double normals, uchar RGB)
  Vertices: 443,843
  Vertex size: 51 bytes
  ✓ Success
  Format: 3D-FRONT (double xyz, double normals, uchar RGB)
  Vertices: 451,016
  Vertex size: 51 bytes

Processing: fdc0d606-cae1-4ac9-903a-198c762cacfd@LivingDiningRoom-758
  PLY: /cluster/medbow/project/3dllms/melgin/datasets/3d-grand_unzipped/3D-FRONT/fdc0d606-cae1-4ac9-903a-198c762cacfd/LivingDiningRoom-758/LivingDiningRoom-758.ply
  Vertices: 451,016
  Format: 3D-FRONT (double xyz, double normals, uchar RGB)
  Vertices: 451,016
  Vertex size: 51 bytes
  ✓ Success
  Format: 3D-FRONT (double xyz, double normals, uchar RGB)
  Vertices: 367,047
  Vertex size: 51 bytes

Processing: fdc0d606-cae1-4ac9-903a-198c762cacfd@MasterBedroom-532
  PLY: /cluster/medbow/project/3dllms/melgin/datasets/3d-grand_unzipped/3D-FRONT/fdc0d606-cae1-4ac9-903a-198c762cacfd/MasterBedroom-532/MasterBedroom-532.ply
  Vertices: 367,047
  Format: 3D-FRONT (double xyz, double normals, uchar RGB)
  Vertices: 367,047
  Vertex size: 51 bytes
  ✓ Success
  Format: 3D-FRONT (double xyz, double normals, uchar RGB)
  Vertices: 669,082
  Vertex size: 51 bytes

Processing: fdd2ad6a-00cf-49f7-b5c5-e6613b59b23d@Bedroom-2923
  PLY: /cluster/medbow/project/3dllms/melgin/datasets/3d-grand_unzipped/3D-FRONT/fdd2ad6a-00cf-49f7-b5c5-e6613b59b23d/Bedroom-2923/Bedroom-2923.ply
  Vertices: 669,082
  Format: 3D-FRONT (double xyz, double normals, uchar RGB)
  Vertices: 669,082
  Vertex size: 51 bytes
  ✓ Success
  Format: 3D-FRONT (double xyz, double normals, uchar RGB)
  Vertices: 927,767
  Vertex size: 51 bytes

Processing: fdd2ad6a-00cf-49f7-b5c5-e6613b59b23d@LivingDiningRoom-2392
  PLY: /cluster/medbow/project/3dllms/melgin/datasets/3d-grand_unzipped/3D-FRONT/fdd2ad6a-00cf-49f7-b5c5-e6613b59b23d/LivingDiningRoom-2392/LivingDiningRoom-2392.ply
  Vertices: 927,767
  Format: 3D-FRONT (double xyz, double normals, uchar RGB)
  Vertices: 927,767
  Vertex size: 51 bytes
  ✓ Success
  Format: 3D-FRONT (double xyz, double normals, uchar RGB)
  Vertices: 1,965,327
  Vertex size: 51 bytes

Processing: fdede0d6-3282-4cd3-9e78-2f881fc545bf@LivingDiningRoom-515
  PLY: /cluster/medbow/project/3dllms/melgin/datasets/3d-grand_unzipped/3D-FRONT/fdede0d6-3282-4cd3-9e78-2f881fc545bf/LivingDiningRoom-515/LivingDiningRoom-515.ply
  Vertices: 1,965,327
  Format: 3D-FRONT (double xyz, double normals, uchar RGB)
  Vertices: 1,965,327
  Vertex size: 51 bytes
  ✓ Success
  Format: 3D-FRONT (double xyz, double normals, uchar RGB)
  Vertices: 786,953
  Vertex size: 51 bytes

Processing: fdede0d6-3282-4cd3-9e78-2f881fc545bf@MasterBedroom-3684
  PLY: /cluster/medbow/project/3dllms/melgin/datasets/3d-grand_unzipped/3D-FRONT/fdede0d6-3282-4cd3-9e78-2f881fc545bf/MasterBedroom-3684/MasterBedroom-3684.ply
  Vertices: 786,953
  Format: 3D-FRONT (double xyz, double normals, uchar RGB)
  Vertices: 786,953
  Vertex size: 51 bytes
  ✓ Success
  Format: 3D-FRONT (double xyz, double normals, uchar RGB)
  Vertices: 468,091
  Vertex size: 51 bytes

Processing: fdef84bf-29d0-4284-8ff9-0683b890181a@Bedroom-16561
  PLY: /cluster/medbow/project/3dllms/melgin/datasets/3d-grand_unzipped/3D-FRONT/fdef84bf-29d0-4284-8ff9-0683b890181a/Bedroom-16561/Bedroom-16561.ply
  Vertices: 468,091
  Format: 3D-FRONT (double xyz, double normals, uchar RGB)
  Vertices: 468,091
  Vertex size: 51 bytes
  ✓ Success
  Format: 3D-FRONT (double xyz, double normals, uchar RGB)
  Vertices: 405,435
  Vertex size: 51 bytes

Processing: fdef84bf-29d0-4284-8ff9-0683b890181a@DiningRoom-19570
  PLY: /cluster/medbow/project/3dllms/melgin/datasets/3d-grand_unzipped/3D-FRONT/fdef84bf-29d0-4284-8ff9-0683b890181a/DiningRoom-19570/DiningRoom-19570.ply
  Vertices: 405,435
  Format: 3D-FRONT (double xyz, double normals, uchar RGB)
  Vertices: 405,435
  Vertex size: 51 bytes
  ✓ Success
  Format: 3D-FRONT (double xyz, double normals, uchar RGB)
  Vertices: 795,876
  Vertex size: 51 bytes

Processing: fdef84bf-29d0-4284-8ff9-0683b890181a@LivingRoom-18466
  PLY: /cluster/medbow/project/3dllms/melgin/datasets/3d-grand_unzipped/3D-FRONT/fdef84bf-29d0-4284-8ff9-0683b890181a/LivingRoom-18466/LivingRoom-18466.ply
  Vertices: 795,876
  Format: 3D-FRONT (double xyz, double normals, uchar RGB)
  Vertices: 795,876
  Vertex size: 51 bytes
  ✓ Success
  Format: 3D-FRONT (double xyz, double normals, uchar RGB)
  Vertices: 1,249,452
  Vertex size: 51 bytes

Processing: fdfe9b8c-f0ba-43e4-9fac-9d4f989180ba@LivingDiningRoom-12514
  PLY: /cluster/medbow/project/3dllms/melgin/datasets/3d-grand_unzipped/3D-FRONT/fdfe9b8c-f0ba-43e4-9fac-9d4f989180ba/LivingDiningRoom-12514/LivingDiningRoom-12514.ply
  Vertices: 1,249,452
  Format: 3D-FRONT (double xyz, double normals, uchar RGB)
  Vertices: 1,249,452
  Vertex size: 51 bytes
  ✓ Success
  Format: 3D-FRONT (double xyz, double normals, uchar RGB)
  Vertices: 33,143
  Vertex size: 51 bytes

Processing: fdfe9b8c-f0ba-43e4-9fac-9d4f989180ba@MasterBedroom-12123
  PLY: /cluster/medbow/project/3dllms/melgin/datasets/3d-grand_unzipped/3D-FRONT/fdfe9b8c-f0ba-43e4-9fac-9d4f989180ba/MasterBedroom-12123/MasterBedroom-12123.ply
  Vertices: 33,143
  Format: 3D-FRONT (double xyz, double normals, uchar RGB)
  Vertices: 33,143
  Vertex size: 51 bytes
  ✓ Success
  Format: 3D-FRONT (double xyz, double normals, uchar RGB)
  Vertices: 61,652
  Vertex size: 51 bytes

Processing: fdfe9b8c-f0ba-43e4-9fac-9d4f989180ba@SecondBedroom-11694
  PLY: /cluster/medbow/project/3dllms/melgin/datasets/3d-grand_unzipped/3D-FRONT/fdfe9b8c-f0ba-43e4-9fac-9d4f989180ba/SecondBedroom-11694/SecondBedroom-11694.ply
  Vertices: 61,652
  Format: 3D-FRONT (double xyz, double normals, uchar RGB)
  Vertices: 61,652
  Vertex size: 51 bytes
  ✓ Success
  Format: 3D-FRONT (double xyz, double normals, uchar RGB)
  Vertices: 899,196
  Vertex size: 51 bytes

Processing: fe04e03f-3d6b-4ad3-97fd-2bedc5fa1b09@LivingDiningRoom-5328
  PLY: /cluster/medbow/project/3dllms/melgin/datasets/3d-grand_unzipped/3D-FRONT/fe04e03f-3d6b-4ad3-97fd-2bedc5fa1b09/LivingDiningRoom-5328/LivingDiningRoom-5328.ply
  Vertices: 899,196
  Format: 3D-FRONT (double xyz, double normals, uchar RGB)
  Vertices: 899,196
  Vertex size: 51 bytes
  ✓ Success
  Format: 3D-FRONT (double xyz, double normals, uchar RGB)
  Vertices: 1,289,445
  Vertex size: 51 bytes

Processing: fe25bf3d-8ceb-4990-8284-5a829ee69cce@LivingDiningRoom-1255
  PLY: /cluster/medbow/project/3dllms/melgin/datasets/3d-grand_unzipped/3D-FRONT/fe25bf3d-8ceb-4990-8284-5a829ee69cce/LivingDiningRoom-1255/LivingDiningRoom-1255.ply
  Vertices: 1,289,445
  Format: 3D-FRONT (double xyz, double normals, uchar RGB)
  Vertices: 1,289,445
  Vertex size: 51 bytes
  ✓ Success
  Format: 3D-FRONT (double xyz, double normals, uchar RGB)
  Vertices: 1,423,148
  Vertex size: 51 bytes

Processing: fe31964d-c74a-40ef-9c49-4673dbbfafb5@LivingRoom-9739
  PLY: /cluster/medbow/project/3dllms/melgin/datasets/3d-grand_unzipped/3D-FRONT/fe31964d-c74a-40ef-9c49-4673dbbfafb5/LivingRoom-9739/LivingRoom-9739.ply
  Vertices: 1,423,148
  Format: 3D-FRONT (double xyz, double normals, uchar RGB)
  Vertices: 1,423,148
  Vertex size: 51 bytes
  ✓ Success
  Format: 3D-FRONT (double xyz, double normals, uchar RGB)
  Vertices: 503,787
  Vertex size: 51 bytes

Processing: fe31964d-c74a-40ef-9c49-4673dbbfafb5@MasterBedroom-10372
  PLY: /cluster/medbow/project/3dllms/melgin/datasets/3d-grand_unzipped/3D-FRONT/fe31964d-c74a-40ef-9c49-4673dbbfafb5/MasterBedroom-10372/MasterBedroom-10372.ply
  Vertices: 503,787
  Format: 3D-FRONT (double xyz, double normals, uchar RGB)
  Vertices: 503,787
  Vertex size: 51 bytes
  ✓ Success
  Format: 3D-FRONT (double xyz, double normals, uchar RGB)
  Vertices: 899,702
  Vertex size: 51 bytes

Processing: fe3731be-633d-487d-a502-63a3c0ebfbc7@LivingDiningRoom-1985
  PLY: /cluster/medbow/project/3dllms/melgin/datasets/3d-grand_unzipped/3D-FRONT/fe3731be-633d-487d-a502-63a3c0ebfbc7/LivingDiningRoom-1985/LivingDiningRoom-1985.ply
  Vertices: 899,702
  Format: 3D-FRONT (double xyz, double normals, uchar RGB)
  Vertices: 899,702
  Vertex size: 51 bytes
  ✓ Success
  Format: 3D-FRONT (double xyz, double normals, uchar RGB)
  Vertices: 583,250
  Vertex size: 51 bytes

Processing: fe3731be-633d-487d-a502-63a3c0ebfbc7@MasterBedroom-2363
  PLY: /cluster/medbow/project/3dllms/melgin/datasets/3d-grand_unzipped/3D-FRONT/fe3731be-633d-487d-a502-63a3c0ebfbc7/MasterBedroom-2363/MasterBedroom-2363.ply
  Vertices: 583,250
  Format: 3D-FRONT (double xyz, double normals, uchar RGB)
  Vertices: 583,250
  Vertex size: 51 bytes
  ✓ Success
  Format: 3D-FRONT (double xyz, double normals, uchar RGB)
  Vertices: 51,926
  Vertex size: 51 bytes

Processing: fe3731be-633d-487d-a502-63a3c0ebfbc7@SecondBedroom-404
  PLY: /cluster/medbow/project/3dllms/melgin/datasets/3d-grand_unzipped/3D-FRONT/fe3731be-633d-487d-a502-63a3c0ebfbc7/SecondBedroom-404/SecondBedroom-404.ply
  Vertices: 51,926
  Format: 3D-FRONT (double xyz, double normals, uchar RGB)
  Vertices: 51,926
  Vertex size: 51 bytes
  ✓ Success
  Format: 3D-FRONT (double xyz, double normals, uchar RGB)
  Vertices: 464,617
  Vertex size: 51 bytes

Processing: fe432468-5d7c-47e3-b2bb-4f24c904aa93@Bedroom-9320
  PLY: /cluster/medbow/project/3dllms/melgin/datasets/3d-grand_unzipped/3D-FRONT/fe432468-5d7c-47e3-b2bb-4f24c904aa93/Bedroom-9320/Bedroom-9320.ply
  Vertices: 464,617
  Format: 3D-FRONT (double xyz, double normals, uchar RGB)
  Vertices: 464,617
  Vertex size: 51 bytes
  ✓ Success
  Format: 3D-FRONT (double xyz, double normals, uchar RGB)
  Vertices: 1,526,287
  Vertex size: 51 bytes

Processing: fe432468-5d7c-47e3-b2bb-4f24c904aa93@LivingRoom-9184
  PLY: /cluster/medbow/project/3dllms/melgin/datasets/3d-grand_unzipped/3D-FRONT/fe432468-5d7c-47e3-b2bb-4f24c904aa93/LivingRoom-9184/LivingRoom-9184.ply
  Vertices: 1,526,287
  Format: 3D-FRONT (double xyz, double normals, uchar RGB)
  Vertices: 1,526,287
  Vertex size: 51 bytes
  ✓ Success
  Format: 3D-FRONT (double xyz, double normals, uchar RGB)
  Vertices: 1,018,405
  Vertex size: 51 bytes

Processing: fe45ec66-33bb-480a-bac0-a5ec4e909977@LivingDiningRoom-3575
  PLY: /cluster/medbow/project/3dllms/melgin/datasets/3d-grand_unzipped/3D-FRONT/fe45ec66-33bb-480a-bac0-a5ec4e909977/LivingDiningRoom-3575/LivingDiningRoom-3575.ply
  Vertices: 1,018,405
  Format: 3D-FRONT (double xyz, double normals, uchar RGB)
  Vertices: 1,018,405
  Vertex size: 51 bytes
  ✓ Success
  Format: 3D-FRONT (double xyz, double normals, uchar RGB)
  Vertices: 610,670
  Vertex size: 51 bytes

Processing: fe45ec66-33bb-480a-bac0-a5ec4e909977@MasterBedroom-3500
  PLY: /cluster/medbow/project/3dllms/melgin/datasets/3d-grand_unzipped/3D-FRONT/fe45ec66-33bb-480a-bac0-a5ec4e909977/MasterBedroom-3500/MasterBedroom-3500.ply
  Vertices: 610,670
  Format: 3D-FRONT (double xyz, double normals, uchar RGB)
  Vertices: 610,670
  Vertex size: 51 bytes
  ✓ Success
  Format: 3D-FRONT (double xyz, double normals, uchar RGB)
  Vertices: 508,682
  Vertex size: 51 bytes

Processing: fe49d5e3-8a9e-4e22-ab9a-414b2553a561@Bedroom-1155
  PLY: /cluster/medbow/project/3dllms/melgin/datasets/3d-grand_unzipped/3D-FRONT/fe49d5e3-8a9e-4e22-ab9a-414b2553a561/Bedroom-1155/Bedroom-1155.ply
  Vertices: 508,682
  Format: 3D-FRONT (double xyz, double normals, uchar RGB)
  Vertices: 508,682
  Vertex size: 51 bytes
  ✓ Success
  Format: 3D-FRONT (double xyz, double normals, uchar RGB)
  Vertices: 304,601
  Vertex size: 51 bytes

Processing: fe49d5e3-8a9e-4e22-ab9a-414b2553a561@Bedroom-224
  PLY: /cluster/medbow/project/3dllms/melgin/datasets/3d-grand_unzipped/3D-FRONT/fe49d5e3-8a9e-4e22-ab9a-414b2553a561/Bedroom-224/Bedroom-224.ply
  Vertices: 304,601
  Format: 3D-FRONT (double xyz, double normals, uchar RGB)
  Vertices: 304,601
  Vertex size: 51 bytes
  ✓ Success
  Format: 3D-FRONT (double xyz, double normals, uchar RGB)
  Vertices: 1,497,856
  Vertex size: 51 bytes

Processing: fe49d5e3-8a9e-4e22-ab9a-414b2553a561@LivingDiningRoom-3743
  PLY: /cluster/medbow/project/3dllms/melgin/datasets/3d-grand_unzipped/3D-FRONT/fe49d5e3-8a9e-4e22-ab9a-414b2553a561/LivingDiningRoom-3743/LivingDiningRoom-3743.ply
  Vertices: 1,497,856
  Format: 3D-FRONT (double xyz, double normals, uchar RGB)
  Vertices: 1,497,856
  Vertex size: 51 bytes
  ✓ Success
  Format: 3D-FRONT (double xyz, double normals, uchar RGB)
  Vertices: 1,837,339
  Vertex size: 51 bytes

Processing: fe4a1d85-eec3-4697-b32d-546875336d24@LivingDiningRoom-5706
  PLY: /cluster/medbow/project/3dllms/melgin/datasets/3d-grand_unzipped/3D-FRONT/fe4a1d85-eec3-4697-b32d-546875336d24/LivingDiningRoom-5706/LivingDiningRoom-5706.ply
  Vertices: 1,837,339
  Format: 3D-FRONT (double xyz, double normals, uchar RGB)
  Vertices: 1,837,339
  Vertex size: 51 bytes
  ✓ Success
  Format: 3D-FRONT (double xyz, double normals, uchar RGB)
  Vertices: 709,451
  Vertex size: 51 bytes

Processing: fe4a1d85-eec3-4697-b32d-546875336d24@MasterBedroom-18203
  PLY: /cluster/medbow/project/3dllms/melgin/datasets/3d-grand_unzipped/3D-FRONT/fe4a1d85-eec3-4697-b32d-546875336d24/MasterBedroom-18203/MasterBedroom-18203.ply
  Vertices: 709,451
  Format: 3D-FRONT (double xyz, double normals, uchar RGB)
  Vertices: 709,451
  Vertex size: 51 bytes
  ✓ Success

======================================================================
SUMMARY
======================================================================
Successful: 99/99
Failed:     0/99
Output dir: /cluster/medbow/project/3dllms/melgin/datasets/3D-FRONT_processed

End time: Wed Oct  8 17:01:07 MDT 2025
======================================================================

End time: Wed Oct  8 17:01:08 MDT 2025
==========================================
