==========================================
3D-FRONT Preprocessing - Array Job 11
==========================================
Job ID: 44229432
Array Task ID: 11
Node: mbl40s-003
Start time: Wed Oct  8 16:36:16 MDT 2025

Python: /project/3dllms/melgin/conda/envs/lavis/bin/python
Conda env: lavis

NVIDIA L40S, 46068 MiB, 45469 MiB

Processing point clouds 1089 to 1187
Estimated count: 99

======================================================================
3D-FRONT Preprocessing - Array Job 11
======================================================================
Job ID: 44229432
Array Task ID: 11
Node: mbl40s-003
Start time: Wed Oct  8 16:36:30 MDT 2025

Python: /project/3dllms/melgin/conda/envs/lavis/bin/python3
Conda env: lavis

NVIDIA L40S, 45468 MiB, 45036 MiB

Processing point clouds 1089 to 1187
Estimated count: 99

Loading BLIP2 model...
Model loaded successfully!

  Format: 3D-FRONT (double xyz, double normals, uchar RGB)
  Vertices: 641,420
  Vertex size: 51 bytes

Processing: d962e160-ac1a-4f93-9f8e-397818621588@SecondBedroom-3159
  PLY: /cluster/medbow/project/3dllms/melgin/datasets/3d-grand_unzipped/3D-FRONT/d962e160-ac1a-4f93-9f8e-397818621588/SecondBedroom-3159/SecondBedroom-3159.ply
  Vertices: 641,420
  Format: 3D-FRONT (double xyz, double normals, uchar RGB)
  Vertices: 641,420
  Vertex size: 51 bytes
  ✗ Error processing d962e160-ac1a-4f93-9f8e-397818621588@SecondBedroom-3159: RGBA values should be within 0-1 range
  Format: 3D-FRONT (double xyz, double normals, uchar RGB)
  Vertices: 254,718
  Vertex size: 51 bytes

Processing: d96a5189-b481-4705-b283-a202d1b19bd2@Library-90600
  PLY: /cluster/medbow/project/3dllms/melgin/datasets/3d-grand_unzipped/3D-FRONT/d96a5189-b481-4705-b283-a202d1b19bd2/Library-90600/Library-90600.ply
  Vertices: 254,718
  Format: 3D-FRONT (double xyz, double normals, uchar RGB)
  Vertices: 254,718
  Vertex size: 51 bytes
  ✗ Error processing d96a5189-b481-4705-b283-a202d1b19bd2@Library-90600: RGBA values should be within 0-1 range
  Format: 3D-FRONT (double xyz, double normals, uchar RGB)
  Vertices: 1,301,870
  Vertex size: 51 bytes

Processing: d96a5189-b481-4705-b283-a202d1b19bd2@LivingDiningRoom-91166
  PLY: /cluster/medbow/project/3dllms/melgin/datasets/3d-grand_unzipped/3D-FRONT/d96a5189-b481-4705-b283-a202d1b19bd2/LivingDiningRoom-91166/LivingDiningRoom-91166.ply
  Vertices: 1,301,870
  Format: 3D-FRONT (double xyz, double normals, uchar RGB)
  Vertices: 1,301,870
  Vertex size: 51 bytes
  ✗ Error processing d96a5189-b481-4705-b283-a202d1b19bd2@LivingDiningRoom-91166: RGBA values should be within 0-1 range
  Format: 3D-FRONT (double xyz, double normals, uchar RGB)
  Vertices: 485,681
  Vertex size: 51 bytes

Processing: d96a5189-b481-4705-b283-a202d1b19bd2@MasterBedroom-92088
  PLY: /cluster/medbow/project/3dllms/melgin/datasets/3d-grand_unzipped/3D-FRONT/d96a5189-b481-4705-b283-a202d1b19bd2/MasterBedroom-92088/MasterBedroom-92088.ply
  Vertices: 485,681
  Format: 3D-FRONT (double xyz, double normals, uchar RGB)
  Vertices: 485,681
  Vertex size: 51 bytes
  ✗ Error processing d96a5189-b481-4705-b283-a202d1b19bd2@MasterBedroom-92088: RGBA values should be within 0-1 range
  Format: 3D-FRONT (double xyz, double normals, uchar RGB)
  Vertices: 459,087
  Vertex size: 51 bytes

Processing: d96a5189-b481-4705-b283-a202d1b19bd2@SecondBedroom-90826
  PLY: /cluster/medbow/project/3dllms/melgin/datasets/3d-grand_unzipped/3D-FRONT/d96a5189-b481-4705-b283-a202d1b19bd2/SecondBedroom-90826/SecondBedroom-90826.ply
  Vertices: 459,087
  Format: 3D-FRONT (double xyz, double normals, uchar RGB)
  Vertices: 459,087
  Vertex size: 51 bytes
  ✗ Error processing d96a5189-b481-4705-b283-a202d1b19bd2@SecondBedroom-90826: RGBA values should be within 0-1 range
  Format: 3D-FRONT (double xyz, double normals, uchar RGB)
  Vertices: 851,864
  Vertex size: 51 bytes

Processing: d97a1fd8-ec70-438d-a7fd-a7badea1eda3@LivingDiningRoom-11440
  PLY: /cluster/medbow/project/3dllms/melgin/datasets/3d-grand_unzipped/3D-FRONT/d97a1fd8-ec70-438d-a7fd-a7badea1eda3/LivingDiningRoom-11440/LivingDiningRoom-11440.ply
  Vertices: 851,864
  Format: 3D-FRONT (double xyz, double normals, uchar RGB)
  Vertices: 851,864
  Vertex size: 51 bytes
  ✗ Error processing d97a1fd8-ec70-438d-a7fd-a7badea1eda3@LivingDiningRoom-11440: RGBA values should be within 0-1 range
  Format: 3D-FRONT (double xyz, double normals, uchar RGB)
  Vertices: 616,331
  Vertex size: 51 bytes

Processing: d97a1fd8-ec70-438d-a7fd-a7badea1eda3@MasterBedroom-10895
  PLY: /cluster/medbow/project/3dllms/melgin/datasets/3d-grand_unzipped/3D-FRONT/d97a1fd8-ec70-438d-a7fd-a7badea1eda3/MasterBedroom-10895/MasterBedroom-10895.ply
  Vertices: 616,331
  Format: 3D-FRONT (double xyz, double normals, uchar RGB)
  Vertices: 616,331
  Vertex size: 51 bytes
  ✗ Error processing d97a1fd8-ec70-438d-a7fd-a7badea1eda3@MasterBedroom-10895: RGBA values should be within 0-1 range
  Format: 3D-FRONT (double xyz, double normals, uchar RGB)
  Vertices: 538,992
  Vertex size: 51 bytes

Processing: d97a1fd8-ec70-438d-a7fd-a7badea1eda3@SecondBedroom-10938
  PLY: /cluster/medbow/project/3dllms/melgin/datasets/3d-grand_unzipped/3D-FRONT/d97a1fd8-ec70-438d-a7fd-a7badea1eda3/SecondBedroom-10938/SecondBedroom-10938.ply
  Vertices: 538,992
  Format: 3D-FRONT (double xyz, double normals, uchar RGB)
  Vertices: 538,992
  Vertex size: 51 bytes
  ✗ Error processing d97a1fd8-ec70-438d-a7fd-a7badea1eda3@SecondBedroom-10938: RGBA values should be within 0-1 range
  Format: 3D-FRONT (double xyz, double normals, uchar RGB)
  Vertices: 1,533,884
  Vertex size: 51 bytes

Processing: d9853b19-5834-49f5-8f78-9975aa5f5575@DiningRoom-10540
  PLY: /cluster/medbow/project/3dllms/melgin/datasets/3d-grand_unzipped/3D-FRONT/d9853b19-5834-49f5-8f78-9975aa5f5575/DiningRoom-10540/DiningRoom-10540.ply
  Vertices: 1,533,884
  Format: 3D-FRONT (double xyz, double normals, uchar RGB)
  Vertices: 1,533,884
  Vertex size: 51 bytes
  ✗ Error processing d9853b19-5834-49f5-8f78-9975aa5f5575@DiningRoom-10540: RGBA values should be within 0-1 range
  Format: 3D-FRONT (double xyz, double normals, uchar RGB)
  Vertices: 619,299
  Vertex size: 51 bytes

Processing: d9853b19-5834-49f5-8f78-9975aa5f5575@MasterBedroom-11504
  PLY: /cluster/medbow/project/3dllms/melgin/datasets/3d-grand_unzipped/3D-FRONT/d9853b19-5834-49f5-8f78-9975aa5f5575/MasterBedroom-11504/MasterBedroom-11504.ply
  Vertices: 619,299
  Format: 3D-FRONT (double xyz, double normals, uchar RGB)
  Vertices: 619,299
  Vertex size: 51 bytes
  ✗ Error processing d9853b19-5834-49f5-8f78-9975aa5f5575@MasterBedroom-11504: RGBA values should be within 0-1 range
  Format: 3D-FRONT (double xyz, double normals, uchar RGB)
  Vertices: 307,847
  Vertex size: 51 bytes

Processing: d9853b19-5834-49f5-8f78-9975aa5f5575@SecondBedroom-17521
  PLY: /cluster/medbow/project/3dllms/melgin/datasets/3d-grand_unzipped/3D-FRONT/d9853b19-5834-49f5-8f78-9975aa5f5575/SecondBedroom-17521/SecondBedroom-17521.ply
  Vertices: 307,847
  Format: 3D-FRONT (double xyz, double normals, uchar RGB)
  Vertices: 307,847
  Vertex size: 51 bytes
  ✗ Error processing d9853b19-5834-49f5-8f78-9975aa5f5575@SecondBedroom-17521: RGBA values should be within 0-1 range
  Format: 3D-FRONT (double xyz, double normals, uchar RGB)
  Vertices: 1,516,374
  Vertex size: 51 bytes

Processing: d989c8e7-d6ed-47bb-a26c-6df94b03f944@LivingDiningRoom-6257
  PLY: /cluster/medbow/project/3dllms/melgin/datasets/3d-grand_unzipped/3D-FRONT/d989c8e7-d6ed-47bb-a26c-6df94b03f944/LivingDiningRoom-6257/LivingDiningRoom-6257.ply
  Vertices: 1,516,374
  Format: 3D-FRONT (double xyz, double normals, uchar RGB)
  Vertices: 1,516,374
  Vertex size: 51 bytes
  ✗ Error processing d989c8e7-d6ed-47bb-a26c-6df94b03f944@LivingDiningRoom-6257: RGBA values should be within 0-1 range
  Format: 3D-FRONT (double xyz, double normals, uchar RGB)
  Vertices: 771,089
  Vertex size: 51 bytes

Processing: d9912586-02ba-4131-9ec3-600a739492e5@MasterBedroom-3046
  PLY: /cluster/medbow/project/3dllms/melgin/datasets/3d-grand_unzipped/3D-FRONT/d9912586-02ba-4131-9ec3-600a739492e5/MasterBedroom-3046/MasterBedroom-3046.ply
  Vertices: 771,089
  Format: 3D-FRONT (double xyz, double normals, uchar RGB)
  Vertices: 771,089
  Vertex size: 51 bytes
  ✗ Error processing d9912586-02ba-4131-9ec3-600a739492e5@MasterBedroom-3046: RGBA values should be within 0-1 range
  Format: 3D-FRONT (double xyz, double normals, uchar RGB)
  Vertices: 1,618,198
  Vertex size: 51 bytes

Processing: d9912586-02ba-4131-9ec3-600a739492e5@Stairwell-6958
  PLY: /cluster/medbow/project/3dllms/melgin/datasets/3d-grand_unzipped/3D-FRONT/d9912586-02ba-4131-9ec3-600a739492e5/Stairwell-6958/Stairwell-6958.ply
  Vertices: 1,618,198
  Format: 3D-FRONT (double xyz, double normals, uchar RGB)
  Vertices: 1,618,198
  Vertex size: 51 bytes
  ✗ Error processing d9912586-02ba-4131-9ec3-600a739492e5@Stairwell-6958: RGBA values should be within 0-1 range
  Format: 3D-FRONT (double xyz, double normals, uchar RGB)
  Vertices: 182,051
  Vertex size: 51 bytes

Processing: d9949ae6-7d34-4786-b3dc-344eb5609ae5@MasterBedroom-1901
  PLY: /cluster/medbow/project/3dllms/melgin/datasets/3d-grand_unzipped/3D-FRONT/d9949ae6-7d34-4786-b3dc-344eb5609ae5/MasterBedroom-1901/MasterBedroom-1901.ply
  Vertices: 182,051
  Format: 3D-FRONT (double xyz, double normals, uchar RGB)
  Vertices: 182,051
  Vertex size: 51 bytes
  ✗ Error processing d9949ae6-7d34-4786-b3dc-344eb5609ae5@MasterBedroom-1901: RGBA values should be within 0-1 range
  Format: 3D-FRONT (double xyz, double normals, uchar RGB)
  Vertices: 422,208
  Vertex size: 51 bytes

Processing: d9982add-499f-4f91-a433-8cb537116042@KidsRoom-2356
  PLY: /cluster/medbow/project/3dllms/melgin/datasets/3d-grand_unzipped/3D-FRONT/d9982add-499f-4f91-a433-8cb537116042/KidsRoom-2356/KidsRoom-2356.ply
  Vertices: 422,208
  Format: 3D-FRONT (double xyz, double normals, uchar RGB)
  Vertices: 422,208
  Vertex size: 51 bytes
  ✗ Error processing d9982add-499f-4f91-a433-8cb537116042@KidsRoom-2356: RGBA values should be within 0-1 range
  Format: 3D-FRONT (double xyz, double normals, uchar RGB)
  Vertices: 697,165
  Vertex size: 51 bytes

Processing: d9982add-499f-4f91-a433-8cb537116042@LivingDiningRoom-7916
  PLY: /cluster/medbow/project/3dllms/melgin/datasets/3d-grand_unzipped/3D-FRONT/d9982add-499f-4f91-a433-8cb537116042/LivingDiningRoom-7916/LivingDiningRoom-7916.ply
  Vertices: 697,165
  Format: 3D-FRONT (double xyz, double normals, uchar RGB)
  Vertices: 697,165
  Vertex size: 51 bytes
  ✗ Error processing d9982add-499f-4f91-a433-8cb537116042@LivingDiningRoom-7916: RGBA values should be within 0-1 range
  Format: 3D-FRONT (double xyz, double normals, uchar RGB)
  Vertices: 411,778
  Vertex size: 51 bytes

Processing: d9982add-499f-4f91-a433-8cb537116042@MasterBedroom-5744
  PLY: /cluster/medbow/project/3dllms/melgin/datasets/3d-grand_unzipped/3D-FRONT/d9982add-499f-4f91-a433-8cb537116042/MasterBedroom-5744/MasterBedroom-5744.ply
  Vertices: 411,778
  Format: 3D-FRONT (double xyz, double normals, uchar RGB)
  Vertices: 411,778
  Vertex size: 51 bytes
  ✗ Error processing d9982add-499f-4f91-a433-8cb537116042@MasterBedroom-5744: RGBA values should be within 0-1 range
  Format: 3D-FRONT (double xyz, double normals, uchar RGB)
  Vertices: 1,794,485
  Vertex size: 51 bytes

Processing: d9accf5f-e10b-480a-8f52-7f7d1f2fa39e@LivingDiningRoom-24980
  PLY: /cluster/medbow/project/3dllms/melgin/datasets/3d-grand_unzipped/3D-FRONT/d9accf5f-e10b-480a-8f52-7f7d1f2fa39e/LivingDiningRoom-24980/LivingDiningRoom-24980.ply
  Vertices: 1,794,485
  Format: 3D-FRONT (double xyz, double normals, uchar RGB)
  Vertices: 1,794,485
  Vertex size: 51 bytes
  ✗ Error processing d9accf5f-e10b-480a-8f52-7f7d1f2fa39e@LivingDiningRoom-24980: RGBA values should be within 0-1 range
  Format: 3D-FRONT (double xyz, double normals, uchar RGB)
  Vertices: 338,509
  Vertex size: 51 bytes

Processing: d9b1b2e5-92d5-48f2-a19e-3316fb121aec@CloakRoom-13099
  PLY: /cluster/medbow/project/3dllms/melgin/datasets/3d-grand_unzipped/3D-FRONT/d9b1b2e5-92d5-48f2-a19e-3316fb121aec/CloakRoom-13099/CloakRoom-13099.ply
  Vertices: 338,509
  Format: 3D-FRONT (double xyz, double normals, uchar RGB)
  Vertices: 338,509
  Vertex size: 51 bytes
  ✗ Error processing d9b1b2e5-92d5-48f2-a19e-3316fb121aec@CloakRoom-13099: RGBA values should be within 0-1 range
  Format: 3D-FRONT (double xyz, double normals, uchar RGB)
  Vertices: 372,145
  Vertex size: 51 bytes

Processing: c1b3e945-cefc-4e73-89fc-099bb5352bac@CloakRoom-6505
  PLY: /cluster/medbow/project/3dllms/melgin/datasets/3d-grand_unzipped/3D-FRONT/c1b3e945-cefc-4e73-89fc-099bb5352bac/CloakRoom-6505/CloakRoom-6505.ply
  Vertices: 372,145
  Format: 3D-FRONT (double xyz, double normals, uchar RGB)
  Vertices: 372,145
  Vertex size: 51 bytes
  ✗ Error processing c1b3e945-cefc-4e73-89fc-099bb5352bac@CloakRoom-6505: RGBA values should be within 0-1 range
  Format: 3D-FRONT (double xyz, double normals, uchar RGB)
  Vertices: 1,131,079
  Vertex size: 51 bytes

Processing: d9b1b2e5-92d5-48f2-a19e-3316fb121aec@MasterBedroom-57245
  PLY: /cluster/medbow/project/3dllms/melgin/datasets/3d-grand_unzipped/3D-FRONT/d9b1b2e5-92d5-48f2-a19e-3316fb121aec/MasterBedroom-57245/MasterBedroom-57245.ply
  Vertices: 1,131,079
  Format: 3D-FRONT (double xyz, double normals, uchar RGB)
  Vertices: 1,131,079
  Vertex size: 51 bytes
  ✗ Error processing d9b1b2e5-92d5-48f2-a19e-3316fb121aec@MasterBedroom-57245: RGBA values should be within 0-1 range
  Format: 3D-FRONT (double xyz, double normals, uchar RGB)
  Vertices: 772,191
  Vertex size: 51 bytes

Processing: d9b1b2e5-92d5-48f2-a19e-3316fb121aec@MasterBedroom-58468
  PLY: /cluster/medbow/project/3dllms/melgin/datasets/3d-grand_unzipped/3D-FRONT/d9b1b2e5-92d5-48f2-a19e-3316fb121aec/MasterBedroom-58468/MasterBedroom-58468.ply
  Vertices: 772,191
  Format: 3D-FRONT (double xyz, double normals, uchar RGB)
  Vertices: 772,191
  Vertex size: 51 bytes
  ✗ Error processing d9b1b2e5-92d5-48f2-a19e-3316fb121aec@MasterBedroom-58468: RGBA values should be within 0-1 range
  Format: 3D-FRONT (double xyz, double normals, uchar RGB)
  Vertices: 1,003,148
  Vertex size: 51 bytes

Processing: d9c6db25-1f85-4ef3-8900-e5fbe1dae53a@LivingDiningRoom-8441
  PLY: /cluster/medbow/project/3dllms/melgin/datasets/3d-grand_unzipped/3D-FRONT/d9c6db25-1f85-4ef3-8900-e5fbe1dae53a/LivingDiningRoom-8441/LivingDiningRoom-8441.ply
  Vertices: 1,003,148
  Format: 3D-FRONT (double xyz, double normals, uchar RGB)
  Vertices: 1,003,148
  Vertex size: 51 bytes
  ✗ Error processing d9c6db25-1f85-4ef3-8900-e5fbe1dae53a@LivingDiningRoom-8441: RGBA values should be within 0-1 range
  Format: 3D-FRONT (double xyz, double normals, uchar RGB)
  Vertices: 450,738
  Vertex size: 51 bytes

Processing: d9c6db25-1f85-4ef3-8900-e5fbe1dae53a@MasterBedroom-8997
  PLY: /cluster/medbow/project/3dllms/melgin/datasets/3d-grand_unzipped/3D-FRONT/d9c6db25-1f85-4ef3-8900-e5fbe1dae53a/MasterBedroom-8997/MasterBedroom-8997.ply
  Vertices: 450,738
  Format: 3D-FRONT (double xyz, double normals, uchar RGB)
  Vertices: 450,738
  Vertex size: 51 bytes
  ✗ Error processing d9c6db25-1f85-4ef3-8900-e5fbe1dae53a@MasterBedroom-8997: RGBA values should be within 0-1 range
  Format: 3D-FRONT (double xyz, double normals, uchar RGB)
  Vertices: 442,507
  Vertex size: 51 bytes

Processing: d9c6db25-1f85-4ef3-8900-e5fbe1dae53a@SecondBedroom-9574
  PLY: /cluster/medbow/project/3dllms/melgin/datasets/3d-grand_unzipped/3D-FRONT/d9c6db25-1f85-4ef3-8900-e5fbe1dae53a/SecondBedroom-9574/SecondBedroom-9574.ply
  Vertices: 442,507
  Format: 3D-FRONT (double xyz, double normals, uchar RGB)
  Vertices: 442,507
  Vertex size: 51 bytes
  ✗ Error processing d9c6db25-1f85-4ef3-8900-e5fbe1dae53a@SecondBedroom-9574: RGBA values should be within 0-1 range
  Format: 3D-FRONT (double xyz, double normals, uchar RGB)
  Vertices: 1,528,431
  Vertex size: 51 bytes

Processing: d9d37ae8-b3dc-404a-acdd-8066e154de64@LivingDiningRoom-19536
  PLY: /cluster/medbow/project/3dllms/melgin/datasets/3d-grand_unzipped/3D-FRONT/d9d37ae8-b3dc-404a-acdd-8066e154de64/LivingDiningRoom-19536/LivingDiningRoom-19536.ply
  Vertices: 1,528,431
  Format: 3D-FRONT (double xyz, double normals, uchar RGB)
  Vertices: 1,528,431
  Vertex size: 51 bytes
  ✗ Error processing d9d37ae8-b3dc-404a-acdd-8066e154de64@LivingDiningRoom-19536: RGBA values should be within 0-1 range
  Format: 3D-FRONT (double xyz, double normals, uchar RGB)
  Vertices: 730,106
  Vertex size: 51 bytes

Processing: d9d37ae8-b3dc-404a-acdd-8066e154de64@MasterBedroom-16012
  PLY: /cluster/medbow/project/3dllms/melgin/datasets/3d-grand_unzipped/3D-FRONT/d9d37ae8-b3dc-404a-acdd-8066e154de64/MasterBedroom-16012/MasterBedroom-16012.ply
  Vertices: 730,106
  Format: 3D-FRONT (double xyz, double normals, uchar RGB)
  Vertices: 730,106
  Vertex size: 51 bytes
  ✗ Error processing d9d37ae8-b3dc-404a-acdd-8066e154de64@MasterBedroom-16012: RGBA values should be within 0-1 range
  Format: 3D-FRONT (double xyz, double normals, uchar RGB)
  Vertices: 637,872
  Vertex size: 51 bytes

Processing: d9d37ae8-b3dc-404a-acdd-8066e154de64@SecondBedroom-19574
  PLY: /cluster/medbow/project/3dllms/melgin/datasets/3d-grand_unzipped/3D-FRONT/d9d37ae8-b3dc-404a-acdd-8066e154de64/SecondBedroom-19574/SecondBedroom-19574.ply
  Vertices: 637,872
  Format: 3D-FRONT (double xyz, double normals, uchar RGB)
  Vertices: 637,872
  Vertex size: 51 bytes
  ✗ Error processing d9d37ae8-b3dc-404a-acdd-8066e154de64@SecondBedroom-19574: RGBA values should be within 0-1 range
  Format: 3D-FRONT (double xyz, double normals, uchar RGB)
  Vertices: 466,901
  Vertex size: 51 bytes

Processing: c78f2a5e-938d-4314-b2ed-4109eb8847d2@LivingDiningRoom-122782
  PLY: /cluster/medbow/project/3dllms/melgin/datasets/3d-grand_unzipped/3D-FRONT/c78f2a5e-938d-4314-b2ed-4109eb8847d2/LivingDiningRoom-122782/LivingDiningRoom-122782.ply
  Vertices: 466,901
  Format: 3D-FRONT (double xyz, double normals, uchar RGB)
  Vertices: 466,901
  Vertex size: 51 bytes
  ✗ Error processing c78f2a5e-938d-4314-b2ed-4109eb8847d2@LivingDiningRoom-122782: RGBA values should be within 0-1 range
  Format: 3D-FRONT (double xyz, double normals, uchar RGB)
  Vertices: 751,374
  Vertex size: 51 bytes

Processing: d9df2354-d80d-49e7-a9e8-2e8fbf31dea3@LivingRoom-3362
  PLY: /cluster/medbow/project/3dllms/melgin/datasets/3d-grand_unzipped/3D-FRONT/d9df2354-d80d-49e7-a9e8-2e8fbf31dea3/LivingRoom-3362/LivingRoom-3362.ply
  Vertices: 751,374
  Format: 3D-FRONT (double xyz, double normals, uchar RGB)
  Vertices: 751,374
  Vertex size: 51 bytes
  ✗ Error processing d9df2354-d80d-49e7-a9e8-2e8fbf31dea3@LivingRoom-3362: RGBA values should be within 0-1 range
  Format: 3D-FRONT (double xyz, double normals, uchar RGB)
  Vertices: 652,064
  Vertex size: 51 bytes

Processing: d9df2354-d80d-49e7-a9e8-2e8fbf31dea3@MasterBedroom-1364
  PLY: /cluster/medbow/project/3dllms/melgin/datasets/3d-grand_unzipped/3D-FRONT/d9df2354-d80d-49e7-a9e8-2e8fbf31dea3/MasterBedroom-1364/MasterBedroom-1364.ply
  Vertices: 652,064
  Format: 3D-FRONT (double xyz, double normals, uchar RGB)
  Vertices: 652,064
  Vertex size: 51 bytes
  ✗ Error processing d9df2354-d80d-49e7-a9e8-2e8fbf31dea3@MasterBedroom-1364: RGBA values should be within 0-1 range
  Format: 3D-FRONT (double xyz, double normals, uchar RGB)
  Vertices: 280,153
  Vertex size: 51 bytes

Processing: d9df2354-d80d-49e7-a9e8-2e8fbf31dea3@SecondBedroom-186
  PLY: /cluster/medbow/project/3dllms/melgin/datasets/3d-grand_unzipped/3D-FRONT/d9df2354-d80d-49e7-a9e8-2e8fbf31dea3/SecondBedroom-186/SecondBedroom-186.ply
  Vertices: 280,153
  Format: 3D-FRONT (double xyz, double normals, uchar RGB)
  Vertices: 280,153
  Vertex size: 51 bytes
  ✗ Error processing d9df2354-d80d-49e7-a9e8-2e8fbf31dea3@SecondBedroom-186: RGBA values should be within 0-1 range
  Format: 3D-FRONT (double xyz, double normals, uchar RGB)
  Vertices: 532,481
  Vertex size: 51 bytes

Processing: d9eb740a-ef9b-41f5-8fe9-09200a8702d4@Bedroom-9700
  PLY: /cluster/medbow/project/3dllms/melgin/datasets/3d-grand_unzipped/3D-FRONT/d9eb740a-ef9b-41f5-8fe9-09200a8702d4/Bedroom-9700/Bedroom-9700.ply
  Vertices: 532,481
  Format: 3D-FRONT (double xyz, double normals, uchar RGB)
  Vertices: 532,481
  Vertex size: 51 bytes
  ✗ Error processing d9eb740a-ef9b-41f5-8fe9-09200a8702d4@Bedroom-9700: RGBA values should be within 0-1 range
  Format: 3D-FRONT (double xyz, double normals, uchar RGB)
  Vertices: 311,320
  Vertex size: 51 bytes

Processing: d9eb740a-ef9b-41f5-8fe9-09200a8702d4@DiningRoom-9753
  PLY: /cluster/medbow/project/3dllms/melgin/datasets/3d-grand_unzipped/3D-FRONT/d9eb740a-ef9b-41f5-8fe9-09200a8702d4/DiningRoom-9753/DiningRoom-9753.ply
  Vertices: 311,320
  Format: 3D-FRONT (double xyz, double normals, uchar RGB)
  Vertices: 311,320
  Vertex size: 51 bytes
  ✗ Error processing d9eb740a-ef9b-41f5-8fe9-09200a8702d4@DiningRoom-9753: RGBA values should be within 0-1 range
  Format: 3D-FRONT (double xyz, double normals, uchar RGB)
  Vertices: 827,818
  Vertex size: 51 bytes

Processing: d9eb740a-ef9b-41f5-8fe9-09200a8702d4@LivingRoom-6515
  PLY: /cluster/medbow/project/3dllms/melgin/datasets/3d-grand_unzipped/3D-FRONT/d9eb740a-ef9b-41f5-8fe9-09200a8702d4/LivingRoom-6515/LivingRoom-6515.ply
  Vertices: 827,818
  Format: 3D-FRONT (double xyz, double normals, uchar RGB)
  Vertices: 827,818
  Vertex size: 51 bytes
  ✗ Error processing d9eb740a-ef9b-41f5-8fe9-09200a8702d4@LivingRoom-6515: RGBA values should be within 0-1 range
  Format: 3D-FRONT (double xyz, double normals, uchar RGB)
  Vertices: 466,524
  Vertex size: 51 bytes

Processing: d9f6c0d0-4688-49fa-8060-2f86ad4eff21@Bedroom-22339
  PLY: /cluster/medbow/project/3dllms/melgin/datasets/3d-grand_unzipped/3D-FRONT/d9f6c0d0-4688-49fa-8060-2f86ad4eff21/Bedroom-22339/Bedroom-22339.ply
  Vertices: 466,524
  Format: 3D-FRONT (double xyz, double normals, uchar RGB)
  Vertices: 466,524
  Vertex size: 51 bytes
  ✗ Error processing d9f6c0d0-4688-49fa-8060-2f86ad4eff21@Bedroom-22339: RGBA values should be within 0-1 range
  Format: 3D-FRONT (double xyz, double normals, uchar RGB)
  Vertices: 12,483
  Vertex size: 51 bytes

Processing: d9f6c0d0-4688-49fa-8060-2f86ad4eff21@KidsRoom-21948
  PLY: /cluster/medbow/project/3dllms/melgin/datasets/3d-grand_unzipped/3D-FRONT/d9f6c0d0-4688-49fa-8060-2f86ad4eff21/KidsRoom-21948/KidsRoom-21948.ply
  Vertices: 12,483
  Format: 3D-FRONT (double xyz, double normals, uchar RGB)
  Vertices: 12,483
  Vertex size: 51 bytes
  ✗ Error processing d9f6c0d0-4688-49fa-8060-2f86ad4eff21@KidsRoom-21948: RGBA values should be within 0-1 range
  Format: 3D-FRONT (double xyz, double normals, uchar RGB)
  Vertices: 965,038
  Vertex size: 51 bytes

Processing: d9f6c0d0-4688-49fa-8060-2f86ad4eff21@LivingRoom-26487
  PLY: /cluster/medbow/project/3dllms/melgin/datasets/3d-grand_unzipped/3D-FRONT/d9f6c0d0-4688-49fa-8060-2f86ad4eff21/LivingRoom-26487/LivingRoom-26487.ply
  Vertices: 965,038
  Format: 3D-FRONT (double xyz, double normals, uchar RGB)
  Vertices: 965,038
  Vertex size: 51 bytes
  ✗ Error processing d9f6c0d0-4688-49fa-8060-2f86ad4eff21@LivingRoom-26487: RGBA values should be within 0-1 range
  Format: 3D-FRONT (double xyz, double normals, uchar RGB)
  Vertices: 656,112
  Vertex size: 51 bytes

Processing: c0031ccb-6f61-48c6-8725-45a3daccd20f@LivingDiningRoom-61629
  PLY: /cluster/medbow/project/3dllms/melgin/datasets/3d-grand_unzipped/3D-FRONT/c0031ccb-6f61-48c6-8725-45a3daccd20f/LivingDiningRoom-61629/LivingDiningRoom-61629.ply
  Vertices: 656,112
  Format: 3D-FRONT (double xyz, double normals, uchar RGB)
  Vertices: 656,112
  Vertex size: 51 bytes
  ✗ Error processing c0031ccb-6f61-48c6-8725-45a3daccd20f@LivingDiningRoom-61629: RGBA values should be within 0-1 range
  Format: 3D-FRONT (double xyz, double normals, uchar RGB)
  Vertices: 652,588
  Vertex size: 51 bytes

Processing: d9f72fce-30b2-42ab-83a9-8bbab2087230@MasterBedroom-3149
  PLY: /cluster/medbow/project/3dllms/melgin/datasets/3d-grand_unzipped/3D-FRONT/d9f72fce-30b2-42ab-83a9-8bbab2087230/MasterBedroom-3149/MasterBedroom-3149.ply
  Vertices: 652,588
  Format: 3D-FRONT (double xyz, double normals, uchar RGB)
  Vertices: 652,588
  Vertex size: 51 bytes
  ✗ Error processing d9f72fce-30b2-42ab-83a9-8bbab2087230@MasterBedroom-3149: RGBA values should be within 0-1 range
  Format: 3D-FRONT (double xyz, double normals, uchar RGB)
  Vertices: 613,704
  Vertex size: 51 bytes

Processing: d9f80253-8c05-4c78-9464-230008591d38@Bedroom-18317
  PLY: /cluster/medbow/project/3dllms/melgin/datasets/3d-grand_unzipped/3D-FRONT/d9f80253-8c05-4c78-9464-230008591d38/Bedroom-18317/Bedroom-18317.ply
  Vertices: 613,704
  Format: 3D-FRONT (double xyz, double normals, uchar RGB)
  Vertices: 613,704
  Vertex size: 51 bytes
  ✗ Error processing d9f80253-8c05-4c78-9464-230008591d38@Bedroom-18317: RGBA values should be within 0-1 range
  Format: 3D-FRONT (double xyz, double normals, uchar RGB)
  Vertices: 410,146
  Vertex size: 51 bytes

Processing: 05aa0174-838c-4255-a34d-1b419365f7a7@DiningRoom-8661
  PLY: /cluster/medbow/project/3dllms/melgin/datasets/3d-grand_unzipped/3D-FRONT/05aa0174-838c-4255-a34d-1b419365f7a7/DiningRoom-8661/DiningRoom-8661.ply
  Vertices: 410,146
  Format: 3D-FRONT (double xyz, double normals, uchar RGB)
  Vertices: 410,146
  Vertex size: 51 bytes
  ✗ Error processing 05aa0174-838c-4255-a34d-1b419365f7a7@DiningRoom-8661: RGBA values should be within 0-1 range
  Format: 3D-FRONT (double xyz, double normals, uchar RGB)
  Vertices: 990,607
  Vertex size: 51 bytes

Processing: d9f80253-8c05-4c78-9464-230008591d38@LivingRoom-19624
  PLY: /cluster/medbow/project/3dllms/melgin/datasets/3d-grand_unzipped/3D-FRONT/d9f80253-8c05-4c78-9464-230008591d38/LivingRoom-19624/LivingRoom-19624.ply
  Vertices: 990,607
  Format: 3D-FRONT (double xyz, double normals, uchar RGB)
  Vertices: 990,607
  Vertex size: 51 bytes
  ✗ Error processing d9f80253-8c05-4c78-9464-230008591d38@LivingRoom-19624: RGBA values should be within 0-1 range
  Format: 3D-FRONT (double xyz, double normals, uchar RGB)
  Vertices: 334,904
  Vertex size: 51 bytes

Processing: d9f80253-8c05-4c78-9464-230008591d38@SecondBedroom-15519
  PLY: /cluster/medbow/project/3dllms/melgin/datasets/3d-grand_unzipped/3D-FRONT/d9f80253-8c05-4c78-9464-230008591d38/SecondBedroom-15519/SecondBedroom-15519.ply
  Vertices: 334,904
  Format: 3D-FRONT (double xyz, double normals, uchar RGB)
  Vertices: 334,904
  Vertex size: 51 bytes
  ✗ Error processing d9f80253-8c05-4c78-9464-230008591d38@SecondBedroom-15519: RGBA values should be within 0-1 range
  Format: 3D-FRONT (double xyz, double normals, uchar RGB)
  Vertices: 791,476
  Vertex size: 51 bytes

Processing: d9fd3a20-e8a0-494c-b1c2-68d57884025f@Bedroom-515
  PLY: /cluster/medbow/project/3dllms/melgin/datasets/3d-grand_unzipped/3D-FRONT/d9fd3a20-e8a0-494c-b1c2-68d57884025f/Bedroom-515/Bedroom-515.ply
  Vertices: 791,476
  Format: 3D-FRONT (double xyz, double normals, uchar RGB)
  Vertices: 791,476
  Vertex size: 51 bytes
  ✗ Error processing d9fd3a20-e8a0-494c-b1c2-68d57884025f@Bedroom-515: RGBA values should be within 0-1 range
  Format: 3D-FRONT (double xyz, double normals, uchar RGB)
  Vertices: 28,814
  Vertex size: 51 bytes

Processing: da02f142-8f83-48a2-af1a-fb15c43d3bcc@Library-4400
  PLY: /cluster/medbow/project/3dllms/melgin/datasets/3d-grand_unzipped/3D-FRONT/da02f142-8f83-48a2-af1a-fb15c43d3bcc/Library-4400/Library-4400.ply
  Vertices: 28,814
  Format: 3D-FRONT (double xyz, double normals, uchar RGB)
  Vertices: 28,814
  Vertex size: 51 bytes
  ✗ Error processing da02f142-8f83-48a2-af1a-fb15c43d3bcc@Library-4400: RGBA values should be within 0-1 range
  Format: 3D-FRONT (double xyz, double normals, uchar RGB)
  Vertices: 1,233,578
  Vertex size: 51 bytes

Processing: da02f142-8f83-48a2-af1a-fb15c43d3bcc@LivingDiningRoom-6842
  PLY: /cluster/medbow/project/3dllms/melgin/datasets/3d-grand_unzipped/3D-FRONT/da02f142-8f83-48a2-af1a-fb15c43d3bcc/LivingDiningRoom-6842/LivingDiningRoom-6842.ply
  Vertices: 1,233,578
  Format: 3D-FRONT (double xyz, double normals, uchar RGB)
  Vertices: 1,233,578
  Vertex size: 51 bytes
  ✗ Error processing da02f142-8f83-48a2-af1a-fb15c43d3bcc@LivingDiningRoom-6842: RGBA values should be within 0-1 range
  Format: 3D-FRONT (double xyz, double normals, uchar RGB)
  Vertices: 640,490
  Vertex size: 51 bytes

Processing: da02f142-8f83-48a2-af1a-fb15c43d3bcc@MasterBedroom-13083
  PLY: /cluster/medbow/project/3dllms/melgin/datasets/3d-grand_unzipped/3D-FRONT/da02f142-8f83-48a2-af1a-fb15c43d3bcc/MasterBedroom-13083/MasterBedroom-13083.ply
  Vertices: 640,490
  Format: 3D-FRONT (double xyz, double normals, uchar RGB)
  Vertices: 640,490
  Vertex size: 51 bytes
  ✗ Error processing da02f142-8f83-48a2-af1a-fb15c43d3bcc@MasterBedroom-13083: RGBA values should be within 0-1 range
  Format: 3D-FRONT (double xyz, double normals, uchar RGB)
  Vertices: 124,697
  Vertex size: 51 bytes

Processing: da02f142-8f83-48a2-af1a-fb15c43d3bcc@SecondBedroom-12933
  PLY: /cluster/medbow/project/3dllms/melgin/datasets/3d-grand_unzipped/3D-FRONT/da02f142-8f83-48a2-af1a-fb15c43d3bcc/SecondBedroom-12933/SecondBedroom-12933.ply
  Vertices: 124,697
  Format: 3D-FRONT (double xyz, double normals, uchar RGB)
  Vertices: 124,697
  Vertex size: 51 bytes
  ✗ Error processing da02f142-8f83-48a2-af1a-fb15c43d3bcc@SecondBedroom-12933: RGBA values should be within 0-1 range
  Format: 3D-FRONT (double xyz, double normals, uchar RGB)
  Vertices: 409,482
  Vertex size: 51 bytes

Processing: da0a32c0-336d-4702-8ef9-b7addd0447f7@Bedroom-9320
  PLY: /cluster/medbow/project/3dllms/melgin/datasets/3d-grand_unzipped/3D-FRONT/da0a32c0-336d-4702-8ef9-b7addd0447f7/Bedroom-9320/Bedroom-9320.ply
  Vertices: 409,482
  Format: 3D-FRONT (double xyz, double normals, uchar RGB)
  Vertices: 409,482
  Vertex size: 51 bytes
  ✗ Error processing da0a32c0-336d-4702-8ef9-b7addd0447f7@Bedroom-9320: RGBA values should be within 0-1 range
  Format: 3D-FRONT (double xyz, double normals, uchar RGB)
  Vertices: 1,447,691
  Vertex size: 51 bytes

Processing: da0a32c0-336d-4702-8ef9-b7addd0447f7@LivingRoom-9184
  PLY: /cluster/medbow/project/3dllms/melgin/datasets/3d-grand_unzipped/3D-FRONT/da0a32c0-336d-4702-8ef9-b7addd0447f7/LivingRoom-9184/LivingRoom-9184.ply
  Vertices: 1,447,691
  Format: 3D-FRONT (double xyz, double normals, uchar RGB)
  Vertices: 1,447,691
  Vertex size: 51 bytes
  ✗ Error processing da0a32c0-336d-4702-8ef9-b7addd0447f7@LivingRoom-9184: RGBA values should be within 0-1 range
  Format: 3D-FRONT (double xyz, double normals, uchar RGB)
  Vertices: 598,819
  Vertex size: 51 bytes

Processing: da0e2064-ac31-434a-bea9-59fd362db565@Bedroom-122787
  PLY: /cluster/medbow/project/3dllms/melgin/datasets/3d-grand_unzipped/3D-FRONT/da0e2064-ac31-434a-bea9-59fd362db565/Bedroom-122787/Bedroom-122787.ply
  Vertices: 598,819
  Format: 3D-FRONT (double xyz, double normals, uchar RGB)
  Vertices: 598,819
  Vertex size: 51 bytes
  ✗ Error processing da0e2064-ac31-434a-bea9-59fd362db565@Bedroom-122787: RGBA values should be within 0-1 range
  Format: 3D-FRONT (double xyz, double normals, uchar RGB)
  Vertices: 787,903
  Vertex size: 51 bytes

Processing: da0e2064-ac31-434a-bea9-59fd362db565@LivingDiningRoom-120987
  PLY: /cluster/medbow/project/3dllms/melgin/datasets/3d-grand_unzipped/3D-FRONT/da0e2064-ac31-434a-bea9-59fd362db565/LivingDiningRoom-120987/LivingDiningRoom-120987.ply
  Vertices: 787,903
  Format: 3D-FRONT (double xyz, double normals, uchar RGB)
  Vertices: 787,903
  Vertex size: 51 bytes
  ✗ Error processing da0e2064-ac31-434a-bea9-59fd362db565@LivingDiningRoom-120987: RGBA values should be within 0-1 range
  Format: 3D-FRONT (double xyz, double normals, uchar RGB)
  Vertices: 1,680,125
  Vertex size: 51 bytes

Processing: da13334d-0aa7-473b-841b-52e55ab4fcc5@LivingRoom-514
  PLY: /cluster/medbow/project/3dllms/melgin/datasets/3d-grand_unzipped/3D-FRONT/da13334d-0aa7-473b-841b-52e55ab4fcc5/LivingRoom-514/LivingRoom-514.ply
  Vertices: 1,680,125
  Format: 3D-FRONT (double xyz, double normals, uchar RGB)
  Vertices: 1,680,125
  Vertex size: 51 bytes
  ✗ Error processing da13334d-0aa7-473b-841b-52e55ab4fcc5@LivingRoom-514: RGBA values should be within 0-1 range
  Format: 3D-FRONT (double xyz, double normals, uchar RGB)
  Vertices: 19,045
  Vertex size: 51 bytes

Processing: da1c0014-f0bd-4b1c-beaa-c9d34490efbb@Bedroom-197
  PLY: /cluster/medbow/project/3dllms/melgin/datasets/3d-grand_unzipped/3D-FRONT/da1c0014-f0bd-4b1c-beaa-c9d34490efbb/Bedroom-197/Bedroom-197.ply
  Vertices: 19,045
  Format: 3D-FRONT (double xyz, double normals, uchar RGB)
  Vertices: 19,045
  Vertex size: 51 bytes
  ✗ Error processing da1c0014-f0bd-4b1c-beaa-c9d34490efbb@Bedroom-197: RGBA values should be within 0-1 range
  Format: 3D-FRONT (double xyz, double normals, uchar RGB)
  Vertices: 330,435
  Vertex size: 51 bytes

Processing: da1c0014-f0bd-4b1c-beaa-c9d34490efbb@Bedroom-252
  PLY: /cluster/medbow/project/3dllms/melgin/datasets/3d-grand_unzipped/3D-FRONT/da1c0014-f0bd-4b1c-beaa-c9d34490efbb/Bedroom-252/Bedroom-252.ply
  Vertices: 330,435
  Format: 3D-FRONT (double xyz, double normals, uchar RGB)
  Vertices: 330,435
  Vertex size: 51 bytes
  ✗ Error processing da1c0014-f0bd-4b1c-beaa-c9d34490efbb@Bedroom-252: RGBA values should be within 0-1 range
  Format: 3D-FRONT (double xyz, double normals, uchar RGB)
  Vertices: 1,325,344
  Vertex size: 51 bytes

Processing: da1c0014-f0bd-4b1c-beaa-c9d34490efbb@LivingDiningRoom-64
  PLY: /cluster/medbow/project/3dllms/melgin/datasets/3d-grand_unzipped/3D-FRONT/da1c0014-f0bd-4b1c-beaa-c9d34490efbb/LivingDiningRoom-64/LivingDiningRoom-64.ply
  Vertices: 1,325,344
  Format: 3D-FRONT (double xyz, double normals, uchar RGB)
  Vertices: 1,325,344
  Vertex size: 51 bytes
  ✗ Error processing da1c0014-f0bd-4b1c-beaa-c9d34490efbb@LivingDiningRoom-64: RGBA values should be within 0-1 range
  Format: 3D-FRONT (double xyz, double normals, uchar RGB)
  Vertices: 367,923
  Vertex size: 51 bytes

Processing: da244afc-8d39-4036-8c89-2dbef032afa2@Bedroom-17452
  PLY: /cluster/medbow/project/3dllms/melgin/datasets/3d-grand_unzipped/3D-FRONT/da244afc-8d39-4036-8c89-2dbef032afa2/Bedroom-17452/Bedroom-17452.ply
  Vertices: 367,923
  Format: 3D-FRONT (double xyz, double normals, uchar RGB)
  Vertices: 367,923
  Vertex size: 51 bytes
  ✗ Error processing da244afc-8d39-4036-8c89-2dbef032afa2@Bedroom-17452: RGBA values should be within 0-1 range
  Format: 3D-FRONT (double xyz, double normals, uchar RGB)
  Vertices: 576,844
  Vertex size: 51 bytes

Processing: da244afc-8d39-4036-8c89-2dbef032afa2@Bedroom-18054
  PLY: /cluster/medbow/project/3dllms/melgin/datasets/3d-grand_unzipped/3D-FRONT/da244afc-8d39-4036-8c89-2dbef032afa2/Bedroom-18054/Bedroom-18054.ply
  Vertices: 576,844
  Format: 3D-FRONT (double xyz, double normals, uchar RGB)
  Vertices: 576,844
  Vertex size: 51 bytes
  ✗ Error processing da244afc-8d39-4036-8c89-2dbef032afa2@Bedroom-18054: RGBA values should be within 0-1 range
  Format: 3D-FRONT (double xyz, double normals, uchar RGB)
  Vertices: 1,268,414
  Vertex size: 51 bytes

Processing: da244afc-8d39-4036-8c89-2dbef032afa2@LivingDiningRoom-19310
  PLY: /cluster/medbow/project/3dllms/melgin/datasets/3d-grand_unzipped/3D-FRONT/da244afc-8d39-4036-8c89-2dbef032afa2/LivingDiningRoom-19310/LivingDiningRoom-19310.ply
  Vertices: 1,268,414
  Format: 3D-FRONT (double xyz, double normals, uchar RGB)
  Vertices: 1,268,414
  Vertex size: 51 bytes
  ✗ Error processing da244afc-8d39-4036-8c89-2dbef032afa2@LivingDiningRoom-19310: RGBA values should be within 0-1 range
  Format: 3D-FRONT (double xyz, double normals, uchar RGB)
  Vertices: 419,190
  Vertex size: 51 bytes

Processing: da2f1aa8-e941-4232-9d54-5c771097ead3@Bedroom-2661
  PLY: /cluster/medbow/project/3dllms/melgin/datasets/3d-grand_unzipped/3D-FRONT/da2f1aa8-e941-4232-9d54-5c771097ead3/Bedroom-2661/Bedroom-2661.ply
  Vertices: 419,190
  Format: 3D-FRONT (double xyz, double normals, uchar RGB)
  Vertices: 419,190
  Vertex size: 51 bytes
  ✗ Error processing da2f1aa8-e941-4232-9d54-5c771097ead3@Bedroom-2661: RGBA values should be within 0-1 range
  Format: 3D-FRONT (double xyz, double normals, uchar RGB)
  Vertices: 513
  Vertex size: 51 bytes

Processing: cec23801-2e77-47da-9f36-f9aead97a541@CloakRoom-180312
  PLY: /cluster/medbow/project/3dllms/melgin/datasets/3d-grand_unzipped/3D-FRONT/cec23801-2e77-47da-9f36-f9aead97a541/CloakRoom-180312/CloakRoom-180312.ply
  Vertices: 513
  Format: 3D-FRONT (double xyz, double normals, uchar RGB)
  Vertices: 513
  Vertex size: 51 bytes
  ✗ Error processing cec23801-2e77-47da-9f36-f9aead97a541@CloakRoom-180312: RGBA values should be within 0-1 range
  Format: 3D-FRONT (double xyz, double normals, uchar RGB)
  Vertices: 1,303,378
  Vertex size: 51 bytes

Processing: da2f1aa8-e941-4232-9d54-5c771097ead3@LivingDiningRoom-1105
  PLY: /cluster/medbow/project/3dllms/melgin/datasets/3d-grand_unzipped/3D-FRONT/da2f1aa8-e941-4232-9d54-5c771097ead3/LivingDiningRoom-1105/LivingDiningRoom-1105.ply
  Vertices: 1,303,378
  Format: 3D-FRONT (double xyz, double normals, uchar RGB)
  Vertices: 1,303,378
  Vertex size: 51 bytes
  ✗ Error processing da2f1aa8-e941-4232-9d54-5c771097ead3@LivingDiningRoom-1105: RGBA values should be within 0-1 range
  Format: 3D-FRONT (double xyz, double normals, uchar RGB)
  Vertices: 368,046
  Vertex size: 51 bytes

Processing: da2f1aa8-e941-4232-9d54-5c771097ead3@MasterBedroom-4955
  PLY: /cluster/medbow/project/3dllms/melgin/datasets/3d-grand_unzipped/3D-FRONT/da2f1aa8-e941-4232-9d54-5c771097ead3/MasterBedroom-4955/MasterBedroom-4955.ply
  Vertices: 368,046
  Format: 3D-FRONT (double xyz, double normals, uchar RGB)
  Vertices: 368,046
  Vertex size: 51 bytes
  ✗ Error processing da2f1aa8-e941-4232-9d54-5c771097ead3@MasterBedroom-4955: RGBA values should be within 0-1 range
  Format: 3D-FRONT (double xyz, double normals, uchar RGB)
  Vertices: 512,084
  Vertex size: 51 bytes

Processing: da2f1aa8-e941-4232-9d54-5c771097ead3@SecondBedroom-5683
  PLY: /cluster/medbow/project/3dllms/melgin/datasets/3d-grand_unzipped/3D-FRONT/da2f1aa8-e941-4232-9d54-5c771097ead3/SecondBedroom-5683/SecondBedroom-5683.ply
  Vertices: 512,084
  Format: 3D-FRONT (double xyz, double normals, uchar RGB)
  Vertices: 512,084
  Vertex size: 51 bytes
  ✗ Error processing da2f1aa8-e941-4232-9d54-5c771097ead3@SecondBedroom-5683: RGBA values should be within 0-1 range
  Format: 3D-FRONT (double xyz, double normals, uchar RGB)
  Vertices: 1,727,667
  Vertex size: 51 bytes

Processing: da390cc2-f64c-448d-ba17-6f55b7bef035@LivingDiningRoom-12784
  PLY: /cluster/medbow/project/3dllms/melgin/datasets/3d-grand_unzipped/3D-FRONT/da390cc2-f64c-448d-ba17-6f55b7bef035/LivingDiningRoom-12784/LivingDiningRoom-12784.ply
  Vertices: 1,727,667
  Format: 3D-FRONT (double xyz, double normals, uchar RGB)
  Vertices: 1,727,667
  Vertex size: 51 bytes
  ✗ Error processing da390cc2-f64c-448d-ba17-6f55b7bef035@LivingDiningRoom-12784: RGBA values should be within 0-1 range
  Format: 3D-FRONT (double xyz, double normals, uchar RGB)
  Vertices: 1,026,277
  Vertex size: 51 bytes

Processing: da390cc2-f64c-448d-ba17-6f55b7bef035@MasterBedroom-3943
  PLY: /cluster/medbow/project/3dllms/melgin/datasets/3d-grand_unzipped/3D-FRONT/da390cc2-f64c-448d-ba17-6f55b7bef035/MasterBedroom-3943/MasterBedroom-3943.ply
  Vertices: 1,026,277
  Format: 3D-FRONT (double xyz, double normals, uchar RGB)
  Vertices: 1,026,277
  Vertex size: 51 bytes
  ✗ Error processing da390cc2-f64c-448d-ba17-6f55b7bef035@MasterBedroom-3943: RGBA values should be within 0-1 range
  Format: 3D-FRONT (double xyz, double normals, uchar RGB)
  Vertices: 565,941
  Vertex size: 51 bytes

Processing: da390cc2-f64c-448d-ba17-6f55b7bef035@SecondBedroom-2841
  PLY: /cluster/medbow/project/3dllms/melgin/datasets/3d-grand_unzipped/3D-FRONT/da390cc2-f64c-448d-ba17-6f55b7bef035/SecondBedroom-2841/SecondBedroom-2841.ply
  Vertices: 565,941
  Format: 3D-FRONT (double xyz, double normals, uchar RGB)
  Vertices: 565,941
  Vertex size: 51 bytes
  ✗ Error processing da390cc2-f64c-448d-ba17-6f55b7bef035@SecondBedroom-2841: RGBA values should be within 0-1 range
  Format: 3D-FRONT (double xyz, double normals, uchar RGB)
  Vertices: 400,747
  Vertex size: 51 bytes

Processing: da41c0e0-e010-4fd4-a54b-e884e29d8e18@Bedroom-257
  PLY: /cluster/medbow/project/3dllms/melgin/datasets/3d-grand_unzipped/3D-FRONT/da41c0e0-e010-4fd4-a54b-e884e29d8e18/Bedroom-257/Bedroom-257.ply
  Vertices: 400,747
  Format: 3D-FRONT (double xyz, double normals, uchar RGB)
  Vertices: 400,747
  Vertex size: 51 bytes
  ✗ Error processing da41c0e0-e010-4fd4-a54b-e884e29d8e18@Bedroom-257: RGBA values should be within 0-1 range
  Format: 3D-FRONT (double xyz, double normals, uchar RGB)
  Vertices: 546,616
  Vertex size: 51 bytes

Processing: da41c0e0-e010-4fd4-a54b-e884e29d8e18@Bedroom-294
  PLY: /cluster/medbow/project/3dllms/melgin/datasets/3d-grand_unzipped/3D-FRONT/da41c0e0-e010-4fd4-a54b-e884e29d8e18/Bedroom-294/Bedroom-294.ply
  Vertices: 546,616
  Format: 3D-FRONT (double xyz, double normals, uchar RGB)
  Vertices: 546,616
  Vertex size: 51 bytes
  ✗ Error processing da41c0e0-e010-4fd4-a54b-e884e29d8e18@Bedroom-294: RGBA values should be within 0-1 range
  Format: 3D-FRONT (double xyz, double normals, uchar RGB)
  Vertices: 818,149
  Vertex size: 51 bytes

Processing: da41c0e0-e010-4fd4-a54b-e884e29d8e18@LivingDiningRoom-476
  PLY: /cluster/medbow/project/3dllms/melgin/datasets/3d-grand_unzipped/3D-FRONT/da41c0e0-e010-4fd4-a54b-e884e29d8e18/LivingDiningRoom-476/LivingDiningRoom-476.ply
  Vertices: 818,149
  Format: 3D-FRONT (double xyz, double normals, uchar RGB)
  Vertices: 818,149
  Vertex size: 51 bytes
  ✗ Error processing da41c0e0-e010-4fd4-a54b-e884e29d8e18@LivingDiningRoom-476: RGBA values should be within 0-1 range
  Format: 3D-FRONT (double xyz, double normals, uchar RGB)
  Vertices: 772,479
  Vertex size: 51 bytes

Processing: da498539-7ac9-4278-8ec7-01a22bbb0ae4@LivingRoom-515
  PLY: /cluster/medbow/project/3dllms/melgin/datasets/3d-grand_unzipped/3D-FRONT/da498539-7ac9-4278-8ec7-01a22bbb0ae4/LivingRoom-515/LivingRoom-515.ply
  Vertices: 772,479
  Format: 3D-FRONT (double xyz, double normals, uchar RGB)
  Vertices: 772,479
  Vertex size: 51 bytes
  ✗ Error processing da498539-7ac9-4278-8ec7-01a22bbb0ae4@LivingRoom-515: RGBA values should be within 0-1 range
  Format: 3D-FRONT (double xyz, double normals, uchar RGB)
  Vertices: 687,053
  Vertex size: 51 bytes

Processing: da58afbd-9a7a-4ea2-b270-406496ebe01d@Bedroom-4142
  PLY: /cluster/medbow/project/3dllms/melgin/datasets/3d-grand_unzipped/3D-FRONT/da58afbd-9a7a-4ea2-b270-406496ebe01d/Bedroom-4142/Bedroom-4142.ply
  Vertices: 687,053
  Format: 3D-FRONT (double xyz, double normals, uchar RGB)
  Vertices: 687,053
  Vertex size: 51 bytes
  ✗ Error processing da58afbd-9a7a-4ea2-b270-406496ebe01d@Bedroom-4142: RGBA values should be within 0-1 range
  Format: 3D-FRONT (double xyz, double normals, uchar RGB)
  Vertices: 1,192,921
  Vertex size: 51 bytes

Processing: da58afbd-9a7a-4ea2-b270-406496ebe01d@LivingDiningRoom-4167
  PLY: /cluster/medbow/project/3dllms/melgin/datasets/3d-grand_unzipped/3D-FRONT/da58afbd-9a7a-4ea2-b270-406496ebe01d/LivingDiningRoom-4167/LivingDiningRoom-4167.ply
  Vertices: 1,192,921
  Format: 3D-FRONT (double xyz, double normals, uchar RGB)
  Vertices: 1,192,921
  Vertex size: 51 bytes
  ✗ Error processing da58afbd-9a7a-4ea2-b270-406496ebe01d@LivingDiningRoom-4167: RGBA values should be within 0-1 range
  Format: 3D-FRONT (double xyz, double normals, uchar RGB)
  Vertices: 419,108
  Vertex size: 51 bytes

Processing: da590664-833e-42ce-9ceb-52ffe7e89c30@Bedroom-12362
  PLY: /cluster/medbow/project/3dllms/melgin/datasets/3d-grand_unzipped/3D-FRONT/da590664-833e-42ce-9ceb-52ffe7e89c30/Bedroom-12362/Bedroom-12362.ply
  Vertices: 419,108
  Format: 3D-FRONT (double xyz, double normals, uchar RGB)
  Vertices: 419,108
  Vertex size: 51 bytes
  ✗ Error processing da590664-833e-42ce-9ceb-52ffe7e89c30@Bedroom-12362: RGBA values should be within 0-1 range
  Format: 3D-FRONT (double xyz, double normals, uchar RGB)
  Vertices: 623,457
  Vertex size: 51 bytes

Processing: da590664-833e-42ce-9ceb-52ffe7e89c30@Bedroom-14133
  PLY: /cluster/medbow/project/3dllms/melgin/datasets/3d-grand_unzipped/3D-FRONT/da590664-833e-42ce-9ceb-52ffe7e89c30/Bedroom-14133/Bedroom-14133.ply
  Vertices: 623,457
  Format: 3D-FRONT (double xyz, double normals, uchar RGB)
  Vertices: 623,457
  Vertex size: 51 bytes
  ✗ Error processing da590664-833e-42ce-9ceb-52ffe7e89c30@Bedroom-14133: RGBA values should be within 0-1 range
  Format: 3D-FRONT (double xyz, double normals, uchar RGB)
  Vertices: 412,016
  Vertex size: 51 bytes

Processing: da590664-833e-42ce-9ceb-52ffe7e89c30@Bedroom-28407
  PLY: /cluster/medbow/project/3dllms/melgin/datasets/3d-grand_unzipped/3D-FRONT/da590664-833e-42ce-9ceb-52ffe7e89c30/Bedroom-28407/Bedroom-28407.ply
  Vertices: 412,016
  Format: 3D-FRONT (double xyz, double normals, uchar RGB)
  Vertices: 412,016
  Vertex size: 51 bytes
  ✗ Error processing da590664-833e-42ce-9ceb-52ffe7e89c30@Bedroom-28407: RGBA values should be within 0-1 range
  Format: 3D-FRONT (double xyz, double normals, uchar RGB)
  Vertices: 456,787
  Vertex size: 51 bytes

Processing: da590664-833e-42ce-9ceb-52ffe7e89c30@Bedroom-7833
  PLY: /cluster/medbow/project/3dllms/melgin/datasets/3d-grand_unzipped/3D-FRONT/da590664-833e-42ce-9ceb-52ffe7e89c30/Bedroom-7833/Bedroom-7833.ply
  Vertices: 456,787
  Format: 3D-FRONT (double xyz, double normals, uchar RGB)
  Vertices: 456,787
  Vertex size: 51 bytes
  ✗ Error processing da590664-833e-42ce-9ceb-52ffe7e89c30@Bedroom-7833: RGBA values should be within 0-1 range
  Format: 3D-FRONT (double xyz, double normals, uchar RGB)
  Vertices: 726,172
  Vertex size: 51 bytes

Processing: da590664-833e-42ce-9ceb-52ffe7e89c30@Bedroom-9284
  PLY: /cluster/medbow/project/3dllms/melgin/datasets/3d-grand_unzipped/3D-FRONT/da590664-833e-42ce-9ceb-52ffe7e89c30/Bedroom-9284/Bedroom-9284.ply
  Vertices: 726,172
  Format: 3D-FRONT (double xyz, double normals, uchar RGB)
  Vertices: 726,172
  Vertex size: 51 bytes
  ✗ Error processing da590664-833e-42ce-9ceb-52ffe7e89c30@Bedroom-9284: RGBA values should be within 0-1 range
  Format: 3D-FRONT (double xyz, double normals, uchar RGB)
  Vertices: 516,069
  Vertex size: 51 bytes

Processing: 2ea5c247-dd92-4e06-a1c1-3cb9ee376c13@Hallway-703
  PLY: /cluster/medbow/project/3dllms/melgin/datasets/3d-grand_unzipped/3D-FRONT/2ea5c247-dd92-4e06-a1c1-3cb9ee376c13/Hallway-703/Hallway-703.ply
  Vertices: 516,069
  Format: 3D-FRONT (double xyz, double normals, uchar RGB)
  Vertices: 516,069
  Vertex size: 51 bytes
  ✗ Error processing 2ea5c247-dd92-4e06-a1c1-3cb9ee376c13@Hallway-703: RGBA values should be within 0-1 range
  Format: 3D-FRONT (double xyz, double normals, uchar RGB)
  Vertices: 1,300,432
  Vertex size: 51 bytes

Processing: da590664-833e-42ce-9ceb-52ffe7e89c30@LivingDiningRoom-6422
  PLY: /cluster/medbow/project/3dllms/melgin/datasets/3d-grand_unzipped/3D-FRONT/da590664-833e-42ce-9ceb-52ffe7e89c30/LivingDiningRoom-6422/LivingDiningRoom-6422.ply
  Vertices: 1,300,432
  Format: 3D-FRONT (double xyz, double normals, uchar RGB)
  Vertices: 1,300,432
  Vertex size: 51 bytes
  ✗ Error processing da590664-833e-42ce-9ceb-52ffe7e89c30@LivingDiningRoom-6422: RGBA values should be within 0-1 range
  Format: 3D-FRONT (double xyz, double normals, uchar RGB)
  Vertices: 559,557
  Vertex size: 51 bytes

Processing: da590664-833e-42ce-9ceb-52ffe7e89c30@LivingRoom-5469
  PLY: /cluster/medbow/project/3dllms/melgin/datasets/3d-grand_unzipped/3D-FRONT/da590664-833e-42ce-9ceb-52ffe7e89c30/LivingRoom-5469/LivingRoom-5469.ply
  Vertices: 559,557
  Format: 3D-FRONT (double xyz, double normals, uchar RGB)
  Vertices: 559,557
  Vertex size: 51 bytes
  ✗ Error processing da590664-833e-42ce-9ceb-52ffe7e89c30@LivingRoom-5469: RGBA values should be within 0-1 range
  Format: 3D-FRONT (double xyz, double normals, uchar RGB)
  Vertices: 413,760
  Vertex size: 51 bytes

Processing: da616c7c-4149-40e7-b426-6b6054fba1cc@ElderlyRoom-527
  PLY: /cluster/medbow/project/3dllms/melgin/datasets/3d-grand_unzipped/3D-FRONT/da616c7c-4149-40e7-b426-6b6054fba1cc/ElderlyRoom-527/ElderlyRoom-527.ply
  Vertices: 413,760
  Format: 3D-FRONT (double xyz, double normals, uchar RGB)
  Vertices: 413,760
  Vertex size: 51 bytes
  ✗ Error processing da616c7c-4149-40e7-b426-6b6054fba1cc@ElderlyRoom-527: RGBA values should be within 0-1 range
  Format: 3D-FRONT (double xyz, double normals, uchar RGB)
  Vertices: 430,274
  Vertex size: 51 bytes

Processing: da616c7c-4149-40e7-b426-6b6054fba1cc@KidsRoom-738
  PLY: /cluster/medbow/project/3dllms/melgin/datasets/3d-grand_unzipped/3D-FRONT/da616c7c-4149-40e7-b426-6b6054fba1cc/KidsRoom-738/KidsRoom-738.ply
  Vertices: 430,274
  Format: 3D-FRONT (double xyz, double normals, uchar RGB)
  Vertices: 430,274
  Vertex size: 51 bytes
  ✗ Error processing da616c7c-4149-40e7-b426-6b6054fba1cc@KidsRoom-738: RGBA values should be within 0-1 range
  Format: 3D-FRONT (double xyz, double normals, uchar RGB)
  Vertices: 1,419,423
  Vertex size: 51 bytes

Processing: da616c7c-4149-40e7-b426-6b6054fba1cc@LivingDiningRoom-86
  PLY: /cluster/medbow/project/3dllms/melgin/datasets/3d-grand_unzipped/3D-FRONT/da616c7c-4149-40e7-b426-6b6054fba1cc/LivingDiningRoom-86/LivingDiningRoom-86.ply
  Vertices: 1,419,423
  Format: 3D-FRONT (double xyz, double normals, uchar RGB)
  Vertices: 1,419,423
  Vertex size: 51 bytes
  ✗ Error processing da616c7c-4149-40e7-b426-6b6054fba1cc@LivingDiningRoom-86: RGBA values should be within 0-1 range
  Format: 3D-FRONT (double xyz, double normals, uchar RGB)
  Vertices: 822,271
  Vertex size: 51 bytes

Processing: da616c7c-4149-40e7-b426-6b6054fba1cc@MasterBedroom-674
  PLY: /cluster/medbow/project/3dllms/melgin/datasets/3d-grand_unzipped/3D-FRONT/da616c7c-4149-40e7-b426-6b6054fba1cc/MasterBedroom-674/MasterBedroom-674.ply
  Vertices: 822,271
  Format: 3D-FRONT (double xyz, double normals, uchar RGB)
  Vertices: 822,271
  Vertex size: 51 bytes
  ✗ Error processing da616c7c-4149-40e7-b426-6b6054fba1cc@MasterBedroom-674: RGBA values should be within 0-1 range
  Format: 3D-FRONT (double xyz, double normals, uchar RGB)
  Vertices: 841,223
  Vertex size: 51 bytes

Processing: da6ab3bd-bc7b-4711-ace8-96d62025a1b6@MasterBedroom-44235
  PLY: /cluster/medbow/project/3dllms/melgin/datasets/3d-grand_unzipped/3D-FRONT/da6ab3bd-bc7b-4711-ace8-96d62025a1b6/MasterBedroom-44235/MasterBedroom-44235.ply
  Vertices: 841,223
  Format: 3D-FRONT (double xyz, double normals, uchar RGB)
  Vertices: 841,223
  Vertex size: 51 bytes
  ✗ Error processing da6ab3bd-bc7b-4711-ace8-96d62025a1b6@MasterBedroom-44235: RGBA values should be within 0-1 range
  Format: 3D-FRONT (double xyz, double normals, uchar RGB)
  Vertices: 3,690
  Vertex size: 51 bytes

Processing: da6ab3bd-bc7b-4711-ace8-96d62025a1b6@SecondBedroom-20214
  PLY: /cluster/medbow/project/3dllms/melgin/datasets/3d-grand_unzipped/3D-FRONT/da6ab3bd-bc7b-4711-ace8-96d62025a1b6/SecondBedroom-20214/SecondBedroom-20214.ply
  Vertices: 3,690
  Format: 3D-FRONT (double xyz, double normals, uchar RGB)
  Vertices: 3,690
  Vertex size: 51 bytes
  ✗ Error processing da6ab3bd-bc7b-4711-ace8-96d62025a1b6@SecondBedroom-20214: RGBA values should be within 0-1 range
  Format: 3D-FRONT (double xyz, double normals, uchar RGB)
  Vertices: 1,324,474
  Vertex size: 51 bytes

Processing: da73a366-6ba9-4c35-bea3-c94f5986461e@LivingRoom-515
  PLY: /cluster/medbow/project/3dllms/melgin/datasets/3d-grand_unzipped/3D-FRONT/da73a366-6ba9-4c35-bea3-c94f5986461e/LivingRoom-515/LivingRoom-515.ply
  Vertices: 1,324,474
  Format: 3D-FRONT (double xyz, double normals, uchar RGB)
  Vertices: 1,324,474
  Vertex size: 51 bytes
  ✗ Error processing da73a366-6ba9-4c35-bea3-c94f5986461e@LivingRoom-515: RGBA values should be within 0-1 range
  Format: 3D-FRONT (double xyz, double normals, uchar RGB)
  Vertices: 155,328
  Vertex size: 51 bytes

Processing: da79fb9d-7bc6-4d2f-a6e7-8665b33c35ce@BedRoom-84628
  PLY: /cluster/medbow/project/3dllms/melgin/datasets/3d-grand_unzipped/3D-FRONT/da79fb9d-7bc6-4d2f-a6e7-8665b33c35ce/BedRoom-84628/BedRoom-84628.ply
  Vertices: 155,328
  Format: 3D-FRONT (double xyz, double normals, uchar RGB)
  Vertices: 155,328
  Vertex size: 51 bytes
  ✗ Error processing da79fb9d-7bc6-4d2f-a6e7-8665b33c35ce@BedRoom-84628: RGBA values should be within 0-1 range
  Format: 3D-FRONT (double xyz, double normals, uchar RGB)
  Vertices: 245,284
  Vertex size: 51 bytes

Processing: d5b26dd8-5932-4a89-9669-bb4c9f7f9c2c@DiningRoom-25034
  PLY: /cluster/medbow/project/3dllms/melgin/datasets/3d-grand_unzipped/3D-FRONT/d5b26dd8-5932-4a89-9669-bb4c9f7f9c2c/DiningRoom-25034/DiningRoom-25034.ply
  Vertices: 245,284
  Format: 3D-FRONT (double xyz, double normals, uchar RGB)
  Vertices: 245,284
  Vertex size: 51 bytes
  ✗ Error processing d5b26dd8-5932-4a89-9669-bb4c9f7f9c2c@DiningRoom-25034: RGBA values should be within 0-1 range
  Format: 3D-FRONT (double xyz, double normals, uchar RGB)
  Vertices: 70,612
  Vertex size: 51 bytes

Processing: da79fb9d-7bc6-4d2f-a6e7-8665b33c35ce@Library-69271
  PLY: /cluster/medbow/project/3dllms/melgin/datasets/3d-grand_unzipped/3D-FRONT/da79fb9d-7bc6-4d2f-a6e7-8665b33c35ce/Library-69271/Library-69271.ply
  Vertices: 70,612
  Format: 3D-FRONT (double xyz, double normals, uchar RGB)
  Vertices: 70,612
  Vertex size: 51 bytes
  ✗ Error processing da79fb9d-7bc6-4d2f-a6e7-8665b33c35ce@Library-69271: RGBA values should be within 0-1 range
  Format: 3D-FRONT (double xyz, double normals, uchar RGB)
  Vertices: 764,421
  Vertex size: 51 bytes

Processing: da79fb9d-7bc6-4d2f-a6e7-8665b33c35ce@LivingRoom-3973
  PLY: /cluster/medbow/project/3dllms/melgin/datasets/3d-grand_unzipped/3D-FRONT/da79fb9d-7bc6-4d2f-a6e7-8665b33c35ce/LivingRoom-3973/LivingRoom-3973.ply
  Vertices: 764,421
  Format: 3D-FRONT (double xyz, double normals, uchar RGB)
  Vertices: 764,421
  Vertex size: 51 bytes
  ✗ Error processing da79fb9d-7bc6-4d2f-a6e7-8665b33c35ce@LivingRoom-3973: RGBA values should be within 0-1 range
  Format: 3D-FRONT (double xyz, double normals, uchar RGB)
  Vertices: 958,910
  Vertex size: 51 bytes

Processing: c6a61c69-bfb2-4bcb-997c-e3a537cc2033@OtherRoom-2776
  PLY: /cluster/medbow/project/3dllms/melgin/datasets/3d-grand_unzipped/3D-FRONT/c6a61c69-bfb2-4bcb-997c-e3a537cc2033/OtherRoom-2776/OtherRoom-2776.ply
  Vertices: 958,910
  Format: 3D-FRONT (double xyz, double normals, uchar RGB)
  Vertices: 958,910
  Vertex size: 51 bytes
  ✗ Error processing c6a61c69-bfb2-4bcb-997c-e3a537cc2033@OtherRoom-2776: RGBA values should be within 0-1 range
  Format: 3D-FRONT (double xyz, double normals, uchar RGB)
  Vertices: 978,900
  Vertex size: 51 bytes

Processing: 002c110c-9bbc-4ab4-affa-4225fb127bad@OtherRoom-2776
  PLY: /cluster/medbow/project/3dllms/melgin/datasets/3d-grand_unzipped/3D-FRONT/002c110c-9bbc-4ab4-affa-4225fb127bad/OtherRoom-2776/OtherRoom-2776.ply
  Vertices: 978,900
  Format: 3D-FRONT (double xyz, double normals, uchar RGB)
  Vertices: 978,900
  Vertex size: 51 bytes
  ✗ Error processing 002c110c-9bbc-4ab4-affa-4225fb127bad@OtherRoom-2776: RGBA values should be within 0-1 range
  Format: 3D-FRONT (double xyz, double normals, uchar RGB)
  Vertices: 434,384
  Vertex size: 51 bytes

Processing: da86e040-3b36-4e67-8070-397519b019b7@DiningRoom-88169
  PLY: /cluster/medbow/project/3dllms/melgin/datasets/3d-grand_unzipped/3D-FRONT/da86e040-3b36-4e67-8070-397519b019b7/DiningRoom-88169/DiningRoom-88169.ply
  Vertices: 434,384
  Format: 3D-FRONT (double xyz, double normals, uchar RGB)
  Vertices: 434,384
  Vertex size: 51 bytes
  ✗ Error processing da86e040-3b36-4e67-8070-397519b019b7@DiningRoom-88169: RGBA values should be within 0-1 range
  Format: 3D-FRONT (double xyz, double normals, uchar RGB)
  Vertices: 1,430,485
  Vertex size: 51 bytes

Processing: da86e040-3b36-4e67-8070-397519b019b7@LivingRoom-88523
  PLY: /cluster/medbow/project/3dllms/melgin/datasets/3d-grand_unzipped/3D-FRONT/da86e040-3b36-4e67-8070-397519b019b7/LivingRoom-88523/LivingRoom-88523.ply
  Vertices: 1,430,485
  Format: 3D-FRONT (double xyz, double normals, uchar RGB)
  Vertices: 1,430,485
  Vertex size: 51 bytes
  ✗ Error processing da86e040-3b36-4e67-8070-397519b019b7@LivingRoom-88523: RGBA values should be within 0-1 range
  Format: 3D-FRONT (double xyz, double normals, uchar RGB)
  Vertices: 579,247
  Vertex size: 51 bytes

Processing: da87cfd5-cd48-4394-90cc-ac1765458c3e@Bedroom-4544
  PLY: /cluster/medbow/project/3dllms/melgin/datasets/3d-grand_unzipped/3D-FRONT/da87cfd5-cd48-4394-90cc-ac1765458c3e/Bedroom-4544/Bedroom-4544.ply
  Vertices: 579,247
  Format: 3D-FRONT (double xyz, double normals, uchar RGB)
  Vertices: 579,247
  Vertex size: 51 bytes
  ✗ Error processing da87cfd5-cd48-4394-90cc-ac1765458c3e@Bedroom-4544: RGBA values should be within 0-1 range

======================================================================
SUMMARY
======================================================================
Successful: 0/99
Failed:     99/99
Output dir: /cluster/medbow/project/3dllms/melgin/datasets/3D-FRONT_processed

End time: Wed Oct  8 16:39:06 MDT 2025
======================================================================

End time: Wed Oct  8 16:39:07 MDT 2025
==========================================
