==========================================
3D-FRONT Preprocessing - Array Job 3
==========================================
Job ID: 44229457
Array Task ID: 3
Node: mbl40s-007
Start time: Wed Oct  8 16:40:46 MDT 2025

Python: /project/3dllms/melgin/conda/envs/lavis/bin/python
Conda env: lavis

NVIDIA L40S, 46068 MiB, 45469 MiB

Processing point clouds 297 to 395
Estimated count: 99

======================================================================
3D-FRONT Preprocessing - Array Job 3
======================================================================
Job ID: 44229457
Array Task ID: 3
Node: mbl40s-007
Start time: Wed Oct  8 16:41:06 MDT 2025

Python: /project/3dllms/melgin/conda/envs/lavis/bin/python3
Conda env: lavis

NVIDIA L40S, 45468 MiB, 45036 MiB

Processing point clouds 297 to 395
Estimated count: 99

Loading BLIP2 model...
Model loaded successfully!

  Format: 3D-FRONT (double xyz, double normals, uchar RGB)
  Vertices: 324,282
  Vertex size: 51 bytes

Processing: c84945ea-5844-42e4-9049-3685b127bd22@MasterBedroom-1369
  PLY: /cluster/medbow/project/3dllms/melgin/datasets/3d-grand_unzipped/3D-FRONT/c84945ea-5844-42e4-9049-3685b127bd22/MasterBedroom-1369/MasterBedroom-1369.ply
  Vertices: 324,282
  Format: 3D-FRONT (double xyz, double normals, uchar RGB)
  Vertices: 324,282
  Vertex size: 51 bytes
  ✓ Success
  Format: 3D-FRONT (double xyz, double normals, uchar RGB)
  Vertices: 449,535
  Vertex size: 51 bytes

Processing: c84945ea-5844-42e4-9049-3685b127bd22@SecondBedroom-1905
  PLY: /cluster/medbow/project/3dllms/melgin/datasets/3d-grand_unzipped/3D-FRONT/c84945ea-5844-42e4-9049-3685b127bd22/SecondBedroom-1905/SecondBedroom-1905.ply
  Vertices: 449,535
  Format: 3D-FRONT (double xyz, double normals, uchar RGB)
  Vertices: 449,535
  Vertex size: 51 bytes
  ✓ Success
  Format: 3D-FRONT (double xyz, double normals, uchar RGB)
  Vertices: 814,801
  Vertex size: 51 bytes

Processing: c8621bef-4c86-4a76-bce5-75170d72245c@DiningRoom-517
  PLY: /cluster/medbow/project/3dllms/melgin/datasets/3d-grand_unzipped/3D-FRONT/c8621bef-4c86-4a76-bce5-75170d72245c/DiningRoom-517/DiningRoom-517.ply
  Vertices: 814,801
  Format: 3D-FRONT (double xyz, double normals, uchar RGB)
  Vertices: 814,801
  Vertex size: 51 bytes
  ✓ Success
  Format: 3D-FRONT (double xyz, double normals, uchar RGB)
  Vertices: 455,848
  Vertex size: 51 bytes

Processing: c8655cd6-29b6-4c61-b2e5-a0c7a6bc0c95@KidsRoom-6940
  PLY: /cluster/medbow/project/3dllms/melgin/datasets/3d-grand_unzipped/3D-FRONT/c8655cd6-29b6-4c61-b2e5-a0c7a6bc0c95/KidsRoom-6940/KidsRoom-6940.ply
  Vertices: 455,848
  Format: 3D-FRONT (double xyz, double normals, uchar RGB)
  Vertices: 455,848
  Vertex size: 51 bytes
  ✓ Success
  Format: 3D-FRONT (double xyz, double normals, uchar RGB)
  Vertices: 1,568,832
  Vertex size: 51 bytes

Processing: c8655cd6-29b6-4c61-b2e5-a0c7a6bc0c95@LivingDiningRoom-3232
  PLY: /cluster/medbow/project/3dllms/melgin/datasets/3d-grand_unzipped/3D-FRONT/c8655cd6-29b6-4c61-b2e5-a0c7a6bc0c95/LivingDiningRoom-3232/LivingDiningRoom-3232.ply
  Vertices: 1,568,832
  Format: 3D-FRONT (double xyz, double normals, uchar RGB)
  Vertices: 1,568,832
  Vertex size: 51 bytes
  ✓ Success
  Format: 3D-FRONT (double xyz, double normals, uchar RGB)
  Vertices: 469,129
  Vertex size: 51 bytes

Processing: c8655cd6-29b6-4c61-b2e5-a0c7a6bc0c95@MasterBedroom-7277
  PLY: /cluster/medbow/project/3dllms/melgin/datasets/3d-grand_unzipped/3D-FRONT/c8655cd6-29b6-4c61-b2e5-a0c7a6bc0c95/MasterBedroom-7277/MasterBedroom-7277.ply
  Vertices: 469,129
  Format: 3D-FRONT (double xyz, double normals, uchar RGB)
  Vertices: 469,129
  Vertex size: 51 bytes
  ✓ Success
  Format: 3D-FRONT (double xyz, double normals, uchar RGB)
  Vertices: 31,444
  Vertex size: 51 bytes

Processing: c8655cd6-29b6-4c61-b2e5-a0c7a6bc0c95@SecondBedroom-6425
  PLY: /cluster/medbow/project/3dllms/melgin/datasets/3d-grand_unzipped/3D-FRONT/c8655cd6-29b6-4c61-b2e5-a0c7a6bc0c95/SecondBedroom-6425/SecondBedroom-6425.ply
  Vertices: 31,444
  Format: 3D-FRONT (double xyz, double normals, uchar RGB)
  Vertices: 31,444
  Vertex size: 51 bytes
  ✓ Success
  Format: 3D-FRONT (double xyz, double normals, uchar RGB)
  Vertices: 592,527
  Vertex size: 51 bytes

Processing: c86a7968-7227-498d-8d53-5424d094ff17@LivingDiningRoom-1389
  PLY: /cluster/medbow/project/3dllms/melgin/datasets/3d-grand_unzipped/3D-FRONT/c86a7968-7227-498d-8d53-5424d094ff17/LivingDiningRoom-1389/LivingDiningRoom-1389.ply
  Vertices: 592,527
  Format: 3D-FRONT (double xyz, double normals, uchar RGB)
  Vertices: 592,527
  Vertex size: 51 bytes
  ✓ Success
  Format: 3D-FRONT (double xyz, double normals, uchar RGB)
  Vertices: 460,841
  Vertex size: 51 bytes

Processing: c86a7968-7227-498d-8d53-5424d094ff17@MasterBedroom-395
  PLY: /cluster/medbow/project/3dllms/melgin/datasets/3d-grand_unzipped/3D-FRONT/c86a7968-7227-498d-8d53-5424d094ff17/MasterBedroom-395/MasterBedroom-395.ply
  Vertices: 460,841
  Format: 3D-FRONT (double xyz, double normals, uchar RGB)
  Vertices: 460,841
  Vertex size: 51 bytes
  ✓ Success
  Format: 3D-FRONT (double xyz, double normals, uchar RGB)
  Vertices: 478,141
  Vertex size: 51 bytes

Processing: c86a7968-7227-498d-8d53-5424d094ff17@SecondBedroom-492
  PLY: /cluster/medbow/project/3dllms/melgin/datasets/3d-grand_unzipped/3D-FRONT/c86a7968-7227-498d-8d53-5424d094ff17/SecondBedroom-492/SecondBedroom-492.ply
  Vertices: 478,141
  Format: 3D-FRONT (double xyz, double normals, uchar RGB)
  Vertices: 478,141
  Vertex size: 51 bytes
  ✓ Success
  Format: 3D-FRONT (double xyz, double normals, uchar RGB)
  Vertices: 788,297
  Vertex size: 51 bytes

Processing: 069c71a1-a02a-4c6c-8e46-8dd66ab4ed5f@BedRoom-258528
  PLY: /cluster/medbow/project/3dllms/melgin/datasets/3d-grand_unzipped/3D-FRONT/069c71a1-a02a-4c6c-8e46-8dd66ab4ed5f/BedRoom-258528/BedRoom-258528.ply
  Vertices: 788,297
  Format: 3D-FRONT (double xyz, double normals, uchar RGB)
  Vertices: 788,297
  Vertex size: 51 bytes
  ✓ Success
  Format: 3D-FRONT (double xyz, double normals, uchar RGB)
  Vertices: 206,207
  Vertex size: 51 bytes

Processing: c86e33d4-c966-449f-ade0-2d61f930b22d@Bedroom-6853
  PLY: /cluster/medbow/project/3dllms/melgin/datasets/3d-grand_unzipped/3D-FRONT/c86e33d4-c966-449f-ade0-2d61f930b22d/Bedroom-6853/Bedroom-6853.ply
  Vertices: 206,207
  Format: 3D-FRONT (double xyz, double normals, uchar RGB)
  Vertices: 206,207
  Vertex size: 51 bytes
  ✓ Success
  Format: 3D-FRONT (double xyz, double normals, uchar RGB)
  Vertices: 232,308
  Vertex size: 51 bytes

Processing: c86e33d4-c966-449f-ade0-2d61f930b22d@Bedroom-6910
  PLY: /cluster/medbow/project/3dllms/melgin/datasets/3d-grand_unzipped/3D-FRONT/c86e33d4-c966-449f-ade0-2d61f930b22d/Bedroom-6910/Bedroom-6910.ply
  Vertices: 232,308
  Format: 3D-FRONT (double xyz, double normals, uchar RGB)
  Vertices: 232,308
  Vertex size: 51 bytes
  ✓ Success
  Format: 3D-FRONT (double xyz, double normals, uchar RGB)
  Vertices: 43,038
  Vertex size: 51 bytes

Processing: c86e33d4-c966-449f-ade0-2d61f930b22d@Bedroom-6929
  PLY: /cluster/medbow/project/3dllms/melgin/datasets/3d-grand_unzipped/3D-FRONT/c86e33d4-c966-449f-ade0-2d61f930b22d/Bedroom-6929/Bedroom-6929.ply
  Vertices: 43,038
  Format: 3D-FRONT (double xyz, double normals, uchar RGB)
  Vertices: 43,038
  Vertex size: 51 bytes
  ✓ Success
  Format: 3D-FRONT (double xyz, double normals, uchar RGB)
  Vertices: 619,427
  Vertex size: 51 bytes

Processing: c86e33d4-c966-449f-ade0-2d61f930b22d@Bedroom-6979
  PLY: /cluster/medbow/project/3dllms/melgin/datasets/3d-grand_unzipped/3D-FRONT/c86e33d4-c966-449f-ade0-2d61f930b22d/Bedroom-6979/Bedroom-6979.ply
  Vertices: 619,427
  Format: 3D-FRONT (double xyz, double normals, uchar RGB)
  Vertices: 619,427
  Vertex size: 51 bytes
  ✓ Success
  Format: 3D-FRONT (double xyz, double normals, uchar RGB)
  Vertices: 1,954,450
  Vertex size: 51 bytes

Processing: c86e33d4-c966-449f-ade0-2d61f930b22d@LivingDiningRoom-6812
  PLY: /cluster/medbow/project/3dllms/melgin/datasets/3d-grand_unzipped/3D-FRONT/c86e33d4-c966-449f-ade0-2d61f930b22d/LivingDiningRoom-6812/LivingDiningRoom-6812.ply
  Vertices: 1,954,450
  Format: 3D-FRONT (double xyz, double normals, uchar RGB)
  Vertices: 1,954,450
  Vertex size: 51 bytes
  ✓ Success
  Format: 3D-FRONT (double xyz, double normals, uchar RGB)
  Vertices: 732,973
  Vertex size: 51 bytes

Processing: c879334b-3498-4b77-bedb-97a6b0f63790@LivingDiningRoom-17558
  PLY: /cluster/medbow/project/3dllms/melgin/datasets/3d-grand_unzipped/3D-FRONT/c879334b-3498-4b77-bedb-97a6b0f63790/LivingDiningRoom-17558/LivingDiningRoom-17558.ply
  Vertices: 732,973
  Format: 3D-FRONT (double xyz, double normals, uchar RGB)
  Vertices: 732,973
  Vertex size: 51 bytes
  ✓ Success
  Format: 3D-FRONT (double xyz, double normals, uchar RGB)
  Vertices: 566,649
  Vertex size: 51 bytes

Processing: c879334b-3498-4b77-bedb-97a6b0f63790@MasterBedroom-8283
  PLY: /cluster/medbow/project/3dllms/melgin/datasets/3d-grand_unzipped/3D-FRONT/c879334b-3498-4b77-bedb-97a6b0f63790/MasterBedroom-8283/MasterBedroom-8283.ply
  Vertices: 566,649
  Format: 3D-FRONT (double xyz, double normals, uchar RGB)
  Vertices: 566,649
  Vertex size: 51 bytes
  ✓ Success
  Format: 3D-FRONT (double xyz, double normals, uchar RGB)
  Vertices: 232,237
  Vertex size: 51 bytes

Processing: c879334b-3498-4b77-bedb-97a6b0f63790@SecondBedroom-5349
  PLY: /cluster/medbow/project/3dllms/melgin/datasets/3d-grand_unzipped/3D-FRONT/c879334b-3498-4b77-bedb-97a6b0f63790/SecondBedroom-5349/SecondBedroom-5349.ply
  Vertices: 232,237
  Format: 3D-FRONT (double xyz, double normals, uchar RGB)
  Vertices: 232,237
  Vertex size: 51 bytes
  ✓ Success
  Format: 3D-FRONT (double xyz, double normals, uchar RGB)
  Vertices: 274,906
  Vertex size: 51 bytes

Processing: c8819e35-7f93-40de-98b0-3e62db618e8e@Library-18950
  PLY: /cluster/medbow/project/3dllms/melgin/datasets/3d-grand_unzipped/3D-FRONT/c8819e35-7f93-40de-98b0-3e62db618e8e/Library-18950/Library-18950.ply
  Vertices: 274,906
  Format: 3D-FRONT (double xyz, double normals, uchar RGB)
  Vertices: 274,906
  Vertex size: 51 bytes
  ✓ Success
  Format: 3D-FRONT (double xyz, double normals, uchar RGB)
  Vertices: 1,710,432
  Vertex size: 51 bytes

Processing: c8819e35-7f93-40de-98b0-3e62db618e8e@LivingDiningRoom-7681
  PLY: /cluster/medbow/project/3dllms/melgin/datasets/3d-grand_unzipped/3D-FRONT/c8819e35-7f93-40de-98b0-3e62db618e8e/LivingDiningRoom-7681/LivingDiningRoom-7681.ply
  Vertices: 1,710,432
  Format: 3D-FRONT (double xyz, double normals, uchar RGB)
  Vertices: 1,710,432
  Vertex size: 51 bytes
  ✓ Success
  Format: 3D-FRONT (double xyz, double normals, uchar RGB)
  Vertices: 525,099
  Vertex size: 51 bytes

Processing: c8819e35-7f93-40de-98b0-3e62db618e8e@MasterBedroom-7747
  PLY: /cluster/medbow/project/3dllms/melgin/datasets/3d-grand_unzipped/3D-FRONT/c8819e35-7f93-40de-98b0-3e62db618e8e/MasterBedroom-7747/MasterBedroom-7747.ply
  Vertices: 525,099
  Format: 3D-FRONT (double xyz, double normals, uchar RGB)
  Vertices: 525,099
  Vertex size: 51 bytes
  ✓ Success
  Format: 3D-FRONT (double xyz, double normals, uchar RGB)
  Vertices: 546,752
  Vertex size: 51 bytes

Processing: c8819e35-7f93-40de-98b0-3e62db618e8e@SecondBedroom-7807
  PLY: /cluster/medbow/project/3dllms/melgin/datasets/3d-grand_unzipped/3D-FRONT/c8819e35-7f93-40de-98b0-3e62db618e8e/SecondBedroom-7807/SecondBedroom-7807.ply
  Vertices: 546,752
  Format: 3D-FRONT (double xyz, double normals, uchar RGB)
  Vertices: 546,752
  Vertex size: 51 bytes
  ✓ Success
  Format: 3D-FRONT (double xyz, double normals, uchar RGB)
  Vertices: 1,310,157
  Vertex size: 51 bytes

Processing: c8c4c66c-3c76-4769-a6ad-7865288c72c3@DiningRoom-2974
  PLY: /cluster/medbow/project/3dllms/melgin/datasets/3d-grand_unzipped/3D-FRONT/c8c4c66c-3c76-4769-a6ad-7865288c72c3/DiningRoom-2974/DiningRoom-2974.ply
  Vertices: 1,310,157
  Format: 3D-FRONT (double xyz, double normals, uchar RGB)
  Vertices: 1,310,157
  Vertex size: 51 bytes
  ✓ Success
  Format: 3D-FRONT (double xyz, double normals, uchar RGB)
  Vertices: 1,235,018
  Vertex size: 51 bytes

Processing: c8c4c66c-3c76-4769-a6ad-7865288c72c3@LivingRoom-19043
  PLY: /cluster/medbow/project/3dllms/melgin/datasets/3d-grand_unzipped/3D-FRONT/c8c4c66c-3c76-4769-a6ad-7865288c72c3/LivingRoom-19043/LivingRoom-19043.ply
  Vertices: 1,235,018
  Format: 3D-FRONT (double xyz, double normals, uchar RGB)
  Vertices: 1,235,018
  Vertex size: 51 bytes
  ✓ Success
  Format: 3D-FRONT (double xyz, double normals, uchar RGB)
  Vertices: 1,055,162
  Vertex size: 51 bytes

Processing: c8d23532-0629-40d8-a3bd-00891e4c5dc2@DiningRoom-89532
  PLY: /cluster/medbow/project/3dllms/melgin/datasets/3d-grand_unzipped/3D-FRONT/c8d23532-0629-40d8-a3bd-00891e4c5dc2/DiningRoom-89532/DiningRoom-89532.ply
  Vertices: 1,055,162
  Format: 3D-FRONT (double xyz, double normals, uchar RGB)
  Vertices: 1,055,162
  Vertex size: 51 bytes
  ✓ Success
  Format: 3D-FRONT (double xyz, double normals, uchar RGB)
  Vertices: 252,520
  Vertex size: 51 bytes

Processing: c8d23532-0629-40d8-a3bd-00891e4c5dc2@Hallway-86325
  PLY: /cluster/medbow/project/3dllms/melgin/datasets/3d-grand_unzipped/3D-FRONT/c8d23532-0629-40d8-a3bd-00891e4c5dc2/Hallway-86325/Hallway-86325.ply
  Vertices: 252,520
  Format: 3D-FRONT (double xyz, double normals, uchar RGB)
  Vertices: 252,520
  Vertex size: 51 bytes
  ✓ Success
  Format: 3D-FRONT (double xyz, double normals, uchar RGB)
  Vertices: 677,502
  Vertex size: 51 bytes

Processing: c8d23532-0629-40d8-a3bd-00891e4c5dc2@Library-124610
  PLY: /cluster/medbow/project/3dllms/melgin/datasets/3d-grand_unzipped/3D-FRONT/c8d23532-0629-40d8-a3bd-00891e4c5dc2/Library-124610/Library-124610.ply
  Vertices: 677,502
  Format: 3D-FRONT (double xyz, double normals, uchar RGB)
  Vertices: 677,502
  Vertex size: 51 bytes
  ✓ Success
  Format: 3D-FRONT (double xyz, double normals, uchar RGB)
  Vertices: 1,155,622
  Vertex size: 51 bytes

Processing: c8d23532-0629-40d8-a3bd-00891e4c5dc2@LivingRoom-6028
  PLY: /cluster/medbow/project/3dllms/melgin/datasets/3d-grand_unzipped/3D-FRONT/c8d23532-0629-40d8-a3bd-00891e4c5dc2/LivingRoom-6028/LivingRoom-6028.ply
  Vertices: 1,155,622
  Format: 3D-FRONT (double xyz, double normals, uchar RGB)
  Vertices: 1,155,622
  Vertex size: 51 bytes
  ✓ Success
  Format: 3D-FRONT (double xyz, double normals, uchar RGB)
  Vertices: 609,049
  Vertex size: 51 bytes

Processing: c8d23532-0629-40d8-a3bd-00891e4c5dc2@MasterBedroom-6069
  PLY: /cluster/medbow/project/3dllms/melgin/datasets/3d-grand_unzipped/3D-FRONT/c8d23532-0629-40d8-a3bd-00891e4c5dc2/MasterBedroom-6069/MasterBedroom-6069.ply
  Vertices: 609,049
  Format: 3D-FRONT (double xyz, double normals, uchar RGB)
  Vertices: 609,049
  Vertex size: 51 bytes
  ✓ Success
  Format: 3D-FRONT (double xyz, double normals, uchar RGB)
  Vertices: 558,056
  Vertex size: 51 bytes

Processing: c8e63ae0-4ac0-46ff-a019-a4cbb19d01a8@Bedroom-2908
  PLY: /cluster/medbow/project/3dllms/melgin/datasets/3d-grand_unzipped/3D-FRONT/c8e63ae0-4ac0-46ff-a019-a4cbb19d01a8/Bedroom-2908/Bedroom-2908.ply
  Vertices: 558,056
  Format: 3D-FRONT (double xyz, double normals, uchar RGB)
  Vertices: 558,056
  Vertex size: 51 bytes
  ✓ Success
  Format: 3D-FRONT (double xyz, double normals, uchar RGB)
  Vertices: 1,250,412
  Vertex size: 51 bytes

Processing: c8e63ae0-4ac0-46ff-a019-a4cbb19d01a8@LivingDiningRoom-3132
  PLY: /cluster/medbow/project/3dllms/melgin/datasets/3d-grand_unzipped/3D-FRONT/c8e63ae0-4ac0-46ff-a019-a4cbb19d01a8/LivingDiningRoom-3132/LivingDiningRoom-3132.ply
  Vertices: 1,250,412
  Format: 3D-FRONT (double xyz, double normals, uchar RGB)
  Vertices: 1,250,412
  Vertex size: 51 bytes
  ✓ Success
  Format: 3D-FRONT (double xyz, double normals, uchar RGB)
  Vertices: 503,289
  Vertex size: 51 bytes

Processing: c8f05c13-5267-410a-b1aa-8701b9b4bdd5@Bedroom-81765
  PLY: /cluster/medbow/project/3dllms/melgin/datasets/3d-grand_unzipped/3D-FRONT/c8f05c13-5267-410a-b1aa-8701b9b4bdd5/Bedroom-81765/Bedroom-81765.ply
  Vertices: 503,289
  Format: 3D-FRONT (double xyz, double normals, uchar RGB)
  Vertices: 503,289
  Vertex size: 51 bytes
  ✓ Success
  Format: 3D-FRONT (double xyz, double normals, uchar RGB)
  Vertices: 934,498
  Vertex size: 51 bytes

Processing: c8f05c13-5267-410a-b1aa-8701b9b4bdd5@LivingDiningRoom-9815
  PLY: /cluster/medbow/project/3dllms/melgin/datasets/3d-grand_unzipped/3D-FRONT/c8f05c13-5267-410a-b1aa-8701b9b4bdd5/LivingDiningRoom-9815/LivingDiningRoom-9815.ply
  Vertices: 934,498
  Format: 3D-FRONT (double xyz, double normals, uchar RGB)
  Vertices: 934,498
  Vertex size: 51 bytes
  ✓ Success
  Format: 3D-FRONT (double xyz, double normals, uchar RGB)
  Vertices: 407,259
  Vertex size: 51 bytes

Processing: c69e0c9d-9bec-44ec-9ced-73935534013a@KidsRoom-3031
  PLY: /cluster/medbow/project/3dllms/melgin/datasets/3d-grand_unzipped/3D-FRONT/c69e0c9d-9bec-44ec-9ced-73935534013a/KidsRoom-3031/KidsRoom-3031.ply
  Vertices: 407,259
  Format: 3D-FRONT (double xyz, double normals, uchar RGB)
  Vertices: 407,259
  Vertex size: 51 bytes
  ✓ Success
  Format: 3D-FRONT (double xyz, double normals, uchar RGB)
  Vertices: 2,296
  Vertex size: 51 bytes

Processing: c9267e87-f13d-4328-8178-efd6b11eca38@Library-31037
  PLY: /cluster/medbow/project/3dllms/melgin/datasets/3d-grand_unzipped/3D-FRONT/c9267e87-f13d-4328-8178-efd6b11eca38/Library-31037/Library-31037.ply
  Vertices: 2,296
  Format: 3D-FRONT (double xyz, double normals, uchar RGB)
  Vertices: 2,296
  Vertex size: 51 bytes
  ✓ Success
  Format: 3D-FRONT (double xyz, double normals, uchar RGB)
  Vertices: 1,215,403
  Vertex size: 51 bytes

Processing: c9267e87-f13d-4328-8178-efd6b11eca38@LivingDiningRoom-33417
  PLY: /cluster/medbow/project/3dllms/melgin/datasets/3d-grand_unzipped/3D-FRONT/c9267e87-f13d-4328-8178-efd6b11eca38/LivingDiningRoom-33417/LivingDiningRoom-33417.ply
  Vertices: 1,215,403
  Format: 3D-FRONT (double xyz, double normals, uchar RGB)
  Vertices: 1,215,403
  Vertex size: 51 bytes
  ✓ Success
  Format: 3D-FRONT (double xyz, double normals, uchar RGB)
  Vertices: 669,481
  Vertex size: 51 bytes

Processing: c9267e87-f13d-4328-8178-efd6b11eca38@MasterBedroom-34106
  PLY: /cluster/medbow/project/3dllms/melgin/datasets/3d-grand_unzipped/3D-FRONT/c9267e87-f13d-4328-8178-efd6b11eca38/MasterBedroom-34106/MasterBedroom-34106.ply
  Vertices: 669,481
  Format: 3D-FRONT (double xyz, double normals, uchar RGB)
  Vertices: 669,481
  Vertex size: 51 bytes
  ✓ Success
  Format: 3D-FRONT (double xyz, double normals, uchar RGB)
  Vertices: 157,366
  Vertex size: 51 bytes

Processing: c9297532-14a7-4736-a0f4-1f14a527e93d@CloakRoom-9818
  PLY: /cluster/medbow/project/3dllms/melgin/datasets/3d-grand_unzipped/3D-FRONT/c9297532-14a7-4736-a0f4-1f14a527e93d/CloakRoom-9818/CloakRoom-9818.ply
  Vertices: 157,366
  Format: 3D-FRONT (double xyz, double normals, uchar RGB)
  Vertices: 157,366
  Vertex size: 51 bytes
  ✓ Success
  Format: 3D-FRONT (double xyz, double normals, uchar RGB)
  Vertices: 753,634
  Vertex size: 51 bytes

Processing: c9297532-14a7-4736-a0f4-1f14a527e93d@DiningRoom-20750
  PLY: /cluster/medbow/project/3dllms/melgin/datasets/3d-grand_unzipped/3D-FRONT/c9297532-14a7-4736-a0f4-1f14a527e93d/DiningRoom-20750/DiningRoom-20750.ply
  Vertices: 753,634
  Format: 3D-FRONT (double xyz, double normals, uchar RGB)
  Vertices: 753,634
  Vertex size: 51 bytes
  ✓ Success
  Format: 3D-FRONT (double xyz, double normals, uchar RGB)
  Vertices: 237,394
  Vertex size: 51 bytes

Processing: c9297532-14a7-4736-a0f4-1f14a527e93d@KidsRoom-12245
  PLY: /cluster/medbow/project/3dllms/melgin/datasets/3d-grand_unzipped/3D-FRONT/c9297532-14a7-4736-a0f4-1f14a527e93d/KidsRoom-12245/KidsRoom-12245.ply
  Vertices: 237,394
  Format: 3D-FRONT (double xyz, double normals, uchar RGB)
  Vertices: 237,394
  Vertex size: 51 bytes
  ✓ Success
  Format: 3D-FRONT (double xyz, double normals, uchar RGB)
  Vertices: 388,399
  Vertex size: 51 bytes

Processing: c9297532-14a7-4736-a0f4-1f14a527e93d@Library-12232
  PLY: /cluster/medbow/project/3dllms/melgin/datasets/3d-grand_unzipped/3D-FRONT/c9297532-14a7-4736-a0f4-1f14a527e93d/Library-12232/Library-12232.ply
  Vertices: 388,399
  Format: 3D-FRONT (double xyz, double normals, uchar RGB)
  Vertices: 388,399
  Vertex size: 51 bytes
  ✓ Success
  Format: 3D-FRONT (double xyz, double normals, uchar RGB)
  Vertices: 568,938
  Vertex size: 51 bytes

Processing: c9297532-14a7-4736-a0f4-1f14a527e93d@LivingRoom-14036
  PLY: /cluster/medbow/project/3dllms/melgin/datasets/3d-grand_unzipped/3D-FRONT/c9297532-14a7-4736-a0f4-1f14a527e93d/LivingRoom-14036/LivingRoom-14036.ply
  Vertices: 568,938
  Format: 3D-FRONT (double xyz, double normals, uchar RGB)
  Vertices: 568,938
  Vertex size: 51 bytes
  ✓ Success
  Format: 3D-FRONT (double xyz, double normals, uchar RGB)
  Vertices: 579,179
  Vertex size: 51 bytes

Processing: c9297532-14a7-4736-a0f4-1f14a527e93d@MasterBedroom-18277
  PLY: /cluster/medbow/project/3dllms/melgin/datasets/3d-grand_unzipped/3D-FRONT/c9297532-14a7-4736-a0f4-1f14a527e93d/MasterBedroom-18277/MasterBedroom-18277.ply
  Vertices: 579,179
  Format: 3D-FRONT (double xyz, double normals, uchar RGB)
  Vertices: 579,179
  Vertex size: 51 bytes
  ✓ Success
  Format: 3D-FRONT (double xyz, double normals, uchar RGB)
  Vertices: 280,440
  Vertex size: 51 bytes

Processing: c9297532-14a7-4736-a0f4-1f14a527e93d@SecondBedroom-12565
  PLY: /cluster/medbow/project/3dllms/melgin/datasets/3d-grand_unzipped/3D-FRONT/c9297532-14a7-4736-a0f4-1f14a527e93d/SecondBedroom-12565/SecondBedroom-12565.ply
  Vertices: 280,440
  Format: 3D-FRONT (double xyz, double normals, uchar RGB)
  Vertices: 280,440
  Vertex size: 51 bytes
  ✓ Success
  Format: 3D-FRONT (double xyz, double normals, uchar RGB)
  Vertices: 221,540
  Vertex size: 51 bytes

Processing: c964fbed-8a87-4882-9aad-7d59d885219a@Library-4062
  PLY: /cluster/medbow/project/3dllms/melgin/datasets/3d-grand_unzipped/3D-FRONT/c964fbed-8a87-4882-9aad-7d59d885219a/Library-4062/Library-4062.ply
  Vertices: 221,540
  Format: 3D-FRONT (double xyz, double normals, uchar RGB)
  Vertices: 221,540
  Vertex size: 51 bytes
  ✓ Success
  Format: 3D-FRONT (double xyz, double normals, uchar RGB)
  Vertices: 1,561,419
  Vertex size: 51 bytes

Processing: c964fbed-8a87-4882-9aad-7d59d885219a@LivingDiningRoom-2980
  PLY: /cluster/medbow/project/3dllms/melgin/datasets/3d-grand_unzipped/3D-FRONT/c964fbed-8a87-4882-9aad-7d59d885219a/LivingDiningRoom-2980/LivingDiningRoom-2980.ply
  Vertices: 1,561,419
  Format: 3D-FRONT (double xyz, double normals, uchar RGB)
  Vertices: 1,561,419
  Vertex size: 51 bytes
  ✓ Success
  Format: 3D-FRONT (double xyz, double normals, uchar RGB)
  Vertices: 639,670
  Vertex size: 51 bytes

Processing: c964fbed-8a87-4882-9aad-7d59d885219a@MasterBedroom-7782
  PLY: /cluster/medbow/project/3dllms/melgin/datasets/3d-grand_unzipped/3D-FRONT/c964fbed-8a87-4882-9aad-7d59d885219a/MasterBedroom-7782/MasterBedroom-7782.ply
  Vertices: 639,670
  Format: 3D-FRONT (double xyz, double normals, uchar RGB)
  Vertices: 639,670
  Vertex size: 51 bytes
  ✓ Success
  Format: 3D-FRONT (double xyz, double normals, uchar RGB)
  Vertices: 513,420
  Vertex size: 51 bytes

Processing: c964fbed-8a87-4882-9aad-7d59d885219a@SecondBedroom-4683
  PLY: /cluster/medbow/project/3dllms/melgin/datasets/3d-grand_unzipped/3D-FRONT/c964fbed-8a87-4882-9aad-7d59d885219a/SecondBedroom-4683/SecondBedroom-4683.ply
  Vertices: 513,420
  Format: 3D-FRONT (double xyz, double normals, uchar RGB)
  Vertices: 513,420
  Vertex size: 51 bytes
  ✓ Success
  Format: 3D-FRONT (double xyz, double normals, uchar RGB)
  Vertices: 529,590
  Vertex size: 51 bytes

Processing: c96ff0e6-088b-4629-9a1d-2b0937506ffe@ElderlyRoom-6633
  PLY: /cluster/medbow/project/3dllms/melgin/datasets/3d-grand_unzipped/3D-FRONT/c96ff0e6-088b-4629-9a1d-2b0937506ffe/ElderlyRoom-6633/ElderlyRoom-6633.ply
  Vertices: 529,590
  Format: 3D-FRONT (double xyz, double normals, uchar RGB)
  Vertices: 529,590
  Vertex size: 51 bytes
  ✓ Success
  Format: 3D-FRONT (double xyz, double normals, uchar RGB)
  Vertices: 1,006,499
  Vertex size: 51 bytes

Processing: c96ff0e6-088b-4629-9a1d-2b0937506ffe@LivingDiningRoom-13545
  PLY: /cluster/medbow/project/3dllms/melgin/datasets/3d-grand_unzipped/3D-FRONT/c96ff0e6-088b-4629-9a1d-2b0937506ffe/LivingDiningRoom-13545/LivingDiningRoom-13545.ply
  Vertices: 1,006,499
  Format: 3D-FRONT (double xyz, double normals, uchar RGB)
  Vertices: 1,006,499
  Vertex size: 51 bytes
  ✓ Success
  Format: 3D-FRONT (double xyz, double normals, uchar RGB)
  Vertices: 521,846
  Vertex size: 51 bytes

Processing: c96ff0e6-088b-4629-9a1d-2b0937506ffe@MasterBedroom-13810
  PLY: /cluster/medbow/project/3dllms/melgin/datasets/3d-grand_unzipped/3D-FRONT/c96ff0e6-088b-4629-9a1d-2b0937506ffe/MasterBedroom-13810/MasterBedroom-13810.ply
  Vertices: 521,846
  Format: 3D-FRONT (double xyz, double normals, uchar RGB)
  Vertices: 521,846
  Vertex size: 51 bytes
  ✓ Success
  Format: 3D-FRONT (double xyz, double normals, uchar RGB)
  Vertices: 1,086,583
  Vertex size: 51 bytes

Processing: c97214f1-0589-477c-a149-7c793665a10a@LivingDiningRoom-5313
  PLY: /cluster/medbow/project/3dllms/melgin/datasets/3d-grand_unzipped/3D-FRONT/c97214f1-0589-477c-a149-7c793665a10a/LivingDiningRoom-5313/LivingDiningRoom-5313.ply
  Vertices: 1,086,583
  Format: 3D-FRONT (double xyz, double normals, uchar RGB)
  Vertices: 1,086,583
  Vertex size: 51 bytes
  ✓ Success
  Format: 3D-FRONT (double xyz, double normals, uchar RGB)
  Vertices: 683,059
  Vertex size: 51 bytes

Processing: c97214f1-0589-477c-a149-7c793665a10a@MasterBedroom-535
  PLY: /cluster/medbow/project/3dllms/melgin/datasets/3d-grand_unzipped/3D-FRONT/c97214f1-0589-477c-a149-7c793665a10a/MasterBedroom-535/MasterBedroom-535.ply
  Vertices: 683,059
  Format: 3D-FRONT (double xyz, double normals, uchar RGB)
  Vertices: 683,059
  Vertex size: 51 bytes
  ✓ Success
  Format: 3D-FRONT (double xyz, double normals, uchar RGB)
  Vertices: 480,625
  Vertex size: 51 bytes

Processing: c97214f1-0589-477c-a149-7c793665a10a@SecondBedroom-3516
  PLY: /cluster/medbow/project/3dllms/melgin/datasets/3d-grand_unzipped/3D-FRONT/c97214f1-0589-477c-a149-7c793665a10a/SecondBedroom-3516/SecondBedroom-3516.ply
  Vertices: 480,625
  Format: 3D-FRONT (double xyz, double normals, uchar RGB)
  Vertices: 480,625
  Vertex size: 51 bytes
  ✓ Success
  Format: 3D-FRONT (double xyz, double normals, uchar RGB)
  Vertices: 711,310
  Vertex size: 51 bytes

Processing: 105a0ab1-bc85-4f18-961c-a745382f89fb@BedRoom-7545
  PLY: /cluster/medbow/project/3dllms/melgin/datasets/3d-grand_unzipped/3D-FRONT/105a0ab1-bc85-4f18-961c-a745382f89fb/BedRoom-7545/BedRoom-7545.ply
  Vertices: 711,310
  Format: 3D-FRONT (double xyz, double normals, uchar RGB)
  Vertices: 711,310
  Vertex size: 51 bytes
  ✓ Success
  Format: 3D-FRONT (double xyz, double normals, uchar RGB)
  Vertices: 381,301
  Vertex size: 51 bytes

Processing: c9728255-479b-46e2-bf94-a3fc902dd516@Library-39529
  PLY: /cluster/medbow/project/3dllms/melgin/datasets/3d-grand_unzipped/3D-FRONT/c9728255-479b-46e2-bf94-a3fc902dd516/Library-39529/Library-39529.ply
  Vertices: 381,301
  Format: 3D-FRONT (double xyz, double normals, uchar RGB)
  Vertices: 381,301
  Vertex size: 51 bytes
  ✓ Success
  Format: 3D-FRONT (double xyz, double normals, uchar RGB)
  Vertices: 934,803
  Vertex size: 51 bytes

Processing: c9728255-479b-46e2-bf94-a3fc902dd516@LivingDiningRoom-149676
  PLY: /cluster/medbow/project/3dllms/melgin/datasets/3d-grand_unzipped/3D-FRONT/c9728255-479b-46e2-bf94-a3fc902dd516/LivingDiningRoom-149676/LivingDiningRoom-149676.ply
  Vertices: 934,803
  Format: 3D-FRONT (double xyz, double normals, uchar RGB)
  Vertices: 934,803
  Vertex size: 51 bytes
  ✓ Success
  Format: 3D-FRONT (double xyz, double normals, uchar RGB)
  Vertices: 458,590
  Vertex size: 51 bytes

Processing: c9728255-479b-46e2-bf94-a3fc902dd516@MasterBedroom-42363
  PLY: /cluster/medbow/project/3dllms/melgin/datasets/3d-grand_unzipped/3D-FRONT/c9728255-479b-46e2-bf94-a3fc902dd516/MasterBedroom-42363/MasterBedroom-42363.ply
  Vertices: 458,590
  Format: 3D-FRONT (double xyz, double normals, uchar RGB)
  Vertices: 458,590
  Vertex size: 51 bytes
  ✓ Success
  Format: 3D-FRONT (double xyz, double normals, uchar RGB)
  Vertices: 533,986
  Vertex size: 51 bytes

Processing: c9728255-479b-46e2-bf94-a3fc902dd516@SecondBedroom-41206
  PLY: /cluster/medbow/project/3dllms/melgin/datasets/3d-grand_unzipped/3D-FRONT/c9728255-479b-46e2-bf94-a3fc902dd516/SecondBedroom-41206/SecondBedroom-41206.ply
  Vertices: 533,986
  Format: 3D-FRONT (double xyz, double normals, uchar RGB)
  Vertices: 533,986
  Vertex size: 51 bytes
  ✓ Success
  Format: 3D-FRONT (double xyz, double normals, uchar RGB)
  Vertices: 279,848
  Vertex size: 51 bytes

Processing: c97329ac-7b59-419e-add5-b398d7fff12f@Bedroom-59869
  PLY: /cluster/medbow/project/3dllms/melgin/datasets/3d-grand_unzipped/3D-FRONT/c97329ac-7b59-419e-add5-b398d7fff12f/Bedroom-59869/Bedroom-59869.ply
  Vertices: 279,848
  Format: 3D-FRONT (double xyz, double normals, uchar RGB)
  Vertices: 279,848
  Vertex size: 51 bytes
  ✓ Success
  Format: 3D-FRONT (double xyz, double normals, uchar RGB)
  Vertices: 1,558,036
  Vertex size: 51 bytes

Processing: c97329ac-7b59-419e-add5-b398d7fff12f@LivingDiningRoom-58808
  PLY: /cluster/medbow/project/3dllms/melgin/datasets/3d-grand_unzipped/3D-FRONT/c97329ac-7b59-419e-add5-b398d7fff12f/LivingDiningRoom-58808/LivingDiningRoom-58808.ply
  Vertices: 1,558,036
  Format: 3D-FRONT (double xyz, double normals, uchar RGB)
  Vertices: 1,558,036
  Vertex size: 51 bytes
  ✓ Success
  Format: 3D-FRONT (double xyz, double normals, uchar RGB)
  Vertices: 534,856
  Vertex size: 51 bytes

Processing: c97329ac-7b59-419e-add5-b398d7fff12f@MasterBedroom-57019
  PLY: /cluster/medbow/project/3dllms/melgin/datasets/3d-grand_unzipped/3D-FRONT/c97329ac-7b59-419e-add5-b398d7fff12f/MasterBedroom-57019/MasterBedroom-57019.ply
  Vertices: 534,856
  Format: 3D-FRONT (double xyz, double normals, uchar RGB)
  Vertices: 534,856
  Vertex size: 51 bytes
  ✓ Success
  Format: 3D-FRONT (double xyz, double normals, uchar RGB)
  Vertices: 2,061,342
  Vertex size: 51 bytes

Processing: c992fea1-7f87-4397-aa40-ca8e0e30a936@LivingDiningRoom-35855
  PLY: /cluster/medbow/project/3dllms/melgin/datasets/3d-grand_unzipped/3D-FRONT/c992fea1-7f87-4397-aa40-ca8e0e30a936/LivingDiningRoom-35855/LivingDiningRoom-35855.ply
  Vertices: 2,061,342
  Format: 3D-FRONT (double xyz, double normals, uchar RGB)
  Vertices: 2,061,342
  Vertex size: 51 bytes
  ✓ Success
  Format: 3D-FRONT (double xyz, double normals, uchar RGB)
  Vertices: 743,417
  Vertex size: 51 bytes

Processing: c992fea1-7f87-4397-aa40-ca8e0e30a936@MasterBedroom-44999
  PLY: /cluster/medbow/project/3dllms/melgin/datasets/3d-grand_unzipped/3D-FRONT/c992fea1-7f87-4397-aa40-ca8e0e30a936/MasterBedroom-44999/MasterBedroom-44999.ply
  Vertices: 743,417
  Format: 3D-FRONT (double xyz, double normals, uchar RGB)
  Vertices: 743,417
  Vertex size: 51 bytes
  ✓ Success
  Format: 3D-FRONT (double xyz, double normals, uchar RGB)
  Vertices: 450,900
  Vertex size: 51 bytes

Processing: c99f6564-2c07-4733-86c5-7d1712c3deac@Bedroom-1971
  PLY: /cluster/medbow/project/3dllms/melgin/datasets/3d-grand_unzipped/3D-FRONT/c99f6564-2c07-4733-86c5-7d1712c3deac/Bedroom-1971/Bedroom-1971.ply
  Vertices: 450,900
  Format: 3D-FRONT (double xyz, double normals, uchar RGB)
  Vertices: 450,900
  Vertex size: 51 bytes
  ✓ Success
  Format: 3D-FRONT (double xyz, double normals, uchar RGB)
  Vertices: 1,144,513
  Vertex size: 51 bytes

Processing: c99f6564-2c07-4733-86c5-7d1712c3deac@LivingDiningRoom-1552
  PLY: /cluster/medbow/project/3dllms/melgin/datasets/3d-grand_unzipped/3D-FRONT/c99f6564-2c07-4733-86c5-7d1712c3deac/LivingDiningRoom-1552/LivingDiningRoom-1552.ply
  Vertices: 1,144,513
  Format: 3D-FRONT (double xyz, double normals, uchar RGB)
  Vertices: 1,144,513
  Vertex size: 51 bytes
  ✓ Success
  Format: 3D-FRONT (double xyz, double normals, uchar RGB)
  Vertices: 433,296
  Vertex size: 51 bytes

Processing: c9b3ee78-9e2f-4634-b5fd-b7a0686a511f@Bedroom-1738
  PLY: /cluster/medbow/project/3dllms/melgin/datasets/3d-grand_unzipped/3D-FRONT/c9b3ee78-9e2f-4634-b5fd-b7a0686a511f/Bedroom-1738/Bedroom-1738.ply
  Vertices: 433,296
  Format: 3D-FRONT (double xyz, double normals, uchar RGB)
  Vertices: 433,296
  Vertex size: 51 bytes
  ✓ Success
  Format: 3D-FRONT (double xyz, double normals, uchar RGB)
  Vertices: 302,209
  Vertex size: 51 bytes

Processing: c9b3ee78-9e2f-4634-b5fd-b7a0686a511f@Bedroom-2336
  PLY: /cluster/medbow/project/3dllms/melgin/datasets/3d-grand_unzipped/3D-FRONT/c9b3ee78-9e2f-4634-b5fd-b7a0686a511f/Bedroom-2336/Bedroom-2336.ply
  Vertices: 302,209
  Format: 3D-FRONT (double xyz, double normals, uchar RGB)
  Vertices: 302,209
  Vertex size: 51 bytes
  ✓ Success
  Format: 3D-FRONT (double xyz, double normals, uchar RGB)
  Vertices: 871,839
  Vertex size: 51 bytes

Processing: c9b3ee78-9e2f-4634-b5fd-b7a0686a511f@LivingDiningRoom-1801
  PLY: /cluster/medbow/project/3dllms/melgin/datasets/3d-grand_unzipped/3D-FRONT/c9b3ee78-9e2f-4634-b5fd-b7a0686a511f/LivingDiningRoom-1801/LivingDiningRoom-1801.ply
  Vertices: 871,839
  Format: 3D-FRONT (double xyz, double normals, uchar RGB)
  Vertices: 871,839
  Vertex size: 51 bytes
  ✓ Success
  Format: 3D-FRONT (double xyz, double normals, uchar RGB)
  Vertices: 365,576
  Vertex size: 51 bytes

Processing: c9b4f975-0f17-4718-bf05-a05a450a3c48@KidsRoom-51209
  PLY: /cluster/medbow/project/3dllms/melgin/datasets/3d-grand_unzipped/3D-FRONT/c9b4f975-0f17-4718-bf05-a05a450a3c48/KidsRoom-51209/KidsRoom-51209.ply
  Vertices: 365,576
  Format: 3D-FRONT (double xyz, double normals, uchar RGB)
  Vertices: 365,576
  Vertex size: 51 bytes
  ✓ Success
  Format: 3D-FRONT (double xyz, double normals, uchar RGB)
  Vertices: 478,080
  Vertex size: 51 bytes

Processing: c9b4f975-0f17-4718-bf05-a05a450a3c48@MasterBedroom-61232
  PLY: /cluster/medbow/project/3dllms/melgin/datasets/3d-grand_unzipped/3D-FRONT/c9b4f975-0f17-4718-bf05-a05a450a3c48/MasterBedroom-61232/MasterBedroom-61232.ply
  Vertices: 478,080
  Format: 3D-FRONT (double xyz, double normals, uchar RGB)
  Vertices: 478,080
  Vertex size: 51 bytes
  ✓ Success
  Format: 3D-FRONT (double xyz, double normals, uchar RGB)
  Vertices: 681,113
  Vertex size: 51 bytes

Processing: c9b4f975-0f17-4718-bf05-a05a450a3c48@SecondBedroom-61181
  PLY: /cluster/medbow/project/3dllms/melgin/datasets/3d-grand_unzipped/3D-FRONT/c9b4f975-0f17-4718-bf05-a05a450a3c48/SecondBedroom-61181/SecondBedroom-61181.ply
  Vertices: 681,113
  Format: 3D-FRONT (double xyz, double normals, uchar RGB)
  Vertices: 681,113
  Vertex size: 51 bytes
  ✓ Success
  Format: 3D-FRONT (double xyz, double normals, uchar RGB)
  Vertices: 476,828
  Vertex size: 51 bytes

Processing: c9b9c9fe-5175-4ee6-863b-31beb0cb9a13@Bedroom-33611
  PLY: /cluster/medbow/project/3dllms/melgin/datasets/3d-grand_unzipped/3D-FRONT/c9b9c9fe-5175-4ee6-863b-31beb0cb9a13/Bedroom-33611/Bedroom-33611.ply
  Vertices: 476,828
  Format: 3D-FRONT (double xyz, double normals, uchar RGB)
  Vertices: 476,828
  Vertex size: 51 bytes
  ✓ Success
  Format: 3D-FRONT (double xyz, double normals, uchar RGB)
  Vertices: 437,370
  Vertex size: 51 bytes

Processing: c9b9c9fe-5175-4ee6-863b-31beb0cb9a13@Bedroom-34903
  PLY: /cluster/medbow/project/3dllms/melgin/datasets/3d-grand_unzipped/3D-FRONT/c9b9c9fe-5175-4ee6-863b-31beb0cb9a13/Bedroom-34903/Bedroom-34903.ply
  Vertices: 437,370
  Format: 3D-FRONT (double xyz, double normals, uchar RGB)
  Vertices: 437,370
  Vertex size: 51 bytes
  ✓ Success
  Format: 3D-FRONT (double xyz, double normals, uchar RGB)
  Vertices: 940,459
  Vertex size: 51 bytes

Processing: c9b9c9fe-5175-4ee6-863b-31beb0cb9a13@LivingRoom-35854
  PLY: /cluster/medbow/project/3dllms/melgin/datasets/3d-grand_unzipped/3D-FRONT/c9b9c9fe-5175-4ee6-863b-31beb0cb9a13/LivingRoom-35854/LivingRoom-35854.ply
  Vertices: 940,459
  Format: 3D-FRONT (double xyz, double normals, uchar RGB)
  Vertices: 940,459
  Vertex size: 51 bytes
  ✓ Success
  Format: 3D-FRONT (double xyz, double normals, uchar RGB)
  Vertices: 536,864
  Vertex size: 51 bytes

Processing: c9bdf08a-2b29-419b-9a3e-8452b6cc9dd9@Bedroom-6679
  PLY: /cluster/medbow/project/3dllms/melgin/datasets/3d-grand_unzipped/3D-FRONT/c9bdf08a-2b29-419b-9a3e-8452b6cc9dd9/Bedroom-6679/Bedroom-6679.ply
  Vertices: 536,864
  Format: 3D-FRONT (double xyz, double normals, uchar RGB)
  Vertices: 536,864
  Vertex size: 51 bytes
  ✓ Success
  Format: 3D-FRONT (double xyz, double normals, uchar RGB)
  Vertices: 854,055
  Vertex size: 51 bytes

Processing: c9bdf08a-2b29-419b-9a3e-8452b6cc9dd9@LivingRoom-611
  PLY: /cluster/medbow/project/3dllms/melgin/datasets/3d-grand_unzipped/3D-FRONT/c9bdf08a-2b29-419b-9a3e-8452b6cc9dd9/LivingRoom-611/LivingRoom-611.ply
  Vertices: 854,055
  Format: 3D-FRONT (double xyz, double normals, uchar RGB)
  Vertices: 854,055
  Vertex size: 51 bytes
  ✓ Success
  Format: 3D-FRONT (double xyz, double normals, uchar RGB)
  Vertices: 190,275
  Vertex size: 51 bytes

Processing: 0f039b8c-53ee-47cb-b4c9-58ba9a0141b9@CloakRoom-855
  PLY: /cluster/medbow/project/3dllms/melgin/datasets/3d-grand_unzipped/3D-FRONT/0f039b8c-53ee-47cb-b4c9-58ba9a0141b9/CloakRoom-855/CloakRoom-855.ply
  Vertices: 190,275
  Format: 3D-FRONT (double xyz, double normals, uchar RGB)
  Vertices: 190,275
  Vertex size: 51 bytes
  ✓ Success
  Format: 3D-FRONT (double xyz, double normals, uchar RGB)
  Vertices: 830,476
  Vertex size: 51 bytes

Processing: c9d609a1-e748-4728-8249-4962bcfb4cbe@ElderlyRoom-5831
  PLY: /cluster/medbow/project/3dllms/melgin/datasets/3d-grand_unzipped/3D-FRONT/c9d609a1-e748-4728-8249-4962bcfb4cbe/ElderlyRoom-5831/ElderlyRoom-5831.ply
  Vertices: 830,476
  Format: 3D-FRONT (double xyz, double normals, uchar RGB)
  Vertices: 830,476
  Vertex size: 51 bytes
  ✓ Success
  Format: 3D-FRONT (double xyz, double normals, uchar RGB)
  Vertices: 417,841
  Vertex size: 51 bytes

Processing: c9d609a1-e748-4728-8249-4962bcfb4cbe@MasterBedroom-142065
  PLY: /cluster/medbow/project/3dllms/melgin/datasets/3d-grand_unzipped/3D-FRONT/c9d609a1-e748-4728-8249-4962bcfb4cbe/MasterBedroom-142065/MasterBedroom-142065.ply
  Vertices: 417,841
  Format: 3D-FRONT (double xyz, double normals, uchar RGB)
  Vertices: 417,841
  Vertex size: 51 bytes
  ✓ Success
  Format: 3D-FRONT (double xyz, double normals, uchar RGB)
  Vertices: 1,039,556
  Vertex size: 51 bytes

Processing: c6204cb0-883e-4821-8456-2db1c1eb4b68@MasterBedroom-12123
  PLY: /cluster/medbow/project/3dllms/melgin/datasets/3d-grand_unzipped/3D-FRONT/c6204cb0-883e-4821-8456-2db1c1eb4b68/MasterBedroom-12123/MasterBedroom-12123.ply
  Vertices: 1,039,556
  Format: 3D-FRONT (double xyz, double normals, uchar RGB)
  Vertices: 1,039,556
  Vertex size: 51 bytes
  ✓ Success
  Format: 3D-FRONT (double xyz, double normals, uchar RGB)
  Vertices: 754,792
  Vertex size: 51 bytes

Processing: c15251b8-f844-46be-9d3e-9302dc494945@SecondBedroom-13488
  PLY: /cluster/medbow/project/3dllms/melgin/datasets/3d-grand_unzipped/3D-FRONT/c15251b8-f844-46be-9d3e-9302dc494945/SecondBedroom-13488/SecondBedroom-13488.ply
  Vertices: 754,792
  Format: 3D-FRONT (double xyz, double normals, uchar RGB)
  Vertices: 754,792
  Vertex size: 51 bytes
  ✓ Success
  Format: 3D-FRONT (double xyz, double normals, uchar RGB)
  Vertices: 788,667
  Vertex size: 51 bytes

Processing: c9d609a1-e748-4728-8249-4962bcfb4cbe@SecondBedroom-130923
  PLY: /cluster/medbow/project/3dllms/melgin/datasets/3d-grand_unzipped/3D-FRONT/c9d609a1-e748-4728-8249-4962bcfb4cbe/SecondBedroom-130923/SecondBedroom-130923.ply
  Vertices: 788,667
  Format: 3D-FRONT (double xyz, double normals, uchar RGB)
  Vertices: 788,667
  Vertex size: 51 bytes
  ✓ Success
  Format: 3D-FRONT (double xyz, double normals, uchar RGB)
  Vertices: 553,616
  Vertex size: 51 bytes

Processing: c9f4fd26-ed80-456b-bd39-2ea247d90ded@Bedroom-272
  PLY: /cluster/medbow/project/3dllms/melgin/datasets/3d-grand_unzipped/3D-FRONT/c9f4fd26-ed80-456b-bd39-2ea247d90ded/Bedroom-272/Bedroom-272.ply
  Vertices: 553,616
  Format: 3D-FRONT (double xyz, double normals, uchar RGB)
  Vertices: 553,616
  Vertex size: 51 bytes
  ✓ Success
  Format: 3D-FRONT (double xyz, double normals, uchar RGB)
  Vertices: 1,066,678
  Vertex size: 51 bytes

Processing: c9f4fd26-ed80-456b-bd39-2ea247d90ded@LivingDiningRoom-1174
  PLY: /cluster/medbow/project/3dllms/melgin/datasets/3d-grand_unzipped/3D-FRONT/c9f4fd26-ed80-456b-bd39-2ea247d90ded/LivingDiningRoom-1174/LivingDiningRoom-1174.ply
  Vertices: 1,066,678
  Format: 3D-FRONT (double xyz, double normals, uchar RGB)
  Vertices: 1,066,678
  Vertex size: 51 bytes
  ✓ Success
  Format: 3D-FRONT (double xyz, double normals, uchar RGB)
  Vertices: 331,273
  Vertex size: 51 bytes

Processing: c9fed96c-3e39-49cf-99f3-4d236d010478@Bedroom-1705
  PLY: /cluster/medbow/project/3dllms/melgin/datasets/3d-grand_unzipped/3D-FRONT/c9fed96c-3e39-49cf-99f3-4d236d010478/Bedroom-1705/Bedroom-1705.ply
  Vertices: 331,273
  Format: 3D-FRONT (double xyz, double normals, uchar RGB)
  Vertices: 331,273
  Vertex size: 51 bytes
  ✓ Success
  Format: 3D-FRONT (double xyz, double normals, uchar RGB)
  Vertices: 645,677
  Vertex size: 51 bytes

Processing: c9fed96c-3e39-49cf-99f3-4d236d010478@Bedroom-6801
  PLY: /cluster/medbow/project/3dllms/melgin/datasets/3d-grand_unzipped/3D-FRONT/c9fed96c-3e39-49cf-99f3-4d236d010478/Bedroom-6801/Bedroom-6801.ply
  Vertices: 645,677
  Format: 3D-FRONT (double xyz, double normals, uchar RGB)
  Vertices: 645,677
  Vertex size: 51 bytes
  ✓ Success
  Format: 3D-FRONT (double xyz, double normals, uchar RGB)
  Vertices: 354,424
  Vertex size: 51 bytes

Processing: c9fed96c-3e39-49cf-99f3-4d236d010478@Bedroom-6984
  PLY: /cluster/medbow/project/3dllms/melgin/datasets/3d-grand_unzipped/3D-FRONT/c9fed96c-3e39-49cf-99f3-4d236d010478/Bedroom-6984/Bedroom-6984.ply
  Vertices: 354,424
  Format: 3D-FRONT (double xyz, double normals, uchar RGB)
  Vertices: 354,424
  Vertex size: 51 bytes
  ✓ Success
  Format: 3D-FRONT (double xyz, double normals, uchar RGB)
  Vertices: 1,093,972
  Vertex size: 51 bytes

Processing: c9fed96c-3e39-49cf-99f3-4d236d010478@LivingDiningRoom-6848
  PLY: /cluster/medbow/project/3dllms/melgin/datasets/3d-grand_unzipped/3D-FRONT/c9fed96c-3e39-49cf-99f3-4d236d010478/LivingDiningRoom-6848/LivingDiningRoom-6848.ply
  Vertices: 1,093,972
  Format: 3D-FRONT (double xyz, double normals, uchar RGB)
  Vertices: 1,093,972
  Vertex size: 51 bytes
  ✓ Success
  Format: 3D-FRONT (double xyz, double normals, uchar RGB)
  Vertices: 241,604
  Vertex size: 51 bytes

Processing: ca0bdaff-4e3a-4677-a328-cfab693b37c4@Bedroom-1965
  PLY: /cluster/medbow/project/3dllms/melgin/datasets/3d-grand_unzipped/3D-FRONT/ca0bdaff-4e3a-4677-a328-cfab693b37c4/Bedroom-1965/Bedroom-1965.ply
  Vertices: 241,604
  Format: 3D-FRONT (double xyz, double normals, uchar RGB)
  Vertices: 241,604
  Vertex size: 51 bytes
  ✓ Success
  Format: 3D-FRONT (double xyz, double normals, uchar RGB)
  Vertices: 225,223
  Vertex size: 51 bytes

Processing: ca0bdaff-4e3a-4677-a328-cfab693b37c4@CloakRoom-8945
  PLY: /cluster/medbow/project/3dllms/melgin/datasets/3d-grand_unzipped/3D-FRONT/ca0bdaff-4e3a-4677-a328-cfab693b37c4/CloakRoom-8945/CloakRoom-8945.ply
  Vertices: 225,223
  Format: 3D-FRONT (double xyz, double normals, uchar RGB)
  Vertices: 225,223
  Vertex size: 51 bytes
  ✓ Success
  Format: 3D-FRONT (double xyz, double normals, uchar RGB)
  Vertices: 288,442
  Vertex size: 51 bytes

Processing: ca0bdaff-4e3a-4677-a328-cfab693b37c4@Library-2594
  PLY: /cluster/medbow/project/3dllms/melgin/datasets/3d-grand_unzipped/3D-FRONT/ca0bdaff-4e3a-4677-a328-cfab693b37c4/Library-2594/Library-2594.ply
  Vertices: 288,442
  Format: 3D-FRONT (double xyz, double normals, uchar RGB)
  Vertices: 288,442
  Vertex size: 51 bytes
  ✓ Success
  Format: 3D-FRONT (double xyz, double normals, uchar RGB)
  Vertices: 1,473,550
  Vertex size: 51 bytes

Processing: ca0bdaff-4e3a-4677-a328-cfab693b37c4@LivingRoom-14784
  PLY: /cluster/medbow/project/3dllms/melgin/datasets/3d-grand_unzipped/3D-FRONT/ca0bdaff-4e3a-4677-a328-cfab693b37c4/LivingRoom-14784/LivingRoom-14784.ply
  Vertices: 1,473,550
  Format: 3D-FRONT (double xyz, double normals, uchar RGB)
  Vertices: 1,473,550
  Vertex size: 51 bytes
  ✓ Success
  Format: 3D-FRONT (double xyz, double normals, uchar RGB)
  Vertices: 549,067
  Vertex size: 51 bytes

Processing: ca0bdaff-4e3a-4677-a328-cfab693b37c4@MasterBedroom-9302
  PLY: /cluster/medbow/project/3dllms/melgin/datasets/3d-grand_unzipped/3D-FRONT/ca0bdaff-4e3a-4677-a328-cfab693b37c4/MasterBedroom-9302/MasterBedroom-9302.ply
  Vertices: 549,067
  Format: 3D-FRONT (double xyz, double normals, uchar RGB)
  Vertices: 549,067
  Vertex size: 51 bytes
  ✓ Success
  Format: 3D-FRONT (double xyz, double normals, uchar RGB)
  Vertices: 446,289
  Vertex size: 51 bytes

Processing: ca0bdaff-4e3a-4677-a328-cfab693b37c4@SecondBedroom-10352
  PLY: /cluster/medbow/project/3dllms/melgin/datasets/3d-grand_unzipped/3D-FRONT/ca0bdaff-4e3a-4677-a328-cfab693b37c4/SecondBedroom-10352/SecondBedroom-10352.ply
  Vertices: 446,289
  Format: 3D-FRONT (double xyz, double normals, uchar RGB)
  Vertices: 446,289
  Vertex size: 51 bytes
  ✓ Success
  Format: 3D-FRONT (double xyz, double normals, uchar RGB)
  Vertices: 296,682
  Vertex size: 51 bytes

Processing: ca12fa31-b995-4419-b689-08564e9237c7@KidsRoom-2699
  PLY: /cluster/medbow/project/3dllms/melgin/datasets/3d-grand_unzipped/3D-FRONT/ca12fa31-b995-4419-b689-08564e9237c7/KidsRoom-2699/KidsRoom-2699.ply
  Vertices: 296,682
  Format: 3D-FRONT (double xyz, double normals, uchar RGB)
  Vertices: 296,682
  Vertex size: 51 bytes
  ✓ Success
  Format: 3D-FRONT (double xyz, double normals, uchar RGB)
  Vertices: 272,763
  Vertex size: 51 bytes

Processing: ca12fa31-b995-4419-b689-08564e9237c7@Library-32907
  PLY: /cluster/medbow/project/3dllms/melgin/datasets/3d-grand_unzipped/3D-FRONT/ca12fa31-b995-4419-b689-08564e9237c7/Library-32907/Library-32907.ply
  Vertices: 272,763
  Format: 3D-FRONT (double xyz, double normals, uchar RGB)
  Vertices: 272,763
  Vertex size: 51 bytes
  ✓ Success
  Format: 3D-FRONT (double xyz, double normals, uchar RGB)
  Vertices: 1,544,042
  Vertex size: 51 bytes

Processing: ca12fa31-b995-4419-b689-08564e9237c7@LivingDiningRoom-8738
  PLY: /cluster/medbow/project/3dllms/melgin/datasets/3d-grand_unzipped/3D-FRONT/ca12fa31-b995-4419-b689-08564e9237c7/LivingDiningRoom-8738/LivingDiningRoom-8738.ply
  Vertices: 1,544,042
  Format: 3D-FRONT (double xyz, double normals, uchar RGB)
  Vertices: 1,544,042
  Vertex size: 51 bytes
  ✓ Success

======================================================================
SUMMARY
======================================================================
Successful: 99/99
Failed:     0/99
Output dir: /cluster/medbow/project/3dllms/melgin/datasets/3D-FRONT_processed

End time: Wed Oct  8 16:50:09 MDT 2025
======================================================================

End time: Wed Oct  8 16:50:09 MDT 2025
==========================================
