==========================================
3D-FRONT Preprocessing - Array Job 22
==========================================
Job ID: 44229445
Array Task ID: 22
Node: mbl40s-001
Start time: Wed Oct  8 16:39:00 MDT 2025

Python: /project/3dllms/melgin/conda/envs/lavis/bin/python
Conda env: lavis

NVIDIA L40S, 46068 MiB, 45469 MiB

Processing point clouds 2178 to 2276
Estimated count: 99

======================================================================
3D-FRONT Preprocessing - Array Job 22
======================================================================
Job ID: 44229445
Array Task ID: 22
Node: mbl40s-001
Start time: Wed Oct  8 16:39:11 MDT 2025

Python: /project/3dllms/melgin/conda/envs/lavis/bin/python3
Conda env: lavis

NVIDIA L40S, 45468 MiB, 45036 MiB

Processing point clouds 2178 to 2276
Estimated count: 99

Loading BLIP2 model...
Model loaded successfully!

