==========================================
3D-FRONT Preprocessing - Array Job 15
==========================================
Job ID: 44229436
Array Task ID: 15
Node: mbl40s-007
Start time: Wed Oct  8 16:36:16 MDT 2025

Python: /project/3dllms/melgin/conda/envs/lavis/bin/python
Conda env: lavis

NVIDIA L40S, 46068 MiB, 45469 MiB

Processing point clouds 1485 to 1583
Estimated count: 99

======================================================================
3D-FRONT Preprocessing - Array Job 15
======================================================================
Job ID: 44229436
Array Task ID: 15
Node: mbl40s-007
Start time: Wed Oct  8 16:36:35 MDT 2025

Python: /project/3dllms/melgin/conda/envs/lavis/bin/python3
Conda env: lavis

NVIDIA L40S, 45468 MiB, 45036 MiB

Processing point clouds 1485 to 1583
Estimated count: 99

Loading BLIP2 model...
Model loaded successfully!

  Format: 3D-FRONT (double xyz, double normals, uchar RGB)
  Vertices: 875,119
  Vertex size: 51 bytes

Processing: e0fc368c-92e3-4f80-8d14-c6806f6216f6@LivingDiningRoom-17615
  PLY: /cluster/medbow/project/3dllms/melgin/datasets/3d-grand_unzipped/3D-FRONT/e0fc368c-92e3-4f80-8d14-c6806f6216f6/LivingDiningRoom-17615/LivingDiningRoom-17615.ply
  Vertices: 875,119
  Format: 3D-FRONT (double xyz, double normals, uchar RGB)
  Vertices: 875,119
  Vertex size: 51 bytes
  ✗ Error processing e0fc368c-92e3-4f80-8d14-c6806f6216f6@LivingDiningRoom-17615: RGBA values should be within 0-1 range
  Format: 3D-FRONT (double xyz, double normals, uchar RGB)
  Vertices: 151,996
  Vertex size: 51 bytes

Processing: e0fc368c-92e3-4f80-8d14-c6806f6216f6@MasterBedroom-17694
  PLY: /cluster/medbow/project/3dllms/melgin/datasets/3d-grand_unzipped/3D-FRONT/e0fc368c-92e3-4f80-8d14-c6806f6216f6/MasterBedroom-17694/MasterBedroom-17694.ply
  Vertices: 151,996
  Format: 3D-FRONT (double xyz, double normals, uchar RGB)
  Vertices: 151,996
  Vertex size: 51 bytes
  ✗ Error processing e0fc368c-92e3-4f80-8d14-c6806f6216f6@MasterBedroom-17694: RGBA values should be within 0-1 range
  Format: 3D-FRONT (double xyz, double normals, uchar RGB)
  Vertices: 486,401
  Vertex size: 51 bytes

Processing: e100404c-cef5-4a29-9ac2-ad44db9fff7a@Bedroom-40071
  PLY: /cluster/medbow/project/3dllms/melgin/datasets/3d-grand_unzipped/3D-FRONT/e100404c-cef5-4a29-9ac2-ad44db9fff7a/Bedroom-40071/Bedroom-40071.ply
  Vertices: 486,401
  Format: 3D-FRONT (double xyz, double normals, uchar RGB)
  Vertices: 486,401
  Vertex size: 51 bytes
  ✗ Error processing e100404c-cef5-4a29-9ac2-ad44db9fff7a@Bedroom-40071: RGBA values should be within 0-1 range
  Format: 3D-FRONT (double xyz, double normals, uchar RGB)
  Vertices: 1,419,824
  Vertex size: 51 bytes

Processing: e10693e4-7276-4e98-b786-05f82ccb701d@LivingDiningRoom-5387
  PLY: /cluster/medbow/project/3dllms/melgin/datasets/3d-grand_unzipped/3D-FRONT/e10693e4-7276-4e98-b786-05f82ccb701d/LivingDiningRoom-5387/LivingDiningRoom-5387.ply
  Vertices: 1,419,824
  Format: 3D-FRONT (double xyz, double normals, uchar RGB)
  Vertices: 1,419,824
  Vertex size: 51 bytes
  ✗ Error processing e10693e4-7276-4e98-b786-05f82ccb701d@LivingDiningRoom-5387: RGBA values should be within 0-1 range
  Format: 3D-FRONT (double xyz, double normals, uchar RGB)
  Vertices: 677,359
  Vertex size: 51 bytes

Processing: e10693e4-7276-4e98-b786-05f82ccb701d@SecondBedroom-5466
  PLY: /cluster/medbow/project/3dllms/melgin/datasets/3d-grand_unzipped/3D-FRONT/e10693e4-7276-4e98-b786-05f82ccb701d/SecondBedroom-5466/SecondBedroom-5466.ply
  Vertices: 677,359
  Format: 3D-FRONT (double xyz, double normals, uchar RGB)
  Vertices: 677,359
  Vertex size: 51 bytes
  ✗ Error processing e10693e4-7276-4e98-b786-05f82ccb701d@SecondBedroom-5466: RGBA values should be within 0-1 range
  Format: 3D-FRONT (double xyz, double normals, uchar RGB)
  Vertices: 2,026,265
  Vertex size: 51 bytes

Processing: e1119a13-1dcf-46c1-88e5-d028b528b634@LivingDiningRoom-11895
  PLY: /cluster/medbow/project/3dllms/melgin/datasets/3d-grand_unzipped/3D-FRONT/e1119a13-1dcf-46c1-88e5-d028b528b634/LivingDiningRoom-11895/LivingDiningRoom-11895.ply
  Vertices: 2,026,265
  Format: 3D-FRONT (double xyz, double normals, uchar RGB)
  Vertices: 2,026,265
  Vertex size: 51 bytes
  ✗ Error processing e1119a13-1dcf-46c1-88e5-d028b528b634@LivingDiningRoom-11895: RGBA values should be within 0-1 range
  Format: 3D-FRONT (double xyz, double normals, uchar RGB)
  Vertices: 740,810
  Vertex size: 51 bytes

Processing: e1119a13-1dcf-46c1-88e5-d028b528b634@MasterBedroom-11772
  PLY: /cluster/medbow/project/3dllms/melgin/datasets/3d-grand_unzipped/3D-FRONT/e1119a13-1dcf-46c1-88e5-d028b528b634/MasterBedroom-11772/MasterBedroom-11772.ply
  Vertices: 740,810
  Format: 3D-FRONT (double xyz, double normals, uchar RGB)
  Vertices: 740,810
  Vertex size: 51 bytes
  ✗ Error processing e1119a13-1dcf-46c1-88e5-d028b528b634@MasterBedroom-11772: RGBA values should be within 0-1 range
  Format: 3D-FRONT (double xyz, double normals, uchar RGB)
  Vertices: 354,833
  Vertex size: 51 bytes

Processing: e1119a13-1dcf-46c1-88e5-d028b528b634@SecondBedroom-8514
  PLY: /cluster/medbow/project/3dllms/melgin/datasets/3d-grand_unzipped/3D-FRONT/e1119a13-1dcf-46c1-88e5-d028b528b634/SecondBedroom-8514/SecondBedroom-8514.ply
  Vertices: 354,833
  Format: 3D-FRONT (double xyz, double normals, uchar RGB)
  Vertices: 354,833
  Vertex size: 51 bytes
  ✗ Error processing e1119a13-1dcf-46c1-88e5-d028b528b634@SecondBedroom-8514: RGBA values should be within 0-1 range
  Format: 3D-FRONT (double xyz, double normals, uchar RGB)
  Vertices: 288,496
  Vertex size: 51 bytes

Processing: e1119a13-1dcf-46c1-88e5-d028b528b634@SecondBedroom-8897
  PLY: /cluster/medbow/project/3dllms/melgin/datasets/3d-grand_unzipped/3D-FRONT/e1119a13-1dcf-46c1-88e5-d028b528b634/SecondBedroom-8897/SecondBedroom-8897.ply
  Vertices: 288,496
  Format: 3D-FRONT (double xyz, double normals, uchar RGB)
  Vertices: 288,496
  Vertex size: 51 bytes
  ✗ Error processing e1119a13-1dcf-46c1-88e5-d028b528b634@SecondBedroom-8897: RGBA values should be within 0-1 range
  Format: 3D-FRONT (double xyz, double normals, uchar RGB)
  Vertices: 559,975
  Vertex size: 51 bytes

Processing: e111dcdb-094b-4adb-bcce-1db491755d7b@BedRoom-526
  PLY: /cluster/medbow/project/3dllms/melgin/datasets/3d-grand_unzipped/3D-FRONT/e111dcdb-094b-4adb-bcce-1db491755d7b/BedRoom-526/BedRoom-526.ply
  Vertices: 559,975
  Format: 3D-FRONT (double xyz, double normals, uchar RGB)
  Vertices: 559,975
  Vertex size: 51 bytes
  ✗ Error processing e111dcdb-094b-4adb-bcce-1db491755d7b@BedRoom-526: RGBA values should be within 0-1 range
  Format: 3D-FRONT (double xyz, double normals, uchar RGB)
  Vertices: 429,403
  Vertex size: 51 bytes

Processing: e111dcdb-094b-4adb-bcce-1db491755d7b@DiningRoom-69757
  PLY: /cluster/medbow/project/3dllms/melgin/datasets/3d-grand_unzipped/3D-FRONT/e111dcdb-094b-4adb-bcce-1db491755d7b/DiningRoom-69757/DiningRoom-69757.ply
  Vertices: 429,403
  Format: 3D-FRONT (double xyz, double normals, uchar RGB)
  Vertices: 429,403
  Vertex size: 51 bytes
  ✗ Error processing e111dcdb-094b-4adb-bcce-1db491755d7b@DiningRoom-69757: RGBA values should be within 0-1 range
  Format: 3D-FRONT (double xyz, double normals, uchar RGB)
  Vertices: 1,161,519
  Vertex size: 51 bytes

Processing: e111dcdb-094b-4adb-bcce-1db491755d7b@LivingRoom-146449
  PLY: /cluster/medbow/project/3dllms/melgin/datasets/3d-grand_unzipped/3D-FRONT/e111dcdb-094b-4adb-bcce-1db491755d7b/LivingRoom-146449/LivingRoom-146449.ply
  Vertices: 1,161,519
  Format: 3D-FRONT (double xyz, double normals, uchar RGB)
  Vertices: 1,161,519
  Vertex size: 51 bytes
  ✗ Error processing e111dcdb-094b-4adb-bcce-1db491755d7b@LivingRoom-146449: RGBA values should be within 0-1 range
  Format: 3D-FRONT (double xyz, double normals, uchar RGB)
  Vertices: 1,326,693
  Vertex size: 51 bytes

Processing: e120bc58-b9de-4d01-8d3c-3ef645ff025f@LivingDiningRoom-4130
  PLY: /cluster/medbow/project/3dllms/melgin/datasets/3d-grand_unzipped/3D-FRONT/e120bc58-b9de-4d01-8d3c-3ef645ff025f/LivingDiningRoom-4130/LivingDiningRoom-4130.ply
  Vertices: 1,326,693
  Format: 3D-FRONT (double xyz, double normals, uchar RGB)
  Vertices: 1,326,693
  Vertex size: 51 bytes
  ✗ Error processing e120bc58-b9de-4d01-8d3c-3ef645ff025f@LivingDiningRoom-4130: RGBA values should be within 0-1 range
  Format: 3D-FRONT (double xyz, double normals, uchar RGB)
  Vertices: 558,292
  Vertex size: 51 bytes

Processing: e120bc58-b9de-4d01-8d3c-3ef645ff025f@MasterBedroom-3995
  PLY: /cluster/medbow/project/3dllms/melgin/datasets/3d-grand_unzipped/3D-FRONT/e120bc58-b9de-4d01-8d3c-3ef645ff025f/MasterBedroom-3995/MasterBedroom-3995.ply
  Vertices: 558,292
  Format: 3D-FRONT (double xyz, double normals, uchar RGB)
  Vertices: 558,292
  Vertex size: 51 bytes
  ✗ Error processing e120bc58-b9de-4d01-8d3c-3ef645ff025f@MasterBedroom-3995: RGBA values should be within 0-1 range
  Format: 3D-FRONT (double xyz, double normals, uchar RGB)
  Vertices: 1,547,795
  Vertex size: 51 bytes

Processing: e12b9c22-ecdd-42f7-a94b-9bd89c018ad9@LivingDiningRoom-74331
  PLY: /cluster/medbow/project/3dllms/melgin/datasets/3d-grand_unzipped/3D-FRONT/e12b9c22-ecdd-42f7-a94b-9bd89c018ad9/LivingDiningRoom-74331/LivingDiningRoom-74331.ply
  Vertices: 1,547,795
  Format: 3D-FRONT (double xyz, double normals, uchar RGB)
  Vertices: 1,547,795
  Vertex size: 51 bytes
  ✗ Error processing e12b9c22-ecdd-42f7-a94b-9bd89c018ad9@LivingDiningRoom-74331: RGBA values should be within 0-1 range
  Format: 3D-FRONT (double xyz, double normals, uchar RGB)
  Vertices: 666,021
  Vertex size: 51 bytes

Processing: e12b9c22-ecdd-42f7-a94b-9bd89c018ad9@MasterBedroom-74489
  PLY: /cluster/medbow/project/3dllms/melgin/datasets/3d-grand_unzipped/3D-FRONT/e12b9c22-ecdd-42f7-a94b-9bd89c018ad9/MasterBedroom-74489/MasterBedroom-74489.ply
  Vertices: 666,021
  Format: 3D-FRONT (double xyz, double normals, uchar RGB)
  Vertices: 666,021
  Vertex size: 51 bytes
  ✗ Error processing e12b9c22-ecdd-42f7-a94b-9bd89c018ad9@MasterBedroom-74489: RGBA values should be within 0-1 range
  Format: 3D-FRONT (double xyz, double normals, uchar RGB)
  Vertices: 1,011,195
  Vertex size: 51 bytes

Processing: e14943b2-1532-4d06-8b38-9d2efb5e930c@MasterBedroom-305393
  PLY: /cluster/medbow/project/3dllms/melgin/datasets/3d-grand_unzipped/3D-FRONT/e14943b2-1532-4d06-8b38-9d2efb5e930c/MasterBedroom-305393/MasterBedroom-305393.ply
  Vertices: 1,011,195
  Format: 3D-FRONT (double xyz, double normals, uchar RGB)
  Vertices: 1,011,195
  Vertex size: 51 bytes
  ✗ Error processing e14943b2-1532-4d06-8b38-9d2efb5e930c@MasterBedroom-305393: RGBA values should be within 0-1 range
  Format: 3D-FRONT (double xyz, double normals, uchar RGB)
  Vertices: 549,909
  Vertex size: 51 bytes

Processing: d9b1b2e5-92d5-48f2-a19e-3316fb121aec@CloakRoom-37080
  PLY: /cluster/medbow/project/3dllms/melgin/datasets/3d-grand_unzipped/3D-FRONT/d9b1b2e5-92d5-48f2-a19e-3316fb121aec/CloakRoom-37080/CloakRoom-37080.ply
  Vertices: 549,909
  Format: 3D-FRONT (double xyz, double normals, uchar RGB)
  Vertices: 549,909
  Vertex size: 51 bytes
  ✗ Error processing d9b1b2e5-92d5-48f2-a19e-3316fb121aec@CloakRoom-37080: RGBA values should be within 0-1 range
  Format: 3D-FRONT (double xyz, double normals, uchar RGB)
  Vertices: 875,489
  Vertex size: 51 bytes

Processing: e15876ea-c9a8-4081-a0a7-6917f6c8ab69@DiningRoom-20122
  PLY: /cluster/medbow/project/3dllms/melgin/datasets/3d-grand_unzipped/3D-FRONT/e15876ea-c9a8-4081-a0a7-6917f6c8ab69/DiningRoom-20122/DiningRoom-20122.ply
  Vertices: 875,489
  Format: 3D-FRONT (double xyz, double normals, uchar RGB)
  Vertices: 875,489
  Vertex size: 51 bytes
  ✗ Error processing e15876ea-c9a8-4081-a0a7-6917f6c8ab69@DiningRoom-20122: RGBA values should be within 0-1 range
  Format: 3D-FRONT (double xyz, double normals, uchar RGB)
  Vertices: 572,670
  Vertex size: 51 bytes

Processing: e15876ea-c9a8-4081-a0a7-6917f6c8ab69@Library-24701
  PLY: /cluster/medbow/project/3dllms/melgin/datasets/3d-grand_unzipped/3D-FRONT/e15876ea-c9a8-4081-a0a7-6917f6c8ab69/Library-24701/Library-24701.ply
  Vertices: 572,670
  Format: 3D-FRONT (double xyz, double normals, uchar RGB)
  Vertices: 572,670
  Vertex size: 51 bytes
  ✗ Error processing e15876ea-c9a8-4081-a0a7-6917f6c8ab69@Library-24701: RGBA values should be within 0-1 range
  Format: 3D-FRONT (double xyz, double normals, uchar RGB)
  Vertices: 1,002,269
  Vertex size: 51 bytes

Processing: e15876ea-c9a8-4081-a0a7-6917f6c8ab69@MasterBedroom-70447
  PLY: /cluster/medbow/project/3dllms/melgin/datasets/3d-grand_unzipped/3D-FRONT/e15876ea-c9a8-4081-a0a7-6917f6c8ab69/MasterBedroom-70447/MasterBedroom-70447.ply
  Vertices: 1,002,269
  Format: 3D-FRONT (double xyz, double normals, uchar RGB)
  Vertices: 1,002,269
  Vertex size: 51 bytes
  ✗ Error processing e15876ea-c9a8-4081-a0a7-6917f6c8ab69@MasterBedroom-70447: RGBA values should be within 0-1 range
  Format: 3D-FRONT (double xyz, double normals, uchar RGB)
  Vertices: 124,852
  Vertex size: 51 bytes

Processing: e15876ea-c9a8-4081-a0a7-6917f6c8ab69@OtherRoom-37861
  PLY: /cluster/medbow/project/3dllms/melgin/datasets/3d-grand_unzipped/3D-FRONT/e15876ea-c9a8-4081-a0a7-6917f6c8ab69/OtherRoom-37861/OtherRoom-37861.ply
  Vertices: 124,852
  Format: 3D-FRONT (double xyz, double normals, uchar RGB)
  Vertices: 124,852
  Vertex size: 51 bytes
  ✗ Error processing e15876ea-c9a8-4081-a0a7-6917f6c8ab69@OtherRoom-37861: RGBA values should be within 0-1 range
  Format: 3D-FRONT (double xyz, double normals, uchar RGB)
  Vertices: 539,658
  Vertex size: 51 bytes

Processing: e15e9791-e99e-4f81-b838-692ecd556e81@Bedroom-303113
  PLY: /cluster/medbow/project/3dllms/melgin/datasets/3d-grand_unzipped/3D-FRONT/e15e9791-e99e-4f81-b838-692ecd556e81/Bedroom-303113/Bedroom-303113.ply
  Vertices: 539,658
  Format: 3D-FRONT (double xyz, double normals, uchar RGB)
  Vertices: 539,658
  Vertex size: 51 bytes
  ✗ Error processing e15e9791-e99e-4f81-b838-692ecd556e81@Bedroom-303113: RGBA values should be within 0-1 range
  Format: 3D-FRONT (double xyz, double normals, uchar RGB)
  Vertices: 369,836
  Vertex size: 51 bytes

Processing: e15e9791-e99e-4f81-b838-692ecd556e81@Bedroom-303723
  PLY: /cluster/medbow/project/3dllms/melgin/datasets/3d-grand_unzipped/3D-FRONT/e15e9791-e99e-4f81-b838-692ecd556e81/Bedroom-303723/Bedroom-303723.ply
  Vertices: 369,836
  Format: 3D-FRONT (double xyz, double normals, uchar RGB)
  Vertices: 369,836
  Vertex size: 51 bytes
  ✗ Error processing e15e9791-e99e-4f81-b838-692ecd556e81@Bedroom-303723: RGBA values should be within 0-1 range
  Format: 3D-FRONT (double xyz, double normals, uchar RGB)
  Vertices: 946,530
  Vertex size: 51 bytes

Processing: e15e9791-e99e-4f81-b838-692ecd556e81@LivingRoom-304292
  PLY: /cluster/medbow/project/3dllms/melgin/datasets/3d-grand_unzipped/3D-FRONT/e15e9791-e99e-4f81-b838-692ecd556e81/LivingRoom-304292/LivingRoom-304292.ply
  Vertices: 946,530
  Format: 3D-FRONT (double xyz, double normals, uchar RGB)
  Vertices: 946,530
  Vertex size: 51 bytes
  ✗ Error processing e15e9791-e99e-4f81-b838-692ecd556e81@LivingRoom-304292: RGBA values should be within 0-1 range
  Format: 3D-FRONT (double xyz, double normals, uchar RGB)
  Vertices: 1,292,314
  Vertex size: 51 bytes

Processing: e1636367-2022-4fca-9c81-de2b30baf814@LivingRoom-5831
  PLY: /cluster/medbow/project/3dllms/melgin/datasets/3d-grand_unzipped/3D-FRONT/e1636367-2022-4fca-9c81-de2b30baf814/LivingRoom-5831/LivingRoom-5831.ply
  Vertices: 1,292,314
  Format: 3D-FRONT (double xyz, double normals, uchar RGB)
  Vertices: 1,292,314
  Vertex size: 51 bytes
  ✗ Error processing e1636367-2022-4fca-9c81-de2b30baf814@LivingRoom-5831: RGBA values should be within 0-1 range
  Format: 3D-FRONT (double xyz, double normals, uchar RGB)
  Vertices: 1,602,128
  Vertex size: 51 bytes

Processing: e16c4c32-c989-4e79-bb03-627edc763e44@LivingDiningRoom-49033
  PLY: /cluster/medbow/project/3dllms/melgin/datasets/3d-grand_unzipped/3D-FRONT/e16c4c32-c989-4e79-bb03-627edc763e44/LivingDiningRoom-49033/LivingDiningRoom-49033.ply
  Vertices: 1,602,128
  Format: 3D-FRONT (double xyz, double normals, uchar RGB)
  Vertices: 1,602,128
  Vertex size: 51 bytes
  ✗ Error processing e16c4c32-c989-4e79-bb03-627edc763e44@LivingDiningRoom-49033: RGBA values should be within 0-1 range
  Format: 3D-FRONT (double xyz, double normals, uchar RGB)
  Vertices: 553,733
  Vertex size: 51 bytes

Processing: e16c4c32-c989-4e79-bb03-627edc763e44@MasterBedroom-10068
  PLY: /cluster/medbow/project/3dllms/melgin/datasets/3d-grand_unzipped/3D-FRONT/e16c4c32-c989-4e79-bb03-627edc763e44/MasterBedroom-10068/MasterBedroom-10068.ply
  Vertices: 553,733
  Format: 3D-FRONT (double xyz, double normals, uchar RGB)
  Vertices: 553,733
  Vertex size: 51 bytes
  ✗ Error processing e16c4c32-c989-4e79-bb03-627edc763e44@MasterBedroom-10068: RGBA values should be within 0-1 range
  Format: 3D-FRONT (double xyz, double normals, uchar RGB)
  Vertices: 718,602
  Vertex size: 51 bytes

Processing: e16c4c32-c989-4e79-bb03-627edc763e44@SecondBedroom-38398
  PLY: /cluster/medbow/project/3dllms/melgin/datasets/3d-grand_unzipped/3D-FRONT/e16c4c32-c989-4e79-bb03-627edc763e44/SecondBedroom-38398/SecondBedroom-38398.ply
  Vertices: 718,602
  Format: 3D-FRONT (double xyz, double normals, uchar RGB)
  Vertices: 718,602
  Vertex size: 51 bytes
  ✗ Error processing e16c4c32-c989-4e79-bb03-627edc763e44@SecondBedroom-38398: RGBA values should be within 0-1 range
  Format: 3D-FRONT (double xyz, double normals, uchar RGB)
  Vertices: 533,529
  Vertex size: 51 bytes

Processing: e16e222e-f9b3-41eb-983f-b6173f84c35a@Bedroom-2005
  PLY: /cluster/medbow/project/3dllms/melgin/datasets/3d-grand_unzipped/3D-FRONT/e16e222e-f9b3-41eb-983f-b6173f84c35a/Bedroom-2005/Bedroom-2005.ply
  Vertices: 533,529
  Format: 3D-FRONT (double xyz, double normals, uchar RGB)
  Vertices: 533,529
  Vertex size: 51 bytes
  ✗ Error processing e16e222e-f9b3-41eb-983f-b6173f84c35a@Bedroom-2005: RGBA values should be within 0-1 range
  Format: 3D-FRONT (double xyz, double normals, uchar RGB)
  Vertices: 1,124,761
  Vertex size: 51 bytes

Processing: e16e222e-f9b3-41eb-983f-b6173f84c35a@LivingDiningRoom-1255
  PLY: /cluster/medbow/project/3dllms/melgin/datasets/3d-grand_unzipped/3D-FRONT/e16e222e-f9b3-41eb-983f-b6173f84c35a/LivingDiningRoom-1255/LivingDiningRoom-1255.ply
  Vertices: 1,124,761
  Format: 3D-FRONT (double xyz, double normals, uchar RGB)
  Vertices: 1,124,761
  Vertex size: 51 bytes
  ✗ Error processing e16e222e-f9b3-41eb-983f-b6173f84c35a@LivingDiningRoom-1255: RGBA values should be within 0-1 range
  Format: 3D-FRONT (double xyz, double normals, uchar RGB)
  Vertices: 518,142
  Vertex size: 51 bytes

Processing: e16e222e-f9b3-41eb-983f-b6173f84c35a@MasterBedroom-3805
  PLY: /cluster/medbow/project/3dllms/melgin/datasets/3d-grand_unzipped/3D-FRONT/e16e222e-f9b3-41eb-983f-b6173f84c35a/MasterBedroom-3805/MasterBedroom-3805.ply
  Vertices: 518,142
  Format: 3D-FRONT (double xyz, double normals, uchar RGB)
  Vertices: 518,142
  Vertex size: 51 bytes
  ✗ Error processing e16e222e-f9b3-41eb-983f-b6173f84c35a@MasterBedroom-3805: RGBA values should be within 0-1 range
  Format: 3D-FRONT (double xyz, double normals, uchar RGB)
  Vertices: 432,103
  Vertex size: 51 bytes

Processing: e172a11a-28f8-4474-a7f3-4d28c198cf35@BedRoom-63651
  PLY: /cluster/medbow/project/3dllms/melgin/datasets/3d-grand_unzipped/3D-FRONT/e172a11a-28f8-4474-a7f3-4d28c198cf35/BedRoom-63651/BedRoom-63651.ply
  Vertices: 432,103
  Format: 3D-FRONT (double xyz, double normals, uchar RGB)
  Vertices: 432,103
  Vertex size: 51 bytes
  ✗ Error processing e172a11a-28f8-4474-a7f3-4d28c198cf35@BedRoom-63651: RGBA values should be within 0-1 range
  Format: 3D-FRONT (double xyz, double normals, uchar RGB)
  Vertices: 717,166
  Vertex size: 51 bytes

Processing: e172a11a-28f8-4474-a7f3-4d28c198cf35@Library-42991
  PLY: /cluster/medbow/project/3dllms/melgin/datasets/3d-grand_unzipped/3D-FRONT/e172a11a-28f8-4474-a7f3-4d28c198cf35/Library-42991/Library-42991.ply
  Vertices: 717,166
  Format: 3D-FRONT (double xyz, double normals, uchar RGB)
  Vertices: 717,166
  Vertex size: 51 bytes
  ✗ Error processing e172a11a-28f8-4474-a7f3-4d28c198cf35@Library-42991: RGBA values should be within 0-1 range
  Format: 3D-FRONT (double xyz, double normals, uchar RGB)
  Vertices: 1,337,579
  Vertex size: 51 bytes

Processing: e172a11a-28f8-4474-a7f3-4d28c198cf35@LivingRoom-5831
  PLY: /cluster/medbow/project/3dllms/melgin/datasets/3d-grand_unzipped/3D-FRONT/e172a11a-28f8-4474-a7f3-4d28c198cf35/LivingRoom-5831/LivingRoom-5831.ply
  Vertices: 1,337,579
  Format: 3D-FRONT (double xyz, double normals, uchar RGB)
  Vertices: 1,337,579
  Vertex size: 51 bytes
  ✗ Error processing e172a11a-28f8-4474-a7f3-4d28c198cf35@LivingRoom-5831: RGBA values should be within 0-1 range
  Format: 3D-FRONT (double xyz, double normals, uchar RGB)
  Vertices: 1,456,989
  Vertex size: 51 bytes

Processing: e17688ea-b908-4ea5-9133-2137c282e8b1@LivingDiningRoom-515
  PLY: /cluster/medbow/project/3dllms/melgin/datasets/3d-grand_unzipped/3D-FRONT/e17688ea-b908-4ea5-9133-2137c282e8b1/LivingDiningRoom-515/LivingDiningRoom-515.ply
  Vertices: 1,456,989
  Format: 3D-FRONT (double xyz, double normals, uchar RGB)
  Vertices: 1,456,989
  Vertex size: 51 bytes
  ✗ Error processing e17688ea-b908-4ea5-9133-2137c282e8b1@LivingDiningRoom-515: RGBA values should be within 0-1 range
  Format: 3D-FRONT (double xyz, double normals, uchar RGB)
  Vertices: 429,018
  Vertex size: 51 bytes

Processing: e17688ea-b908-4ea5-9133-2137c282e8b1@MasterBedroom-30521
  PLY: /cluster/medbow/project/3dllms/melgin/datasets/3d-grand_unzipped/3D-FRONT/e17688ea-b908-4ea5-9133-2137c282e8b1/MasterBedroom-30521/MasterBedroom-30521.ply
  Vertices: 429,018
  Format: 3D-FRONT (double xyz, double normals, uchar RGB)
  Vertices: 429,018
  Vertex size: 51 bytes
  ✗ Error processing e17688ea-b908-4ea5-9133-2137c282e8b1@MasterBedroom-30521: RGBA values should be within 0-1 range
  Format: 3D-FRONT (double xyz, double normals, uchar RGB)
  Vertices: 2,736,456
  Vertex size: 51 bytes

Processing: e19d78e4-6fbf-4e68-9ad9-e12d1edfabf4@LivingDiningRoom-3981
  PLY: /cluster/medbow/project/3dllms/melgin/datasets/3d-grand_unzipped/3D-FRONT/e19d78e4-6fbf-4e68-9ad9-e12d1edfabf4/LivingDiningRoom-3981/LivingDiningRoom-3981.ply
  Vertices: 2,736,456
  Format: 3D-FRONT (double xyz, double normals, uchar RGB)
  Vertices: 2,736,456
  Vertex size: 51 bytes
  ✗ Error processing e19d78e4-6fbf-4e68-9ad9-e12d1edfabf4@LivingDiningRoom-3981: RGBA values should be within 0-1 range
  Format: 3D-FRONT (double xyz, double normals, uchar RGB)
  Vertices: 753,253
  Vertex size: 51 bytes

Processing: e19d78e4-6fbf-4e68-9ad9-e12d1edfabf4@MasterBedroom-232442
  PLY: /cluster/medbow/project/3dllms/melgin/datasets/3d-grand_unzipped/3D-FRONT/e19d78e4-6fbf-4e68-9ad9-e12d1edfabf4/MasterBedroom-232442/MasterBedroom-232442.ply
  Vertices: 753,253
  Format: 3D-FRONT (double xyz, double normals, uchar RGB)
  Vertices: 753,253
  Vertex size: 51 bytes
  ✗ Error processing e19d78e4-6fbf-4e68-9ad9-e12d1edfabf4@MasterBedroom-232442: RGBA values should be within 0-1 range
  Format: 3D-FRONT (double xyz, double normals, uchar RGB)
  Vertices: 451,256
  Vertex size: 51 bytes

Processing: e1a47007-0e07-4b9c-b7c1-f288eff46f37@Bedroom-1164
  PLY: /cluster/medbow/project/3dllms/melgin/datasets/3d-grand_unzipped/3D-FRONT/e1a47007-0e07-4b9c-b7c1-f288eff46f37/Bedroom-1164/Bedroom-1164.ply
  Vertices: 451,256
  Format: 3D-FRONT (double xyz, double normals, uchar RGB)
  Vertices: 451,256
  Vertex size: 51 bytes
  ✗ Error processing e1a47007-0e07-4b9c-b7c1-f288eff46f37@Bedroom-1164: RGBA values should be within 0-1 range
  Format: 3D-FRONT (double xyz, double normals, uchar RGB)
  Vertices: 323,236
  Vertex size: 51 bytes

Processing: e1a47007-0e07-4b9c-b7c1-f288eff46f37@Library-2111
  PLY: /cluster/medbow/project/3dllms/melgin/datasets/3d-grand_unzipped/3D-FRONT/e1a47007-0e07-4b9c-b7c1-f288eff46f37/Library-2111/Library-2111.ply
  Vertices: 323,236
  Format: 3D-FRONT (double xyz, double normals, uchar RGB)
  Vertices: 323,236
  Vertex size: 51 bytes
  ✗ Error processing e1a47007-0e07-4b9c-b7c1-f288eff46f37@Library-2111: RGBA values should be within 0-1 range
  Format: 3D-FRONT (double xyz, double normals, uchar RGB)
  Vertices: 1,035,630
  Vertex size: 51 bytes

Processing: e1a47007-0e07-4b9c-b7c1-f288eff46f37@LivingRoom-1809
  PLY: /cluster/medbow/project/3dllms/melgin/datasets/3d-grand_unzipped/3D-FRONT/e1a47007-0e07-4b9c-b7c1-f288eff46f37/LivingRoom-1809/LivingRoom-1809.ply
  Vertices: 1,035,630
  Format: 3D-FRONT (double xyz, double normals, uchar RGB)
  Vertices: 1,035,630
  Vertex size: 51 bytes
  ✗ Error processing e1a47007-0e07-4b9c-b7c1-f288eff46f37@LivingRoom-1809: RGBA values should be within 0-1 range
  Format: 3D-FRONT (double xyz, double normals, uchar RGB)
  Vertices: 707,722
  Vertex size: 51 bytes

Processing: e1a47007-0e07-4b9c-b7c1-f288eff46f37@MasterBedroom-861
  PLY: /cluster/medbow/project/3dllms/melgin/datasets/3d-grand_unzipped/3D-FRONT/e1a47007-0e07-4b9c-b7c1-f288eff46f37/MasterBedroom-861/MasterBedroom-861.ply
  Vertices: 707,722
  Format: 3D-FRONT (double xyz, double normals, uchar RGB)
  Vertices: 707,722
  Vertex size: 51 bytes
  ✗ Error processing e1a47007-0e07-4b9c-b7c1-f288eff46f37@MasterBedroom-861: RGBA values should be within 0-1 range
  Format: 3D-FRONT (double xyz, double normals, uchar RGB)
  Vertices: 52,090
  Vertex size: 51 bytes

Processing: 1faf3c99-1efe-4d6f-8e1d-296bc17cbff9@StorageRoom-410
  PLY: /cluster/medbow/project/3dllms/melgin/datasets/3d-grand_unzipped/3D-FRONT/1faf3c99-1efe-4d6f-8e1d-296bc17cbff9/StorageRoom-410/StorageRoom-410.ply
  Vertices: 52,090
  Format: 3D-FRONT (double xyz, double normals, uchar RGB)
  Vertices: 52,090
  Vertex size: 51 bytes
  ✗ Error processing 1faf3c99-1efe-4d6f-8e1d-296bc17cbff9@StorageRoom-410: RGBA values should be within 0-1 range
  Format: 3D-FRONT (double xyz, double normals, uchar RGB)
  Vertices: 293,380
  Vertex size: 51 bytes

Processing: e1a4a544-4918-42d9-b659-c332e05335fa@Bedroom-33792
  PLY: /cluster/medbow/project/3dllms/melgin/datasets/3d-grand_unzipped/3D-FRONT/e1a4a544-4918-42d9-b659-c332e05335fa/Bedroom-33792/Bedroom-33792.ply
  Vertices: 293,380
  Format: 3D-FRONT (double xyz, double normals, uchar RGB)
  Vertices: 293,380
  Vertex size: 51 bytes
  ✗ Error processing e1a4a544-4918-42d9-b659-c332e05335fa@Bedroom-33792: RGBA values should be within 0-1 range
  Format: 3D-FRONT (double xyz, double normals, uchar RGB)
  Vertices: 719,127
  Vertex size: 51 bytes

Processing: e1a4a544-4918-42d9-b659-c332e05335fa@LivingRoom-33448
  PLY: /cluster/medbow/project/3dllms/melgin/datasets/3d-grand_unzipped/3D-FRONT/e1a4a544-4918-42d9-b659-c332e05335fa/LivingRoom-33448/LivingRoom-33448.ply
  Vertices: 719,127
  Format: 3D-FRONT (double xyz, double normals, uchar RGB)
  Vertices: 719,127
  Vertex size: 51 bytes
  ✗ Error processing e1a4a544-4918-42d9-b659-c332e05335fa@LivingRoom-33448: RGBA values should be within 0-1 range
  Format: 3D-FRONT (double xyz, double normals, uchar RGB)
  Vertices: 549,088
  Vertex size: 51 bytes

Processing: e1ade7a0-9d88-4394-b0ca-7ac957e7facb@Bedroom-3130
  PLY: /cluster/medbow/project/3dllms/melgin/datasets/3d-grand_unzipped/3D-FRONT/e1ade7a0-9d88-4394-b0ca-7ac957e7facb/Bedroom-3130/Bedroom-3130.ply
  Vertices: 549,088
  Format: 3D-FRONT (double xyz, double normals, uchar RGB)
  Vertices: 549,088
  Vertex size: 51 bytes
  ✗ Error processing e1ade7a0-9d88-4394-b0ca-7ac957e7facb@Bedroom-3130: RGBA values should be within 0-1 range
  Format: 3D-FRONT (double xyz, double normals, uchar RGB)
  Vertices: 370,042
  Vertex size: 51 bytes

Processing: e1ade7a0-9d88-4394-b0ca-7ac957e7facb@Library-2611
  PLY: /cluster/medbow/project/3dllms/melgin/datasets/3d-grand_unzipped/3D-FRONT/e1ade7a0-9d88-4394-b0ca-7ac957e7facb/Library-2611/Library-2611.ply
  Vertices: 370,042
  Format: 3D-FRONT (double xyz, double normals, uchar RGB)
  Vertices: 370,042
  Vertex size: 51 bytes
  ✗ Error processing e1ade7a0-9d88-4394-b0ca-7ac957e7facb@Library-2611: RGBA values should be within 0-1 range
  Format: 3D-FRONT (double xyz, double normals, uchar RGB)
  Vertices: 1,192,715
  Vertex size: 51 bytes

Processing: e1ade7a0-9d88-4394-b0ca-7ac957e7facb@LivingDiningRoom-4587
  PLY: /cluster/medbow/project/3dllms/melgin/datasets/3d-grand_unzipped/3D-FRONT/e1ade7a0-9d88-4394-b0ca-7ac957e7facb/LivingDiningRoom-4587/LivingDiningRoom-4587.ply
  Vertices: 1,192,715
  Format: 3D-FRONT (double xyz, double normals, uchar RGB)
  Vertices: 1,192,715
  Vertex size: 51 bytes
  ✗ Error processing e1ade7a0-9d88-4394-b0ca-7ac957e7facb@LivingDiningRoom-4587: RGBA values should be within 0-1 range
  Format: 3D-FRONT (double xyz, double normals, uchar RGB)
  Vertices: 1,201,453
  Vertex size: 51 bytes

Processing: e1b50a25-5422-4307-8b9c-24ad0bb8d8bc@LivingDiningRoom-25562
  PLY: /cluster/medbow/project/3dllms/melgin/datasets/3d-grand_unzipped/3D-FRONT/e1b50a25-5422-4307-8b9c-24ad0bb8d8bc/LivingDiningRoom-25562/LivingDiningRoom-25562.ply
  Vertices: 1,201,453
  Format: 3D-FRONT (double xyz, double normals, uchar RGB)
  Vertices: 1,201,453
  Vertex size: 51 bytes
  ✗ Error processing e1b50a25-5422-4307-8b9c-24ad0bb8d8bc@LivingDiningRoom-25562: RGBA values should be within 0-1 range
  Format: 3D-FRONT (double xyz, double normals, uchar RGB)
  Vertices: 354,046
  Vertex size: 51 bytes

Processing: e1b50a25-5422-4307-8b9c-24ad0bb8d8bc@MasterBedroom-24635
  PLY: /cluster/medbow/project/3dllms/melgin/datasets/3d-grand_unzipped/3D-FRONT/e1b50a25-5422-4307-8b9c-24ad0bb8d8bc/MasterBedroom-24635/MasterBedroom-24635.ply
  Vertices: 354,046
  Format: 3D-FRONT (double xyz, double normals, uchar RGB)
  Vertices: 354,046
  Vertex size: 51 bytes
  ✗ Error processing e1b50a25-5422-4307-8b9c-24ad0bb8d8bc@MasterBedroom-24635: RGBA values should be within 0-1 range
  Format: 3D-FRONT (double xyz, double normals, uchar RGB)
  Vertices: 350,424
  Vertex size: 51 bytes

Processing: 03cd0e8a-1d94-4228-9d66-e01101830526@SecondBedroom-11377
  PLY: /cluster/medbow/project/3dllms/melgin/datasets/3d-grand_unzipped/3D-FRONT/03cd0e8a-1d94-4228-9d66-e01101830526/SecondBedroom-11377/SecondBedroom-11377.ply
  Vertices: 350,424
  Format: 3D-FRONT (double xyz, double normals, uchar RGB)
  Vertices: 350,424
  Vertex size: 51 bytes
  ✗ Error processing 03cd0e8a-1d94-4228-9d66-e01101830526@SecondBedroom-11377: RGBA values should be within 0-1 range
  Format: 3D-FRONT (double xyz, double normals, uchar RGB)
  Vertices: 334,371
  Vertex size: 51 bytes

Processing: e1beeab5-1299-4241-95ed-2843243e9a2b@ElderlyRoom-3259
  PLY: /cluster/medbow/project/3dllms/melgin/datasets/3d-grand_unzipped/3D-FRONT/e1beeab5-1299-4241-95ed-2843243e9a2b/ElderlyRoom-3259/ElderlyRoom-3259.ply
  Vertices: 334,371
  Format: 3D-FRONT (double xyz, double normals, uchar RGB)
  Vertices: 334,371
  Vertex size: 51 bytes
  ✗ Error processing e1beeab5-1299-4241-95ed-2843243e9a2b@ElderlyRoom-3259: RGBA values should be within 0-1 range
  Format: 3D-FRONT (double xyz, double normals, uchar RGB)
  Vertices: 272,254
  Vertex size: 51 bytes

Processing: e1beeab5-1299-4241-95ed-2843243e9a2b@KidsRoom-335
  PLY: /cluster/medbow/project/3dllms/melgin/datasets/3d-grand_unzipped/3D-FRONT/e1beeab5-1299-4241-95ed-2843243e9a2b/KidsRoom-335/KidsRoom-335.ply
  Vertices: 272,254
  Format: 3D-FRONT (double xyz, double normals, uchar RGB)
  Vertices: 272,254
  Vertex size: 51 bytes
  ✗ Error processing e1beeab5-1299-4241-95ed-2843243e9a2b@KidsRoom-335: RGBA values should be within 0-1 range
  Format: 3D-FRONT (double xyz, double normals, uchar RGB)
  Vertices: 372,385
  Vertex size: 51 bytes

Processing: e1beeab5-1299-4241-95ed-2843243e9a2b@MasterBedroom-1199
  PLY: /cluster/medbow/project/3dllms/melgin/datasets/3d-grand_unzipped/3D-FRONT/e1beeab5-1299-4241-95ed-2843243e9a2b/MasterBedroom-1199/MasterBedroom-1199.ply
  Vertices: 372,385
  Format: 3D-FRONT (double xyz, double normals, uchar RGB)
  Vertices: 372,385
  Vertex size: 51 bytes
  ✗ Error processing e1beeab5-1299-4241-95ed-2843243e9a2b@MasterBedroom-1199: RGBA values should be within 0-1 range
  Format: 3D-FRONT (double xyz, double normals, uchar RGB)
  Vertices: 1,767,960
  Vertex size: 51 bytes

Processing: e1c6b002-7d08-437d-8981-9642be46f5c0@LivingDiningRoom-6151
  PLY: /cluster/medbow/project/3dllms/melgin/datasets/3d-grand_unzipped/3D-FRONT/e1c6b002-7d08-437d-8981-9642be46f5c0/LivingDiningRoom-6151/LivingDiningRoom-6151.ply
  Vertices: 1,767,960
  Format: 3D-FRONT (double xyz, double normals, uchar RGB)
  Vertices: 1,767,960
  Vertex size: 51 bytes
  ✗ Error processing e1c6b002-7d08-437d-8981-9642be46f5c0@LivingDiningRoom-6151: RGBA values should be within 0-1 range
  Format: 3D-FRONT (double xyz, double normals, uchar RGB)
  Vertices: 523,841
  Vertex size: 51 bytes

Processing: e1c6b002-7d08-437d-8981-9642be46f5c0@MasterBedroom-6296
  PLY: /cluster/medbow/project/3dllms/melgin/datasets/3d-grand_unzipped/3D-FRONT/e1c6b002-7d08-437d-8981-9642be46f5c0/MasterBedroom-6296/MasterBedroom-6296.ply
  Vertices: 523,841
  Format: 3D-FRONT (double xyz, double normals, uchar RGB)
  Vertices: 523,841
  Vertex size: 51 bytes
  ✗ Error processing e1c6b002-7d08-437d-8981-9642be46f5c0@MasterBedroom-6296: RGBA values should be within 0-1 range
  Format: 3D-FRONT (double xyz, double normals, uchar RGB)
  Vertices: 473,481
  Vertex size: 51 bytes

Processing: e1c6b002-7d08-437d-8981-9642be46f5c0@SecondBedroom-6249
  PLY: /cluster/medbow/project/3dllms/melgin/datasets/3d-grand_unzipped/3D-FRONT/e1c6b002-7d08-437d-8981-9642be46f5c0/SecondBedroom-6249/SecondBedroom-6249.ply
  Vertices: 473,481
  Format: 3D-FRONT (double xyz, double normals, uchar RGB)
  Vertices: 473,481
  Vertex size: 51 bytes
  ✗ Error processing e1c6b002-7d08-437d-8981-9642be46f5c0@SecondBedroom-6249: RGBA values should be within 0-1 range
  Format: 3D-FRONT (double xyz, double normals, uchar RGB)
  Vertices: 1,159,657
  Vertex size: 51 bytes

Processing: e1c89bbb-0337-46b7-ac45-21e17ae29d91@LivingDiningRoom-34906
  PLY: /cluster/medbow/project/3dllms/melgin/datasets/3d-grand_unzipped/3D-FRONT/e1c89bbb-0337-46b7-ac45-21e17ae29d91/LivingDiningRoom-34906/LivingDiningRoom-34906.ply
  Vertices: 1,159,657
  Format: 3D-FRONT (double xyz, double normals, uchar RGB)
  Vertices: 1,159,657
  Vertex size: 51 bytes
  ✗ Error processing e1c89bbb-0337-46b7-ac45-21e17ae29d91@LivingDiningRoom-34906: RGBA values should be within 0-1 range
  Format: 3D-FRONT (double xyz, double normals, uchar RGB)
  Vertices: 524,407
  Vertex size: 51 bytes

Processing: e1c89bbb-0337-46b7-ac45-21e17ae29d91@MasterBedroom-33650
  PLY: /cluster/medbow/project/3dllms/melgin/datasets/3d-grand_unzipped/3D-FRONT/e1c89bbb-0337-46b7-ac45-21e17ae29d91/MasterBedroom-33650/MasterBedroom-33650.ply
  Vertices: 524,407
  Format: 3D-FRONT (double xyz, double normals, uchar RGB)
  Vertices: 524,407
  Vertex size: 51 bytes
  ✗ Error processing e1c89bbb-0337-46b7-ac45-21e17ae29d91@MasterBedroom-33650: RGBA values should be within 0-1 range
  Format: 3D-FRONT (double xyz, double normals, uchar RGB)
  Vertices: 287,021
  Vertex size: 51 bytes

Processing: e1c89bbb-0337-46b7-ac45-21e17ae29d91@SecondBedroom-34464
  PLY: /cluster/medbow/project/3dllms/melgin/datasets/3d-grand_unzipped/3D-FRONT/e1c89bbb-0337-46b7-ac45-21e17ae29d91/SecondBedroom-34464/SecondBedroom-34464.ply
  Vertices: 287,021
  Format: 3D-FRONT (double xyz, double normals, uchar RGB)
  Vertices: 287,021
  Vertex size: 51 bytes
  ✗ Error processing e1c89bbb-0337-46b7-ac45-21e17ae29d91@SecondBedroom-34464: RGBA values should be within 0-1 range
  Format: 3D-FRONT (double xyz, double normals, uchar RGB)
  Vertices: 440,667
  Vertex size: 51 bytes

Processing: e1d1eb29-7078-4ab7-9428-6ced49369bf9@Bedroom-1070
  PLY: /cluster/medbow/project/3dllms/melgin/datasets/3d-grand_unzipped/3D-FRONT/e1d1eb29-7078-4ab7-9428-6ced49369bf9/Bedroom-1070/Bedroom-1070.ply
  Vertices: 440,667
  Format: 3D-FRONT (double xyz, double normals, uchar RGB)
  Vertices: 440,667
  Vertex size: 51 bytes
  ✗ Error processing e1d1eb29-7078-4ab7-9428-6ced49369bf9@Bedroom-1070: RGBA values should be within 0-1 range
  Format: 3D-FRONT (double xyz, double normals, uchar RGB)
  Vertices: 589,215
  Vertex size: 51 bytes

Processing: e1d1eb29-7078-4ab7-9428-6ced49369bf9@Bedroom-1469
  PLY: /cluster/medbow/project/3dllms/melgin/datasets/3d-grand_unzipped/3D-FRONT/e1d1eb29-7078-4ab7-9428-6ced49369bf9/Bedroom-1469/Bedroom-1469.ply
  Vertices: 589,215
  Format: 3D-FRONT (double xyz, double normals, uchar RGB)
  Vertices: 589,215
  Vertex size: 51 bytes
  ✗ Error processing e1d1eb29-7078-4ab7-9428-6ced49369bf9@Bedroom-1469: RGBA values should be within 0-1 range
  Format: 3D-FRONT (double xyz, double normals, uchar RGB)
  Vertices: 1,183,731
  Vertex size: 51 bytes

Processing: e1d1eb29-7078-4ab7-9428-6ced49369bf9@LivingDiningRoom-1482
  PLY: /cluster/medbow/project/3dllms/melgin/datasets/3d-grand_unzipped/3D-FRONT/e1d1eb29-7078-4ab7-9428-6ced49369bf9/LivingDiningRoom-1482/LivingDiningRoom-1482.ply
  Vertices: 1,183,731
  Format: 3D-FRONT (double xyz, double normals, uchar RGB)
  Vertices: 1,183,731
  Vertex size: 51 bytes
  ✗ Error processing e1d1eb29-7078-4ab7-9428-6ced49369bf9@LivingDiningRoom-1482: RGBA values should be within 0-1 range
  Format: 3D-FRONT (double xyz, double normals, uchar RGB)
  Vertices: 212,818
  Vertex size: 51 bytes

Processing: d65507af-393d-47c1-9cc5-aa68c6d2365d@DiningRoom-2240
  PLY: /cluster/medbow/project/3dllms/melgin/datasets/3d-grand_unzipped/3D-FRONT/d65507af-393d-47c1-9cc5-aa68c6d2365d/DiningRoom-2240/DiningRoom-2240.ply
  Vertices: 212,818
  Format: 3D-FRONT (double xyz, double normals, uchar RGB)
  Vertices: 212,818
  Vertex size: 51 bytes
  ✗ Error processing d65507af-393d-47c1-9cc5-aa68c6d2365d@DiningRoom-2240: RGBA values should be within 0-1 range
  Format: 3D-FRONT (double xyz, double normals, uchar RGB)
  Vertices: 1,331,169
  Vertex size: 51 bytes

Processing: e1d87fdc-c05f-4cca-8b11-c7d002fbc36b@LivingRoom-28092
  PLY: /cluster/medbow/project/3dllms/melgin/datasets/3d-grand_unzipped/3D-FRONT/e1d87fdc-c05f-4cca-8b11-c7d002fbc36b/LivingRoom-28092/LivingRoom-28092.ply
  Vertices: 1,331,169
  Format: 3D-FRONT (double xyz, double normals, uchar RGB)
  Vertices: 1,331,169
  Vertex size: 51 bytes
  ✗ Error processing e1d87fdc-c05f-4cca-8b11-c7d002fbc36b@LivingRoom-28092: RGBA values should be within 0-1 range
  Format: 3D-FRONT (double xyz, double normals, uchar RGB)
  Vertices: 633,970
  Vertex size: 51 bytes

Processing: e1d87fdc-c05f-4cca-8b11-c7d002fbc36b@MasterBedroom-28111
  PLY: /cluster/medbow/project/3dllms/melgin/datasets/3d-grand_unzipped/3D-FRONT/e1d87fdc-c05f-4cca-8b11-c7d002fbc36b/MasterBedroom-28111/MasterBedroom-28111.ply
  Vertices: 633,970
  Format: 3D-FRONT (double xyz, double normals, uchar RGB)
  Vertices: 633,970
  Vertex size: 51 bytes
  ✗ Error processing e1d87fdc-c05f-4cca-8b11-c7d002fbc36b@MasterBedroom-28111: RGBA values should be within 0-1 range
  Format: 3D-FRONT (double xyz, double normals, uchar RGB)
  Vertices: 472,379
  Vertex size: 51 bytes

Processing: e1db6b8d-a61e-42fa-afd7-5e55bcf305c4@DiningRoom-1379
  PLY: /cluster/medbow/project/3dllms/melgin/datasets/3d-grand_unzipped/3D-FRONT/e1db6b8d-a61e-42fa-afd7-5e55bcf305c4/DiningRoom-1379/DiningRoom-1379.ply
  Vertices: 472,379
  Format: 3D-FRONT (double xyz, double normals, uchar RGB)
  Vertices: 472,379
  Vertex size: 51 bytes
  ✗ Error processing e1db6b8d-a61e-42fa-afd7-5e55bcf305c4@DiningRoom-1379: RGBA values should be within 0-1 range
  Format: 3D-FRONT (double xyz, double normals, uchar RGB)
  Vertices: 396,265
  Vertex size: 51 bytes

Processing: e1db6b8d-a61e-42fa-afd7-5e55bcf305c4@KidsRoom-101528
  PLY: /cluster/medbow/project/3dllms/melgin/datasets/3d-grand_unzipped/3D-FRONT/e1db6b8d-a61e-42fa-afd7-5e55bcf305c4/KidsRoom-101528/KidsRoom-101528.ply
  Vertices: 396,265
  Format: 3D-FRONT (double xyz, double normals, uchar RGB)
  Vertices: 396,265
  Vertex size: 51 bytes
  ✗ Error processing e1db6b8d-a61e-42fa-afd7-5e55bcf305c4@KidsRoom-101528: RGBA values should be within 0-1 range
  Format: 3D-FRONT (double xyz, double normals, uchar RGB)
  Vertices: 748,986
  Vertex size: 51 bytes

Processing: e1db6b8d-a61e-42fa-afd7-5e55bcf305c4@LivingRoom-213550
  PLY: /cluster/medbow/project/3dllms/melgin/datasets/3d-grand_unzipped/3D-FRONT/e1db6b8d-a61e-42fa-afd7-5e55bcf305c4/LivingRoom-213550/LivingRoom-213550.ply
  Vertices: 748,986
  Format: 3D-FRONT (double xyz, double normals, uchar RGB)
  Vertices: 748,986
  Vertex size: 51 bytes
  ✗ Error processing e1db6b8d-a61e-42fa-afd7-5e55bcf305c4@LivingRoom-213550: RGBA values should be within 0-1 range
  Format: 3D-FRONT (double xyz, double normals, uchar RGB)
  Vertices: 377,547
  Vertex size: 51 bytes

Processing: e1db6b8d-a61e-42fa-afd7-5e55bcf305c4@MasterBedroom-14865
  PLY: /cluster/medbow/project/3dllms/melgin/datasets/3d-grand_unzipped/3D-FRONT/e1db6b8d-a61e-42fa-afd7-5e55bcf305c4/MasterBedroom-14865/MasterBedroom-14865.ply
  Vertices: 377,547
  Format: 3D-FRONT (double xyz, double normals, uchar RGB)
  Vertices: 377,547
  Vertex size: 51 bytes
  ✗ Error processing e1db6b8d-a61e-42fa-afd7-5e55bcf305c4@MasterBedroom-14865: RGBA values should be within 0-1 range
  Format: 3D-FRONT (double xyz, double normals, uchar RGB)
  Vertices: 350,531
  Vertex size: 51 bytes

Processing: e1b50a25-5422-4307-8b9c-24ad0bb8d8bc@SecondBedroom-24878
  PLY: /cluster/medbow/project/3dllms/melgin/datasets/3d-grand_unzipped/3D-FRONT/e1b50a25-5422-4307-8b9c-24ad0bb8d8bc/SecondBedroom-24878/SecondBedroom-24878.ply
  Vertices: 350,531
  Format: 3D-FRONT (double xyz, double normals, uchar RGB)
  Vertices: 350,531
  Vertex size: 51 bytes
  ✗ Error processing e1b50a25-5422-4307-8b9c-24ad0bb8d8bc@SecondBedroom-24878: RGBA values should be within 0-1 range
  Format: 3D-FRONT (double xyz, double normals, uchar RGB)
  Vertices: 963,390
  Vertex size: 51 bytes

Processing: e204b7e3-c59c-4368-a61a-d8035e7ea06c@Bedroom-9661
  PLY: /cluster/medbow/project/3dllms/melgin/datasets/3d-grand_unzipped/3D-FRONT/e204b7e3-c59c-4368-a61a-d8035e7ea06c/Bedroom-9661/Bedroom-9661.ply
  Vertices: 963,390
  Format: 3D-FRONT (double xyz, double normals, uchar RGB)
  Vertices: 963,390
  Vertex size: 51 bytes
  ✗ Error processing e204b7e3-c59c-4368-a61a-d8035e7ea06c@Bedroom-9661: RGBA values should be within 0-1 range
  Format: 3D-FRONT (double xyz, double normals, uchar RGB)
  Vertices: 517,571
  Vertex size: 51 bytes

Processing: e204b7e3-c59c-4368-a61a-d8035e7ea06c@KidsRoom-6754
  PLY: /cluster/medbow/project/3dllms/melgin/datasets/3d-grand_unzipped/3D-FRONT/e204b7e3-c59c-4368-a61a-d8035e7ea06c/KidsRoom-6754/KidsRoom-6754.ply
  Vertices: 517,571
  Format: 3D-FRONT (double xyz, double normals, uchar RGB)
  Vertices: 517,571
  Vertex size: 51 bytes
  ✗ Error processing e204b7e3-c59c-4368-a61a-d8035e7ea06c@KidsRoom-6754: RGBA values should be within 0-1 range
  Format: 3D-FRONT (double xyz, double normals, uchar RGB)
  Vertices: 1,045,375
  Vertex size: 51 bytes

Processing: e204b7e3-c59c-4368-a61a-d8035e7ea06c@LivingDiningRoom-9241
  PLY: /cluster/medbow/project/3dllms/melgin/datasets/3d-grand_unzipped/3D-FRONT/e204b7e3-c59c-4368-a61a-d8035e7ea06c/LivingDiningRoom-9241/LivingDiningRoom-9241.ply
  Vertices: 1,045,375
  Format: 3D-FRONT (double xyz, double normals, uchar RGB)
  Vertices: 1,045,375
  Vertex size: 51 bytes
  ✗ Error processing e204b7e3-c59c-4368-a61a-d8035e7ea06c@LivingDiningRoom-9241: RGBA values should be within 0-1 range
  Format: 3D-FRONT (double xyz, double normals, uchar RGB)
  Vertices: 872,128
  Vertex size: 51 bytes

Processing: e20789bf-a507-404d-8a44-0eb2e1bf8410@LivingRoom-33726
  PLY: /cluster/medbow/project/3dllms/melgin/datasets/3d-grand_unzipped/3D-FRONT/e20789bf-a507-404d-8a44-0eb2e1bf8410/LivingRoom-33726/LivingRoom-33726.ply
  Vertices: 872,128
  Format: 3D-FRONT (double xyz, double normals, uchar RGB)
  Vertices: 872,128
  Vertex size: 51 bytes
  ✗ Error processing e20789bf-a507-404d-8a44-0eb2e1bf8410@LivingRoom-33726: RGBA values should be within 0-1 range
  Format: 3D-FRONT (double xyz, double normals, uchar RGB)
  Vertices: 933,896
  Vertex size: 51 bytes

Processing: e2104869-2823-4736-9e92-bc25fd7c9502@LivingRoom-39485
  PLY: /cluster/medbow/project/3dllms/melgin/datasets/3d-grand_unzipped/3D-FRONT/e2104869-2823-4736-9e92-bc25fd7c9502/LivingRoom-39485/LivingRoom-39485.ply
  Vertices: 933,896
  Format: 3D-FRONT (double xyz, double normals, uchar RGB)
  Vertices: 933,896
  Vertex size: 51 bytes
  ✗ Error processing e2104869-2823-4736-9e92-bc25fd7c9502@LivingRoom-39485: RGBA values should be within 0-1 range
  Format: 3D-FRONT (double xyz, double normals, uchar RGB)
  Vertices: 774,518
  Vertex size: 51 bytes

Processing: e2104869-2823-4736-9e92-bc25fd7c9502@MasterBedroom-38443
  PLY: /cluster/medbow/project/3dllms/melgin/datasets/3d-grand_unzipped/3D-FRONT/e2104869-2823-4736-9e92-bc25fd7c9502/MasterBedroom-38443/MasterBedroom-38443.ply
  Vertices: 774,518
  Format: 3D-FRONT (double xyz, double normals, uchar RGB)
  Vertices: 774,518
  Vertex size: 51 bytes
  ✗ Error processing e2104869-2823-4736-9e92-bc25fd7c9502@MasterBedroom-38443: RGBA values should be within 0-1 range
  Format: 3D-FRONT (double xyz, double normals, uchar RGB)
  Vertices: 1,056,723
  Vertex size: 51 bytes

Processing: e2232752-01e2-4276-8abe-4314243d9b13@LivingDiningRoom-1573
  PLY: /cluster/medbow/project/3dllms/melgin/datasets/3d-grand_unzipped/3D-FRONT/e2232752-01e2-4276-8abe-4314243d9b13/LivingDiningRoom-1573/LivingDiningRoom-1573.ply
  Vertices: 1,056,723
  Format: 3D-FRONT (double xyz, double normals, uchar RGB)
  Vertices: 1,056,723
  Vertex size: 51 bytes
  ✗ Error processing e2232752-01e2-4276-8abe-4314243d9b13@LivingDiningRoom-1573: RGBA values should be within 0-1 range
  Format: 3D-FRONT (double xyz, double normals, uchar RGB)
  Vertices: 691,357
  Vertex size: 51 bytes

Processing: e2232752-01e2-4276-8abe-4314243d9b13@MasterBedroom-3822
  PLY: /cluster/medbow/project/3dllms/melgin/datasets/3d-grand_unzipped/3D-FRONT/e2232752-01e2-4276-8abe-4314243d9b13/MasterBedroom-3822/MasterBedroom-3822.ply
  Vertices: 691,357
  Format: 3D-FRONT (double xyz, double normals, uchar RGB)
  Vertices: 691,357
  Vertex size: 51 bytes
  ✗ Error processing e2232752-01e2-4276-8abe-4314243d9b13@MasterBedroom-3822: RGBA values should be within 0-1 range
  Format: 3D-FRONT (double xyz, double normals, uchar RGB)
  Vertices: 687,830
  Vertex size: 51 bytes

Processing: e2232752-01e2-4276-8abe-4314243d9b13@SecondBedroom-8154
  PLY: /cluster/medbow/project/3dllms/melgin/datasets/3d-grand_unzipped/3D-FRONT/e2232752-01e2-4276-8abe-4314243d9b13/SecondBedroom-8154/SecondBedroom-8154.ply
  Vertices: 687,830
  Format: 3D-FRONT (double xyz, double normals, uchar RGB)
  Vertices: 687,830
  Vertex size: 51 bytes
  ✗ Error processing e2232752-01e2-4276-8abe-4314243d9b13@SecondBedroom-8154: RGBA values should be within 0-1 range
  Format: 3D-FRONT (double xyz, double normals, uchar RGB)
  Vertices: 1,268,979
  Vertex size: 51 bytes

Processing: e22c70fa-8427-4337-bf22-23496bd5a0a4@LivingDiningRoom-12442
  PLY: /cluster/medbow/project/3dllms/melgin/datasets/3d-grand_unzipped/3D-FRONT/e22c70fa-8427-4337-bf22-23496bd5a0a4/LivingDiningRoom-12442/LivingDiningRoom-12442.ply
  Vertices: 1,268,979
  Format: 3D-FRONT (double xyz, double normals, uchar RGB)
  Vertices: 1,268,979
  Vertex size: 51 bytes
  ✗ Error processing e22c70fa-8427-4337-bf22-23496bd5a0a4@LivingDiningRoom-12442: RGBA values should be within 0-1 range
  Format: 3D-FRONT (double xyz, double normals, uchar RGB)
  Vertices: 559,100
  Vertex size: 51 bytes

Processing: e22c70fa-8427-4337-bf22-23496bd5a0a4@MasterBedroom-11557
  PLY: /cluster/medbow/project/3dllms/melgin/datasets/3d-grand_unzipped/3D-FRONT/e22c70fa-8427-4337-bf22-23496bd5a0a4/MasterBedroom-11557/MasterBedroom-11557.ply
  Vertices: 559,100
  Format: 3D-FRONT (double xyz, double normals, uchar RGB)
  Vertices: 559,100
  Vertex size: 51 bytes
  ✗ Error processing e22c70fa-8427-4337-bf22-23496bd5a0a4@MasterBedroom-11557: RGBA values should be within 0-1 range
  Format: 3D-FRONT (double xyz, double normals, uchar RGB)
  Vertices: 460,749
  Vertex size: 51 bytes

Processing: e22c70fa-8427-4337-bf22-23496bd5a0a4@SecondBedroom-11456
  PLY: /cluster/medbow/project/3dllms/melgin/datasets/3d-grand_unzipped/3D-FRONT/e22c70fa-8427-4337-bf22-23496bd5a0a4/SecondBedroom-11456/SecondBedroom-11456.ply
  Vertices: 460,749
  Format: 3D-FRONT (double xyz, double normals, uchar RGB)
  Vertices: 460,749
  Vertex size: 51 bytes
  ✗ Error processing e22c70fa-8427-4337-bf22-23496bd5a0a4@SecondBedroom-11456: RGBA values should be within 0-1 range
  Format: 3D-FRONT (double xyz, double normals, uchar RGB)
  Vertices: 1,223,949
  Vertex size: 51 bytes

Processing: e249a0e2-e0ef-4af4-81ab-945e6973e53f@LivingDiningRoom-1991
  PLY: /cluster/medbow/project/3dllms/melgin/datasets/3d-grand_unzipped/3D-FRONT/e249a0e2-e0ef-4af4-81ab-945e6973e53f/LivingDiningRoom-1991/LivingDiningRoom-1991.ply
  Vertices: 1,223,949
  Format: 3D-FRONT (double xyz, double normals, uchar RGB)
  Vertices: 1,223,949
  Vertex size: 51 bytes
  ✗ Error processing e249a0e2-e0ef-4af4-81ab-945e6973e53f@LivingDiningRoom-1991: RGBA values should be within 0-1 range
  Format: 3D-FRONT (double xyz, double normals, uchar RGB)
  Vertices: 968,671
  Vertex size: 51 bytes

Processing: e264eaef-b6d4-49b0-8876-9a64a629b8c6@Bedroom-113166
  PLY: /cluster/medbow/project/3dllms/melgin/datasets/3d-grand_unzipped/3D-FRONT/e264eaef-b6d4-49b0-8876-9a64a629b8c6/Bedroom-113166/Bedroom-113166.ply
  Vertices: 968,671
  Format: 3D-FRONT (double xyz, double normals, uchar RGB)
  Vertices: 968,671
  Vertex size: 51 bytes
  ✗ Error processing e264eaef-b6d4-49b0-8876-9a64a629b8c6@Bedroom-113166: RGBA values should be within 0-1 range
  Format: 3D-FRONT (double xyz, double normals, uchar RGB)
  Vertices: 751,119
  Vertex size: 51 bytes

Processing: e27ef0ee-1cd3-41b5-8472-b4000520fa37@Bedroom-518
  PLY: /cluster/medbow/project/3dllms/melgin/datasets/3d-grand_unzipped/3D-FRONT/e27ef0ee-1cd3-41b5-8472-b4000520fa37/Bedroom-518/Bedroom-518.ply
  Vertices: 751,119
  Format: 3D-FRONT (double xyz, double normals, uchar RGB)
  Vertices: 751,119
  Vertex size: 51 bytes
  ✗ Error processing e27ef0ee-1cd3-41b5-8472-b4000520fa37@Bedroom-518: RGBA values should be within 0-1 range
  Format: 3D-FRONT (double xyz, double normals, uchar RGB)
  Vertices: 18,970
  Vertex size: 51 bytes

Processing: e2959e3e-5835-49a7-b26e-1e7ed7c136b3@Bedroom-9816
  PLY: /cluster/medbow/project/3dllms/melgin/datasets/3d-grand_unzipped/3D-FRONT/e2959e3e-5835-49a7-b26e-1e7ed7c136b3/Bedroom-9816/Bedroom-9816.ply
  Vertices: 18,970
  Format: 3D-FRONT (double xyz, double normals, uchar RGB)
  Vertices: 18,970
  Vertex size: 51 bytes
  ✗ Error processing e2959e3e-5835-49a7-b26e-1e7ed7c136b3@Bedroom-9816: RGBA values should be within 0-1 range
  Format: 3D-FRONT (double xyz, double normals, uchar RGB)
  Vertices: 320,733
  Vertex size: 51 bytes

Processing: e2959e3e-5835-49a7-b26e-1e7ed7c136b3@Bedroom-9835
  PLY: /cluster/medbow/project/3dllms/melgin/datasets/3d-grand_unzipped/3D-FRONT/e2959e3e-5835-49a7-b26e-1e7ed7c136b3/Bedroom-9835/Bedroom-9835.ply
  Vertices: 320,733
  Format: 3D-FRONT (double xyz, double normals, uchar RGB)
  Vertices: 320,733
  Vertex size: 51 bytes
  ✗ Error processing e2959e3e-5835-49a7-b26e-1e7ed7c136b3@Bedroom-9835: RGBA values should be within 0-1 range
  Format: 3D-FRONT (double xyz, double normals, uchar RGB)
  Vertices: 1,212,379
  Vertex size: 51 bytes

Processing: e2959e3e-5835-49a7-b26e-1e7ed7c136b3@DiningRoom-9791
  PLY: /cluster/medbow/project/3dllms/melgin/datasets/3d-grand_unzipped/3D-FRONT/e2959e3e-5835-49a7-b26e-1e7ed7c136b3/DiningRoom-9791/DiningRoom-9791.ply
  Vertices: 1,212,379
  Format: 3D-FRONT (double xyz, double normals, uchar RGB)
  Vertices: 1,212,379
  Vertex size: 51 bytes
  ✗ Error processing e2959e3e-5835-49a7-b26e-1e7ed7c136b3@DiningRoom-9791: RGBA values should be within 0-1 range
  Format: 3D-FRONT (double xyz, double normals, uchar RGB)
  Vertices: 1,618,205
  Vertex size: 51 bytes

Processing: e2bae01c-2956-4025-8b86-7a8592b9e831@LivingRoom-4321
  PLY: /cluster/medbow/project/3dllms/melgin/datasets/3d-grand_unzipped/3D-FRONT/e2bae01c-2956-4025-8b86-7a8592b9e831/LivingRoom-4321/LivingRoom-4321.ply
  Vertices: 1,618,205
  Format: 3D-FRONT (double xyz, double normals, uchar RGB)
  Vertices: 1,618,205
  Vertex size: 51 bytes
  ✗ Error processing e2bae01c-2956-4025-8b86-7a8592b9e831@LivingRoom-4321: RGBA values should be within 0-1 range
  Format: 3D-FRONT (double xyz, double normals, uchar RGB)
  Vertices: 691,708
  Vertex size: 51 bytes

Processing: e2bae01c-2956-4025-8b86-7a8592b9e831@MasterBedroom-29555
  PLY: /cluster/medbow/project/3dllms/melgin/datasets/3d-grand_unzipped/3D-FRONT/e2bae01c-2956-4025-8b86-7a8592b9e831/MasterBedroom-29555/MasterBedroom-29555.ply
  Vertices: 691,708
  Format: 3D-FRONT (double xyz, double normals, uchar RGB)
  Vertices: 691,708
  Vertex size: 51 bytes
  ✗ Error processing e2bae01c-2956-4025-8b86-7a8592b9e831@MasterBedroom-29555: RGBA values should be within 0-1 range
  Format: 3D-FRONT (double xyz, double normals, uchar RGB)
  Vertices: 13,813
  Vertex size: 51 bytes

Processing: e2bae01c-2956-4025-8b86-7a8592b9e831@SecondBedroom-6082
  PLY: /cluster/medbow/project/3dllms/melgin/datasets/3d-grand_unzipped/3D-FRONT/e2bae01c-2956-4025-8b86-7a8592b9e831/SecondBedroom-6082/SecondBedroom-6082.ply
  Vertices: 13,813
  Format: 3D-FRONT (double xyz, double normals, uchar RGB)
  Vertices: 13,813
  Vertex size: 51 bytes
  ✗ Error processing e2bae01c-2956-4025-8b86-7a8592b9e831@SecondBedroom-6082: RGBA values should be within 0-1 range
  Format: 3D-FRONT (double xyz, double normals, uchar RGB)
  Vertices: 1,294,028
  Vertex size: 51 bytes

Processing: e2c21ee1-02d6-400e-86ec-cd4c39505f68@LivingDiningRoom-1917
  PLY: /cluster/medbow/project/3dllms/melgin/datasets/3d-grand_unzipped/3D-FRONT/e2c21ee1-02d6-400e-86ec-cd4c39505f68/LivingDiningRoom-1917/LivingDiningRoom-1917.ply
  Vertices: 1,294,028
  Format: 3D-FRONT (double xyz, double normals, uchar RGB)
  Vertices: 1,294,028
  Vertex size: 51 bytes
  ✗ Error processing e2c21ee1-02d6-400e-86ec-cd4c39505f68@LivingDiningRoom-1917: RGBA values should be within 0-1 range
  Format: 3D-FRONT (double xyz, double normals, uchar RGB)
  Vertices: 617,150
  Vertex size: 51 bytes

Processing: e2c21ee1-02d6-400e-86ec-cd4c39505f68@MasterBedroom-620
  PLY: /cluster/medbow/project/3dllms/melgin/datasets/3d-grand_unzipped/3D-FRONT/e2c21ee1-02d6-400e-86ec-cd4c39505f68/MasterBedroom-620/MasterBedroom-620.ply
  Vertices: 617,150
  Format: 3D-FRONT (double xyz, double normals, uchar RGB)
  Vertices: 617,150
  Vertex size: 51 bytes
  ✗ Error processing e2c21ee1-02d6-400e-86ec-cd4c39505f68@MasterBedroom-620: RGBA values should be within 0-1 range
  Format: 3D-FRONT (double xyz, double normals, uchar RGB)
  Vertices: 485,517
  Vertex size: 51 bytes

Processing: e2c21ee1-02d6-400e-86ec-cd4c39505f68@SecondBedroom-1898
  PLY: /cluster/medbow/project/3dllms/melgin/datasets/3d-grand_unzipped/3D-FRONT/e2c21ee1-02d6-400e-86ec-cd4c39505f68/SecondBedroom-1898/SecondBedroom-1898.ply
  Vertices: 485,517
  Format: 3D-FRONT (double xyz, double normals, uchar RGB)
  Vertices: 485,517
  Vertex size: 51 bytes
  ✗ Error processing e2c21ee1-02d6-400e-86ec-cd4c39505f68@SecondBedroom-1898: RGBA values should be within 0-1 range
  Format: 3D-FRONT (double xyz, double normals, uchar RGB)
  Vertices: 57,644
  Vertex size: 51 bytes

Processing: e2c54d64-ce34-4ace-a9ad-a79407cd383a@Bedroom-583
  PLY: /cluster/medbow/project/3dllms/melgin/datasets/3d-grand_unzipped/3D-FRONT/e2c54d64-ce34-4ace-a9ad-a79407cd383a/Bedroom-583/Bedroom-583.ply
  Vertices: 57,644
  Format: 3D-FRONT (double xyz, double normals, uchar RGB)
  Vertices: 57,644
  Vertex size: 51 bytes
  ✗ Error processing e2c54d64-ce34-4ace-a9ad-a79407cd383a@Bedroom-583: RGBA values should be within 0-1 range
  Format: 3D-FRONT (double xyz, double normals, uchar RGB)
  Vertices: 685,840
  Vertex size: 51 bytes

Processing: e2c54d64-ce34-4ace-a9ad-a79407cd383a@Bedroom-647
  PLY: /cluster/medbow/project/3dllms/melgin/datasets/3d-grand_unzipped/3D-FRONT/e2c54d64-ce34-4ace-a9ad-a79407cd383a/Bedroom-647/Bedroom-647.ply
  Vertices: 685,840
  Format: 3D-FRONT (double xyz, double normals, uchar RGB)
  Vertices: 685,840
  Vertex size: 51 bytes
  ✗ Error processing e2c54d64-ce34-4ace-a9ad-a79407cd383a@Bedroom-647: RGBA values should be within 0-1 range
  Format: 3D-FRONT (double xyz, double normals, uchar RGB)
  Vertices: 1,383,995
  Vertex size: 51 bytes

Processing: e2c54d64-ce34-4ace-a9ad-a79407cd383a@LivingDiningRoom-277
  PLY: /cluster/medbow/project/3dllms/melgin/datasets/3d-grand_unzipped/3D-FRONT/e2c54d64-ce34-4ace-a9ad-a79407cd383a/LivingDiningRoom-277/LivingDiningRoom-277.ply
  Vertices: 1,383,995
  Format: 3D-FRONT (double xyz, double normals, uchar RGB)
  Vertices: 1,383,995
  Vertex size: 51 bytes
  ✗ Error processing e2c54d64-ce34-4ace-a9ad-a79407cd383a@LivingDiningRoom-277: RGBA values should be within 0-1 range

======================================================================
SUMMARY
======================================================================
Successful: 0/99
Failed:     99/99
Output dir: /cluster/medbow/project/3dllms/melgin/datasets/3D-FRONT_processed

End time: Wed Oct  8 16:39:09 MDT 2025
======================================================================

End time: Wed Oct  8 16:39:09 MDT 2025
==========================================
