==========================================
3D-FRONT Preprocessing - Array Job 28
==========================================
Job ID: 44229451
Array Task ID: 28
Node: mbl40s-007
Start time: Wed Oct  8 16:39:07 MDT 2025

Python: /project/3dllms/melgin/conda/envs/lavis/bin/python
Conda env: lavis

NVIDIA L40S, 46068 MiB, 45469 MiB

Processing point clouds 2772 to 2870
Estimated count: 99

======================================================================
3D-FRONT Preprocessing - Array Job 28
======================================================================
Job ID: 44229451
Array Task ID: 28
Node: mbl40s-007
Start time: Wed Oct  8 16:39:16 MDT 2025

Python: /project/3dllms/melgin/conda/envs/lavis/bin/python3
Conda env: lavis

NVIDIA L40S, 45468 MiB, 45036 MiB

Processing point clouds 2772 to 2870
Estimated count: 99

Loading BLIP2 model...
Model loaded successfully!

